#
# There is insufficient memory for the Java Runtime Environment to continue.
# Native memory allocation (malloc) failed to allocate 2097152 bytes. Error detail: AllocateHeap
# Possible reasons:
#   The system is out of physical RAM or swap space
#   This process is running with CompressedOops enabled, and the Java Heap may be blocking the growth of the native heap
# Possible solutions:
#   Reduce memory load on the system
#   Increase physical memory or swap space
#   Check if swap backing store is full
#   Decrease Java heap size (-Xmx/-Xms)
#   Decrease number of Java threads
#   Decrease Java thread stack sizes (-Xss)
#   Set larger code cache with -XX:ReservedCodeCacheSize=
#   JVM is running with Unscaled Compressed Oops mode in which the Java heap is
#     placed in the first 4GB address space. The Java Heap base address is the
#     maximum limit for the native heap growth. Please use -XX:HeapBaseMinAddress
#     to set the Java Heap base and to place the Java Heap above 4GB virtual address.
# This output file may be truncated or incomplete.
#
#  Out of Memory Error (allocation.cpp:44), pid=16256, tid=12980
#
# JRE version: OpenJDK Runtime Environment Microsoft-13877171 (21.0.11+10) (build 21.0.11+10-LTS)
# Java VM: OpenJDK 64-Bit Server VM Microsoft-13877171 (21.0.11+10-LTS, mixed mode, sharing, tiered, compressed oops, compressed class ptrs, g1 gc, windows-amd64)
# No core dump will be written. Minidumps are not enabled by default on client versions of Windows
#

---------------  S U M M A R Y ------------

Command Line: -XX:MaxMetaspaceSize=64m --add-opens=java.base/java.util=ALL-UNNAMED --add-opens=java.base/java.lang=ALL-UNNAMED --add-opens=java.base/java.lang.invoke=ALL-UNNAMED --add-opens=java.prefs/java.util.prefs=ALL-UNNAMED --add-opens=java.base/java.nio.charset=ALL-UNNAMED --add-opens=java.base/java.net=ALL-UNNAMED --add-opens=java.base/java.util.concurrent.atomic=ALL-UNNAMED -Xms64m -Xmx64m -Dfile.encoding=UTF-8 -Duser.country -Duser.language=en -Duser.variant -javaagent:C:\Users\DELL\.gradle\wrapper\dists\gradle-8.8-bin\dl7vupf4psengwqhwktix4v1\gradle-8.8\lib\agents\gradle-instrumentation-agent-8.8.jar org.gradle.launcher.daemon.bootstrap.GradleDaemon 8.8

Host: 13th Gen Intel(R) Core(TM) i7-1355U, 12 cores, 15G,  Windows 11 , 64 bit Build 26100 (10.0.26100.8328)
Time: Fri May 22 16:02:47 2026 SE Asia Standard Time elapsed time: 15.633982 seconds (0d 0h 0m 15s)

---------------  T H R E A D  ---------------

Current thread (0x0000024c5d7897c0):  VMThread "VM Thread"          [id=12980, stack(0x000000fb27400000,0x000000fb27500000) (1024K)]

Stack: [0x000000fb27400000,0x000000fb27500000]
Native frames: (J=compiled Java code, j=interpreted, Vv=VM code, C=native code)
V  [jvm.dll+0x6e0429]  (no source info available)
V  [jvm.dll+0x8c057b]  (no source info available)
V  [jvm.dll+0x8c2b0a]  (no source info available)
V  [jvm.dll+0x8c31e3]  (no source info available)
V  [jvm.dll+0x28ac66]  (no source info available)
V  [jvm.dll+0xc3d77]  (no source info available)
V  [jvm.dll+0x357d2e]  (no source info available)
V  [jvm.dll+0x3529de]  (no source info available)
V  [jvm.dll+0x33aef7]  (no source info available)
V  [jvm.dll+0x33dfba]  (no source info available)
V  [jvm.dll+0x33de6d]  (no source info available)
V  [jvm.dll+0x37e136]  (no source info available)
V  [jvm.dll+0x8c8f4f]  (no source info available)
V  [jvm.dll+0x8ca433]  (no source info available)
V  [jvm.dll+0x8ca9a4]  (no source info available)
V  [jvm.dll+0x8caaa3]  (no source info available)
V  [jvm.dll+0x86b2bd]  (no source info available)
V  [jvm.dll+0x6e19dd]  (no source info available)
C  [ucrtbase.dll+0x37b0]  (no source info available)
C  [KERNEL32.DLL+0x2e957]  (no source info available)
C  [ntdll.dll+0x427c]  (no source info available)

VM_Operation (0x000000fb28cf4ec0): G1CollectForAllocation, mode: safepoint, requested by thread 0x0000024c6883f7d0


---------------  P R O C E S S  ---------------

Threads class SMR info:
_java_thread_list=0x0000024c67b00700, length=69, elements={
0x0000024c42e0fc80, 0x0000024c5d7a9820, 0x0000024c5d7ac290, 0x0000024c5d7b1120,
0x0000024c5d7b3610, 0x0000024c5d7b3ca0, 0x0000024c5d7b2260, 0x0000024c5d7c3120,
0x0000024c5d7e80e0, 0x0000024c5d7b28f0, 0x0000024c5d7b4330, 0x0000024c5d7b5050,
0x0000024c5d7b1bd0, 0x0000024c5d7b2f80, 0x0000024c6883fe60, 0x0000024c6883c9e0,
0x0000024c6883d070, 0x0000024c6883f7d0, 0x0000024c6883d700, 0x0000024c6883eab0,
0x0000024c68841210, 0x0000024c6883e420, 0x0000024c688404f0, 0x0000024c6883dd90,
0x0000024c6883f140, 0x0000024c688418a0, 0x0000024c68842c50, 0x0000024c68843970,
0x0000024c68841f30, 0x0000024c688432e0, 0x0000024c688425c0, 0x0000024c69344970,
0x0000024c69345d20, 0x0000024c693463b0, 0x0000024c69346a40, 0x0000024c693470d0,
0x0000024c69347760, 0x0000024c69347df0, 0x0000024c69348480, 0x0000024c69348b10,
0x0000024c69345690, 0x0000024c6934b900, 0x0000024c69349830, 0x0000024c6934b270,
0x0000024c6a1c5e90, 0x0000024c6a1c99a0, 0x0000024c6a1c9310, 0x0000024c6a1c6bb0,
0x0000024c6a1c7240, 0x0000024c6a1c6520, 0x0000024c6a1c78d0, 0x0000024c6a1ca030,
0x0000024c6a1c85f0, 0x0000024c6a1ca6c0, 0x0000024c6a1cb3e0, 0x0000024c6a1c7f60,
0x0000024c6a1cc100, 0x0000024c6a1cba70, 0x0000024c6a1c8c80, 0x0000024c6a1cce20,
0x0000024c6a1cc790, 0x0000024c6a1cd4b0, 0x0000024c6aa32c00, 0x0000024c6aa34cd0,
0x0000024c6aa33290, 0x0000024c6aa33fb0, 0x0000024c6aa359f0, 0x0000024c6b91d510,
0x0000024c69536a70
}

Java Threads: ( => current thread )
  0x0000024c42e0fc80 JavaThread "main"                              [_thread_blocked, id=3924, stack(0x000000fb26d00000,0x000000fb26e00000) (1024K)]
  0x0000024c5d7a9820 JavaThread "Reference Handler"          daemon [_thread_blocked, id=24132, stack(0x000000fb27500000,0x000000fb27600000) (1024K)]
  0x0000024c5d7ac290 JavaThread "Finalizer"                  daemon [_thread_blocked, id=19804, stack(0x000000fb27600000,0x000000fb27700000) (1024K)]
  0x0000024c5d7b1120 JavaThread "Signal Dispatcher"          daemon [_thread_blocked, id=21200, stack(0x000000fb27700000,0x000000fb27800000) (1024K)]
  0x0000024c5d7b3610 JavaThread "Attach Listener"            daemon [_thread_blocked, id=20184, stack(0x000000fb27800000,0x000000fb27900000) (1024K)]
  0x0000024c5d7b3ca0 JavaThread "Service Thread"             daemon [_thread_blocked, id=17368, stack(0x000000fb27900000,0x000000fb27a00000) (1024K)]
  0x0000024c5d7b2260 JavaThread "Monitor Deflation Thread"   daemon [_thread_blocked, id=17244, stack(0x000000fb27a00000,0x000000fb27b00000) (1024K)]
  0x0000024c5d7c3120 JavaThread "C2 CompilerThread0"         daemon [_thread_in_native, id=21116, stack(0x000000fb27b00000,0x000000fb27c00000) (1024K)]
  0x0000024c5d7e80e0 JavaThread "C1 CompilerThread0"         daemon [_thread_blocked, id=15356, stack(0x000000fb27c00000,0x000000fb27d00000) (1024K)]
  0x0000024c5d7b28f0 JavaThread "Common-Cleaner"             daemon [_thread_blocked, id=18728, stack(0x000000fb27d00000,0x000000fb27e00000) (1024K)]
  0x0000024c5d7b4330 JavaThread "Notification Thread"        daemon [_thread_blocked, id=6780, stack(0x000000fb27e00000,0x000000fb27f00000) (1024K)]
  0x0000024c5d7b5050 JavaThread "Daemon health stats"               [_thread_blocked, id=3640, stack(0x000000fb28600000,0x000000fb28700000) (1024K)]
  0x0000024c5d7b1bd0 JavaThread "Incoming local TCP Connector on port 63185"        [_thread_in_native, id=8952, stack(0x000000fb28700000,0x000000fb28800000) (1024K)]
  0x0000024c5d7b2f80 JavaThread "Daemon periodic checks"            [_thread_blocked, id=10364, stack(0x000000fb28800000,0x000000fb28900000) (1024K)]
  0x0000024c6883fe60 JavaThread "Daemon"                            [_thread_blocked, id=21784, stack(0x000000fb28900000,0x000000fb28a00000) (1024K)]
  0x0000024c6883c9e0 JavaThread "Handler for socket connection from /127.0.0.1:63185 to /127.0.0.1:63186"        [_thread_in_native, id=6360, stack(0x000000fb28a00000,0x000000fb28b00000) (1024K)]
  0x0000024c6883d070 JavaThread "Cancel handler"                    [_thread_blocked, id=11384, stack(0x000000fb28b00000,0x000000fb28c00000) (1024K)]
  0x0000024c6883f7d0 JavaThread "Daemon worker"                     [_thread_blocked, id=23956, stack(0x000000fb28c00000,0x000000fb28d00000) (1024K)]
  0x0000024c6883d700 JavaThread "Asynchronous log dispatcher for DefaultDaemonConnection: socket connection from /127.0.0.1:63185 to /127.0.0.1:63186"        [_thread_blocked, id=25476, stack(0x000000fb28d00000,0x000000fb28e00000) (1024K)]
  0x0000024c6883eab0 JavaThread "Stdin handler"                     [_thread_blocked, id=17396, stack(0x000000fb28e00000,0x000000fb28f00000) (1024K)]
  0x0000024c68841210 JavaThread "Daemon client event forwarder"        [_thread_blocked, id=13956, stack(0x000000fb28f00000,0x000000fb29000000) (1024K)]
  0x0000024c6883e420 JavaThread "Cache worker for journal cache (C:\Users\DELL\.gradle\caches\journal-1)"        [_thread_blocked, id=11128, stack(0x000000fb29300000,0x000000fb29400000) (1024K)]
  0x0000024c688404f0 JavaThread "File lock request listener"        [_thread_in_native, id=21812, stack(0x000000fb29400000,0x000000fb29500000) (1024K)]
  0x0000024c6883dd90 JavaThread "Cache worker for file hash cache (C:\Users\DELL\.gradle\caches\8.8\fileHashes)"        [_thread_blocked, id=14620, stack(0x000000fb29500000,0x000000fb29600000) (1024K)]
  0x0000024c6883f140 JavaThread "Cache worker for file hash cache (C:\Users\DELL\Downloads\lesson1\IgMini\.gradle\8.8\fileHashes)"        [_thread_blocked, id=14028, stack(0x000000fb29900000,0x000000fb29a00000) (1024K)]
  0x0000024c688418a0 JavaThread "File watcher server"        daemon [_thread_in_native, id=14076, stack(0x000000fb29a00000,0x000000fb29b00000) (1024K)]
  0x0000024c68842c50 JavaThread "File watcher consumer"      daemon [_thread_blocked, id=19316, stack(0x000000fb29b00000,0x000000fb29c00000) (1024K)]
  0x0000024c68843970 JavaThread "jar transforms"                    [_thread_blocked, id=3832, stack(0x000000fb29600000,0x000000fb29700000) (1024K)]
  0x0000024c68841f30 JavaThread "jar transforms Thread 2"           [_thread_blocked, id=25080, stack(0x000000fb29c00000,0x000000fb29d00000) (1024K)]
  0x0000024c688432e0 JavaThread "jar transforms Thread 3"           [_thread_blocked, id=25220, stack(0x000000fb29d00000,0x000000fb29e00000) (1024K)]
  0x0000024c688425c0 JavaThread "jar transforms Thread 4"           [_thread_blocked, id=13232, stack(0x000000fb29e00000,0x000000fb29f00000) (1024K)]
  0x0000024c69344970 JavaThread "jar transforms Thread 5"           [_thread_blocked, id=3324, stack(0x000000fb29f00000,0x000000fb2a000000) (1024K)]
  0x0000024c69345d20 JavaThread "jar transforms Thread 6"           [_thread_blocked, id=21596, stack(0x000000fb2a000000,0x000000fb2a100000) (1024K)]
  0x0000024c693463b0 JavaThread "jar transforms Thread 7"           [_thread_blocked, id=25488, stack(0x000000fb2a100000,0x000000fb2a200000) (1024K)]
  0x0000024c69346a40 JavaThread "jar transforms Thread 8"           [_thread_blocked, id=21796, stack(0x000000fb2a200000,0x000000fb2a300000) (1024K)]
  0x0000024c693470d0 JavaThread "jar transforms Thread 9"           [_thread_blocked, id=4444, stack(0x000000fb2a300000,0x000000fb2a400000) (1024K)]
  0x0000024c69347760 JavaThread "jar transforms Thread 10"          [_thread_blocked, id=9640, stack(0x000000fb2a400000,0x000000fb2a500000) (1024K)]
  0x0000024c69347df0 JavaThread "jar transforms Thread 11"          [_thread_blocked, id=15016, stack(0x000000fb2a500000,0x000000fb2a600000) (1024K)]
  0x0000024c69348480 JavaThread "jar transforms Thread 12"          [_thread_blocked, id=22780, stack(0x000000fb2a600000,0x000000fb2a700000) (1024K)]
  0x0000024c69348b10 JavaThread "Cache worker for checksums cache (C:\Users\DELL\Downloads\lesson1\IgMini\.gradle\8.8\checksums)"        [_thread_blocked, id=19916, stack(0x000000fb2a800000,0x000000fb2a900000) (1024K)]
  0x0000024c69345690 JavaThread "Cache worker for file content cache (C:\Users\DELL\.gradle\caches\8.8\fileContent)"        [_thread_blocked, id=21540, stack(0x000000fb2a900000,0x000000fb2aa00000) (1024K)]
  0x0000024c6934b900 JavaThread "Cache worker for cache directory md-rule (C:\Users\DELL\.gradle\caches\8.8\md-rule)"        [_thread_blocked, id=16920, stack(0x000000fb2aa00000,0x000000fb2ab00000) (1024K)]
  0x0000024c69349830 JavaThread "Cache worker for cache directory md-supplier (C:\Users\DELL\.gradle\caches\8.8\md-supplier)"        [_thread_blocked, id=20944, stack(0x000000fb2ab00000,0x000000fb2ac00000) (1024K)]
  0x0000024c6934b270 JavaThread "Unconstrained build operations"        [_thread_blocked, id=21756, stack(0x000000fb2ac00000,0x000000fb2ad00000) (1024K)]
  0x0000024c6a1c5e90 JavaThread "Unconstrained build operations Thread 2"        [_thread_blocked, id=15976, stack(0x000000fb2ad00000,0x000000fb2ae00000) (1024K)]
  0x0000024c6a1c99a0 JavaThread "Unconstrained build operations Thread 3"        [_thread_blocked, id=14568, stack(0x000000fb2ae00000,0x000000fb2af00000) (1024K)]
  0x0000024c6a1c9310 JavaThread "Unconstrained build operations Thread 4"        [_thread_blocked, id=25544, stack(0x000000fb2af00000,0x000000fb2b000000) (1024K)]
  0x0000024c6a1c6bb0 JavaThread "Unconstrained build operations Thread 5"        [_thread_blocked, id=23716, stack(0x000000fb2b000000,0x000000fb2b100000) (1024K)]
  0x0000024c6a1c7240 JavaThread "Unconstrained build operations Thread 6"        [_thread_blocked, id=23172, stack(0x000000fb2b100000,0x000000fb2b200000) (1024K)]
  0x0000024c6a1c6520 JavaThread "Unconstrained build operations Thread 7"        [_thread_blocked, id=16824, stack(0x000000fb2b200000,0x000000fb2b300000) (1024K)]
  0x0000024c6a1c78d0 JavaThread "Unconstrained build operations Thread 8"        [_thread_blocked, id=1996, stack(0x000000fb2b300000,0x000000fb2b400000) (1024K)]
  0x0000024c6a1ca030 JavaThread "Unconstrained build operations Thread 9"        [_thread_blocked, id=9200, stack(0x000000fb2b400000,0x000000fb2b500000) (1024K)]
  0x0000024c6a1c85f0 JavaThread "Unconstrained build operations Thread 10"        [_thread_blocked, id=24320, stack(0x000000fb2b500000,0x000000fb2b600000) (1024K)]
  0x0000024c6a1ca6c0 JavaThread "Unconstrained build operations Thread 11"        [_thread_blocked, id=20160, stack(0x000000fb2b600000,0x000000fb2b700000) (1024K)]
  0x0000024c6a1cb3e0 JavaThread "Unconstrained build operations Thread 12"        [_thread_blocked, id=24232, stack(0x000000fb2b700000,0x000000fb2b800000) (1024K)]
  0x0000024c6a1c7f60 JavaThread "Unconstrained build operations Thread 13"        [_thread_blocked, id=24672, stack(0x000000fb2b800000,0x000000fb2b900000) (1024K)]
  0x0000024c6a1cc100 JavaThread "Unconstrained build operations Thread 14"        [_thread_blocked, id=12224, stack(0x000000fb2b900000,0x000000fb2ba00000) (1024K)]
  0x0000024c6a1cba70 JavaThread "Unconstrained build operations Thread 15"        [_thread_blocked, id=24436, stack(0x000000fb2ba00000,0x000000fb2bb00000) (1024K)]
  0x0000024c6a1c8c80 JavaThread "Unconstrained build operations Thread 16"        [_thread_blocked, id=2328, stack(0x000000fb2bb00000,0x000000fb2bc00000) (1024K)]
  0x0000024c6a1cce20 JavaThread "Unconstrained build operations Thread 17"        [_thread_blocked, id=10600, stack(0x000000fb2bc00000,0x000000fb2bd00000) (1024K)]
  0x0000024c6a1cc790 JavaThread "Unconstrained build operations Thread 18"        [_thread_blocked, id=9248, stack(0x000000fb2bd00000,0x000000fb2be00000) (1024K)]
  0x0000024c6a1cd4b0 JavaThread "Unconstrained build operations Thread 19"        [_thread_blocked, id=23556, stack(0x000000fb2be00000,0x000000fb2bf00000) (1024K)]
  0x0000024c6aa32c00 JavaThread "Unconstrained build operations Thread 20"        [_thread_blocked, id=16928, stack(0x000000fb2bf00000,0x000000fb2c000000) (1024K)]
  0x0000024c6aa34cd0 JavaThread "Unconstrained build operations Thread 21"        [_thread_blocked, id=23140, stack(0x000000fb2c000000,0x000000fb2c100000) (1024K)]
  0x0000024c6aa33290 JavaThread "Unconstrained build operations Thread 22"        [_thread_blocked, id=19760, stack(0x000000fb2c100000,0x000000fb2c200000) (1024K)]
  0x0000024c6aa33fb0 JavaThread "Cache worker for Build Output Cleanup Cache (C:\Users\DELL\Downloads\lesson1\IgMini\.gradle\buildOutputCleanup)"        [_thread_blocked, id=14392, stack(0x000000fb27f00000,0x000000fb28000000) (1024K)]
  0x0000024c6aa359f0 JavaThread "Memory manager"                    [_thread_blocked, id=15392, stack(0x000000fb2a700000,0x000000fb2a800000) (1024K)]
  0x0000024c6b91d510 JavaThread "C2 CompilerThread1"         daemon [_thread_blocked, id=12948, stack(0x000000fb2c200000,0x000000fb2c300000) (1024K)]
  0x0000024c69536a70 JavaThread "C2 CompilerThread2"         daemon [_thread_in_native, id=21156, stack(0x000000fb2c300000,0x000000fb2c400000) (1024K)]
Total: 69

Other Threads:
=>0x0000024c5d7897c0 VMThread "VM Thread"                           [id=12980, stack(0x000000fb27400000,0x000000fb27500000) (1024K)]
  0x0000024c5d77a980 WatcherThread "VM Periodic Task Thread"        [id=25400, stack(0x000000fb27300000,0x000000fb27400000) (1024K)]
  0x0000024c42e2d810 WorkerThread "GC Thread#0"                     [id=9584, stack(0x000000fb26e00000,0x000000fb26f00000) (1024K)]
  0x0000024c676868f0 WorkerThread "GC Thread#1"                     [id=24720, stack(0x000000fb28000000,0x000000fb28100000) (1024K)]
  0x0000024c6720ee10 WorkerThread "GC Thread#2"                     [id=5296, stack(0x000000fb28100000,0x000000fb28200000) (1024K)]
  0x0000024c678d5650 WorkerThread "GC Thread#3"                     [id=16068, stack(0x000000fb28200000,0x000000fb28300000) (1024K)]
  0x0000024c677df990 WorkerThread "GC Thread#4"                     [id=10592, stack(0x000000fb28300000,0x000000fb28400000) (1024K)]
  0x0000024c688028e0 WorkerThread "GC Thread#5"                     [id=16356, stack(0x000000fb28500000,0x000000fb28600000) (1024K)]
  0x0000024c68142c90 WorkerThread "GC Thread#6"                     [id=24820, stack(0x000000fb28400000,0x000000fb28500000) (1024K)]
  0x0000024c688c5e30 WorkerThread "GC Thread#7"                     [id=24388, stack(0x000000fb29000000,0x000000fb29100000) (1024K)]
  0x0000024c68a69ee0 WorkerThread "GC Thread#8"                     [id=15588, stack(0x000000fb29100000,0x000000fb29200000) (1024K)]
  0x0000024c68a69b30 WorkerThread "GC Thread#9"                     [id=21660, stack(0x000000fb29200000,0x000000fb29300000) (1024K)]
  0x0000024c42e2ef10 ConcurrentGCThread "G1 Main Marker"            [id=24152, stack(0x000000fb26f00000,0x000000fb27000000) (1024K)]
  0x0000024c42e307b0 WorkerThread "G1 Conc#0"                       [id=1776, stack(0x000000fb27000000,0x000000fb27100000) (1024K)]
  0x0000024c6ab6b030 WorkerThread "G1 Conc#1"                       [id=24164, stack(0x000000fb29700000,0x000000fb29800000) (1024K)]
  0x0000024c6ab6a8d0 WorkerThread "G1 Conc#2"                       [id=13852, stack(0x000000fb29800000,0x000000fb29900000) (1024K)]
  0x0000024c5d6514a0 ConcurrentGCThread "G1 Refine#0"               [id=18732, stack(0x000000fb27100000,0x000000fb27200000) (1024K)]
  0x0000024c42ec9c80 ConcurrentGCThread "G1 Service"                [id=8476, stack(0x000000fb27200000,0x000000fb27300000) (1024K)]
Total: 18

Threads with active compile tasks:
C2 CompilerThread0  15649 7818       4       java.lang.Class::privateGetPublicMethods (224 bytes)
C2 CompilerThread1  15649 7869       4       java.util.TimSort::gallopRight (335 bytes)
C2 CompilerThread2  15649 7848       4       java.util.TimSort::gallopLeft (335 bytes)
Total: 3

VM state: at safepoint (normal execution)

VM Mutex/Monitor currently owned by a thread:  ([mutex/lock_event])
[0x00007ff882a2b8b0] Threads_lock - owner thread: 0x0000024c5d7897c0
[0x00007ff882a2b9b0] Heap_lock - owner thread: 0x0000024c6883f7d0

Heap address: 0x00000000fc000000, size: 64 MB, Compressed Oops mode: 32-bit

CDS archive(s) mapped at: [0x0000024c5e000000-0x0000024c5ec80000-0x0000024c5ec80000), size 13107200, SharedBaseAddress: 0x0000024c5e000000, ArchiveRelocationMode: 1.
Compressed class space mapped at: 0x0000024c5f000000-0x0000024c63000000, reserved size: 67108864
Narrow klass base: 0x0000024c5e000000, Narrow klass shift: 0, Narrow klass range: 0x100000000

GC Precious Log:
 CardTable entry size: 512
 Card Set container configuration: InlinePtr #cards 5 size 8 Array Of Cards #cards 12 size 40 Howl #buckets 4 coarsen threshold 1843 Howl Bitmap #cards 512 size 80 coarsen threshold 460 Card regions per heap region 1 cards per card region 2048
 CPUs: 12 total, 12 available
 Memory: 16068M
 Large Page Support: Disabled
 NUMA Support: Disabled
 Compressed Oops: Enabled (32-bit)
 Heap Region Size: 1M
 Heap Min Capacity: 64M
 Heap Initial Capacity: 64M
 Heap Max Capacity: 64M
 Pre-touch: Disabled
 Parallel Workers: 10
 Concurrent Workers: 3
 Concurrent Refinement Workers: 10
 Periodic GC: Disabled

Heap:
 garbage-first heap   total 65536K, used 64611K [0x00000000fc000000, 0x0000000100000000)
  region size 1024K, 0 young (0K), 0 survivors (0K)
 Metaspace       used 57361K, committed 58368K, reserved 131072K
  class space    used 8210K, committed 8640K, reserved 65536K

Heap Regions: E=young(eden), S=young(survivor), O=old, HS=humongous(starts), HC=humongous(continues), CS=collection set, F=free, TAMS=top-at-mark-start, PB=parsable bottom
|   0|0x00000000fc000000, 0x00000000fc100000, 0x00000000fc100000|100%|HS|  |TAMS 0x00000000fc100000| PB 0x00000000fc000000| Untracked 
|   1|0x00000000fc100000, 0x00000000fc200000, 0x00000000fc200000|100%|HC|  |TAMS 0x00000000fc200000| PB 0x00000000fc100000| Untracked 
|   2|0x00000000fc200000, 0x00000000fc300000, 0x00000000fc300000|100%|HC|  |TAMS 0x00000000fc300000| PB 0x00000000fc200000| Untracked 
|   3|0x00000000fc300000, 0x00000000fc400000, 0x00000000fc400000|100%|HC|  |TAMS 0x00000000fc400000| PB 0x00000000fc300000| Untracked 
|   4|0x00000000fc400000, 0x00000000fc500000, 0x00000000fc500000|100%| O|  |TAMS 0x00000000fc500000| PB 0x00000000fc400000| Untracked 
|   5|0x00000000fc500000, 0x00000000fc600000, 0x00000000fc600000|100%| O|  |TAMS 0x00000000fc600000| PB 0x00000000fc500000| Untracked 
|   6|0x00000000fc600000, 0x00000000fc700000, 0x00000000fc700000|100%| O|  |TAMS 0x00000000fc700000| PB 0x00000000fc600000| Untracked 
|   7|0x00000000fc700000, 0x00000000fc7ffff8, 0x00000000fc800000| 99%| O|  |TAMS 0x00000000fc7ffff8| PB 0x00000000fc700000| Untracked 
|   8|0x00000000fc800000, 0x00000000fc8ffff0, 0x00000000fc900000| 99%| O|  |TAMS 0x00000000fc8ffff0| PB 0x00000000fc800000| Untracked 
|   9|0x00000000fc900000, 0x00000000fca00000, 0x00000000fca00000|100%| O|  |TAMS 0x00000000fca00000| PB 0x00000000fc900000| Untracked 
|  10|0x00000000fca00000, 0x00000000fcaffff0, 0x00000000fcb00000| 99%| O|  |TAMS 0x00000000fcaffff0| PB 0x00000000fca00000| Untracked 
|  11|0x00000000fcb00000, 0x00000000fcc00000, 0x00000000fcc00000|100%|HS|  |TAMS 0x00000000fcc00000| PB 0x00000000fcb00000| Untracked 
|  12|0x00000000fcc00000, 0x00000000fcd00000, 0x00000000fcd00000|100%| O|  |TAMS 0x00000000fcd00000| PB 0x00000000fcc00000| Untracked 
|  13|0x00000000fcd00000, 0x00000000fce00000, 0x00000000fce00000|100%| O|  |TAMS 0x00000000fce00000| PB 0x00000000fcd00000| Untracked 
|  14|0x00000000fce00000, 0x00000000fcf00000, 0x00000000fcf00000|100%| O|  |TAMS 0x00000000fcf00000| PB 0x00000000fce00000| Untracked 
|  15|0x00000000fcf00000, 0x00000000fcffffc8, 0x00000000fd000000| 99%| O|  |TAMS 0x00000000fcffffc8| PB 0x00000000fcf00000| Untracked 
|  16|0x00000000fd000000, 0x00000000fd0ffff8, 0x00000000fd100000| 99%| O|  |TAMS 0x00000000fd0ffff8| PB 0x00000000fd000000| Untracked 
|  17|0x00000000fd100000, 0x00000000fd1ffc40, 0x00000000fd200000| 99%| O|  |TAMS 0x00000000fd1ffc40| PB 0x00000000fd100000| Untracked 
|  18|0x00000000fd200000, 0x00000000fd2ffff8, 0x00000000fd300000| 99%| O|  |TAMS 0x00000000fd2ffff8| PB 0x00000000fd200000| Untracked 
|  19|0x00000000fd300000, 0x00000000fd400000, 0x00000000fd400000|100%| O|  |TAMS 0x00000000fd400000| PB 0x00000000fd300000| Untracked 
|  20|0x00000000fd400000, 0x00000000fd4ff048, 0x00000000fd500000| 99%| O|  |TAMS 0x00000000fd4ff048| PB 0x00000000fd400000| Untracked 
|  21|0x00000000fd500000, 0x00000000fd600000, 0x00000000fd600000|100%|HS|  |TAMS 0x00000000fd600000| PB 0x00000000fd500000| Untracked 
|  22|0x00000000fd600000, 0x00000000fd700000, 0x00000000fd700000|100%|HC|  |TAMS 0x00000000fd700000| PB 0x00000000fd600000| Untracked 
|  23|0x00000000fd700000, 0x00000000fd800000, 0x00000000fd800000|100%|HC|  |TAMS 0x00000000fd800000| PB 0x00000000fd700000| Untracked 
|  24|0x00000000fd800000, 0x00000000fd900000, 0x00000000fd900000|100%|HC|  |TAMS 0x00000000fd900000| PB 0x00000000fd800000| Untracked 
|  25|0x00000000fd900000, 0x00000000fda00000, 0x00000000fda00000|100%|HC|  |TAMS 0x00000000fda00000| PB 0x00000000fd900000| Untracked 
|  26|0x00000000fda00000, 0x00000000fdb00000, 0x00000000fdb00000|100%|HC|  |TAMS 0x00000000fdb00000| PB 0x00000000fda00000| Untracked 
|  27|0x00000000fdb00000, 0x00000000fdc00000, 0x00000000fdc00000|100%|HS|  |TAMS 0x00000000fdc00000| PB 0x00000000fdb00000| Untracked 
|  28|0x00000000fdc00000, 0x00000000fdd00000, 0x00000000fdd00000|100%|HS|  |TAMS 0x00000000fdd00000| PB 0x00000000fdc00000| Untracked 
|  29|0x00000000fdd00000, 0x00000000fddffff8, 0x00000000fde00000| 99%| O|  |TAMS 0x00000000fddffff8| PB 0x00000000fdd00000| Untracked 
|  30|0x00000000fde00000, 0x00000000fdefffe8, 0x00000000fdf00000| 99%| O|  |TAMS 0x00000000fdefffe8| PB 0x00000000fde00000| Untracked 
|  31|0x00000000fdf00000, 0x00000000fdfffff0, 0x00000000fe000000| 99%| O|  |TAMS 0x00000000fdfffff0| PB 0x00000000fdf00000| Untracked 
|  32|0x00000000fe000000, 0x00000000fe0fffe8, 0x00000000fe100000| 99%| O|  |TAMS 0x00000000fe0fffe8| PB 0x00000000fe000000| Untracked 
|  33|0x00000000fe100000, 0x00000000fe1ffff0, 0x00000000fe200000| 99%| O|  |TAMS 0x00000000fe1ffff0| PB 0x00000000fe100000| Untracked 
|  34|0x00000000fe200000, 0x00000000fe300000, 0x00000000fe300000|100%|HS|  |TAMS 0x00000000fe300000| PB 0x00000000fe200000| Untracked 
|  35|0x00000000fe300000, 0x00000000fe400000, 0x00000000fe400000|100%|HS|  |TAMS 0x00000000fe400000| PB 0x00000000fe300000| Untracked 
|  36|0x00000000fe400000, 0x00000000fe4ff2d8, 0x00000000fe500000| 99%| O|  |TAMS 0x00000000fe4ff2d8| PB 0x00000000fe400000| Untracked 
|  37|0x00000000fe500000, 0x00000000fe600000, 0x00000000fe600000|100%|HS|  |TAMS 0x00000000fe600000| PB 0x00000000fe500000| Untracked 
|  38|0x00000000fe600000, 0x00000000fe700000, 0x00000000fe700000|100%|HC|  |TAMS 0x00000000fe700000| PB 0x00000000fe600000| Untracked 
|  39|0x00000000fe700000, 0x00000000fe800000, 0x00000000fe800000|100%|HC|  |TAMS 0x00000000fe800000| PB 0x00000000fe700000| Untracked 
|  40|0x00000000fe800000, 0x00000000fe900000, 0x00000000fe900000|100%|HC|  |TAMS 0x00000000fe900000| PB 0x00000000fe800000| Untracked 
|  41|0x00000000fe900000, 0x00000000fea00000, 0x00000000fea00000|100%|HC|  |TAMS 0x00000000fea00000| PB 0x00000000fe900000| Untracked 
|  42|0x00000000fea00000, 0x00000000feb00000, 0x00000000feb00000|100%|HC|  |TAMS 0x00000000feb00000| PB 0x00000000fea00000| Untracked 
|  43|0x00000000feb00000, 0x00000000febfffd0, 0x00000000fec00000| 99%| O|  |TAMS 0x00000000febfffd0| PB 0x00000000feb00000| Untracked 
|  44|0x00000000fec00000, 0x00000000fecffff0, 0x00000000fed00000| 99%| O|  |TAMS 0x00000000fecffff0| PB 0x00000000fec00000| Untracked 
|  45|0x00000000fed00000, 0x00000000fedfff88, 0x00000000fee00000| 99%| O|  |TAMS 0x00000000fedfff88| PB 0x00000000fed00000| Untracked 
|  46|0x00000000fee00000, 0x00000000fef00000, 0x00000000fef00000|100%| O|  |TAMS 0x00000000fef00000| PB 0x00000000fee00000| Untracked 
|  47|0x00000000fef00000, 0x00000000feffffb8, 0x00000000ff000000| 99%| O|  |TAMS 0x00000000feffffb8| PB 0x00000000fef00000| Untracked 
|  48|0x00000000ff000000, 0x00000000ff0fff90, 0x00000000ff100000| 99%| O|  |TAMS 0x00000000ff0fff90| PB 0x00000000ff000000| Untracked 
|  49|0x00000000ff100000, 0x00000000ff1ffff8, 0x00000000ff200000| 99%| O|  |TAMS 0x00000000ff1ffff8| PB 0x00000000ff100000| Untracked 
|  50|0x00000000ff200000, 0x00000000ff2ffff0, 0x00000000ff300000| 99%| O|  |TAMS 0x00000000ff2ffff0| PB 0x00000000ff200000| Untracked 
|  51|0x00000000ff300000, 0x00000000ff400000, 0x00000000ff400000|100%| O|  |TAMS 0x00000000ff400000| PB 0x00000000ff300000| Untracked 
|  52|0x00000000ff400000, 0x00000000ff4fffe8, 0x00000000ff500000| 99%| O|  |TAMS 0x00000000ff4fffe8| PB 0x00000000ff400000| Untracked 
|  53|0x00000000ff500000, 0x00000000ff5f95e0, 0x00000000ff600000| 97%| O|  |TAMS 0x00000000ff5f95e0| PB 0x00000000ff500000| Untracked 
|  54|0x00000000ff600000, 0x00000000ff700000, 0x00000000ff700000|100%| O|  |TAMS 0x00000000ff700000| PB 0x00000000ff600000| Untracked 
|  55|0x00000000ff700000, 0x00000000ff7ffff8, 0x00000000ff800000| 99%| O|  |TAMS 0x00000000ff7ffff8| PB 0x00000000ff700000| Untracked 
|  56|0x00000000ff800000, 0x00000000ff900000, 0x00000000ff900000|100%| O|  |TAMS 0x00000000ff900000| PB 0x00000000ff800000| Untracked 
|  57|0x00000000ff900000, 0x00000000ff9ffff8, 0x00000000ffa00000| 99%| O|  |TAMS 0x00000000ff9ffff8| PB 0x00000000ff900000| Untracked 
|  58|0x00000000ffa00000, 0x00000000ffaf7308, 0x00000000ffb00000| 96%| O|  |TAMS 0x00000000ffaf7308| PB 0x00000000ffa00000| Untracked 
|  59|0x00000000ffb00000, 0x00000000ffbfffe0, 0x00000000ffc00000| 99%| O|  |TAMS 0x00000000ffbfffe0| PB 0x00000000ffb00000| Untracked 
|  60|0x00000000ffc00000, 0x00000000ffcffff8, 0x00000000ffd00000| 99%| O|  |TAMS 0x00000000ffcffff8| PB 0x00000000ffc00000| Untracked 
|  61|0x00000000ffd00000, 0x00000000ffd2a990, 0x00000000ffe00000| 16%| O|  |TAMS 0x00000000ffd2a990| PB 0x00000000ffd00000| Untracked 
|  62|0x00000000ffe00000, 0x00000000fff00000, 0x00000000fff00000|100%| O|  |TAMS 0x00000000fff00000| PB 0x00000000ffe00000| Untracked 
|  63|0x00000000fff00000, 0x0000000100000000, 0x0000000100000000|100%| O|  |TAMS 0x0000000100000000| PB 0x00000000fff00000| Untracked 

Card table byte_map: [0x0000024c40ec0000,0x0000024c40ee0000] _byte_map_base: 0x0000024c406e0000

Marking Bits: (CMBitMap*) 0x0000024c42e2de30
 Bits: [0x0000024c5aa90000, 0x0000024c5ab90000)

Polling page: 0x0000024c40e70000

Metaspace:

Usage:
  Non-class:     48.00 MB used.
      Class:      8.02 MB used.
       Both:     56.02 MB used.

Virtual space:
  Non-class space:       64.00 MB reserved,      48.56 MB ( 76%) committed,  1 nodes.
      Class space:       64.00 MB reserved,       8.44 MB ( 13%) committed,  1 nodes.
             Both:      128.00 MB reserved,      57.00 MB ( 45%) committed. 

Chunk freelists:
   Non-Class:  14.69 MB
       Class:  7.44 MB
        Both:  22.13 MB

MaxMetaspaceSize: 64.00 MB
CompressedClassSpaceSize: 64.00 MB
Initial GC threshold: 21.00 MB
Current GC threshold: 64.00 MB
CDS: on
 - commit_granule_bytes: 65536.
 - commit_granule_words: 8192.
 - virtual_space_node_default_size: 8388608.
 - enlarge_chunks_in_place: 1.
 - use_allocation_guard: 0.


Internal statistics:

num_allocs_failed_limit: 3.
num_arena_births: 4192.
num_arena_deaths: 2822.
num_vsnodes_births: 2.
num_vsnodes_deaths: 0.
num_space_committed: 912.
num_space_uncommitted: 0.
num_chunks_returned_to_freelist: 3242.
num_chunks_taken_from_freelist: 7938.
num_chunk_merges: 945.
num_chunk_splits: 4188.
num_chunks_enlarged: 2622.
num_inconsistent_stats: 0.

CodeHeap 'non-profiled nmethods': size=120000Kb used=4057Kb max_used=4057Kb free=115942Kb
 bounds [0x0000024c53010000, 0x0000024c53410000, 0x0000024c5a540000]
CodeHeap 'profiled nmethods': size=120000Kb used=11958Kb max_used=11958Kb free=108041Kb
 bounds [0x0000024c4b540000, 0x0000024c4c0f0000, 0x0000024c52a70000]
CodeHeap 'non-nmethods': size=5760Kb used=2606Kb max_used=2656Kb free=3153Kb
 bounds [0x0000024c52a70000, 0x0000024c52d10000, 0x0000024c53010000]
CodeCache: size=245760Kb, used=18621Kb, max_used=18671Kb, free=227136Kb
 total_blobs=7251, nmethods=6377, adapters=777, full_count=0
Compilation: enabled, stopped_count=0, restarted_count=0

Compilation events (20 events):
Event: 14.556 Thread 0x0000024c5d7e80e0 7867       3       com.sun.beans.TypeResolver::prepare (234 bytes)
Event: 14.558 Thread 0x0000024c5d7e80e0 nmethod 7867 0x0000024c4c0e9790 code [0x0000024c4c0e9c20, 0x0000024c4c0ec2d0]
Event: 14.558 Thread 0x0000024c5d7e80e0 7868       3       java.lang.reflect.Executable$$Lambda/0x0000024c5f566b50::apply (10 bytes)
Event: 14.558 Thread 0x0000024c5d7e80e0 nmethod 7868 0x0000024c4b578590 code [0x0000024c4b578740, 0x0000024c4b578a28]
Event: 14.593 Thread 0x0000024c6b91d510 nmethod 7846 0x0000024c53403b90 code [0x0000024c53403ee0, 0x0000024c534067c0]
Event: 14.593 Thread 0x0000024c5d7e80e0 7870       3       java.beans.PropertyDescriptor::getPropertyEditorClass (22 bytes)
Event: 14.593 Thread 0x0000024c5d7e80e0 nmethod 7870 0x0000024c4c062510 code [0x0000024c4c0626e0, 0x0000024c4c062a18]
Event: 14.594 Thread 0x0000024c6b91d510 7869       4       java.util.TimSort::gallopRight (335 bytes)
Event: 14.609 Thread 0x0000024c5d7e80e0 7871       3       java.util.Collections$SynchronizedCollection::iterator (10 bytes)
Event: 14.610 Thread 0x0000024c5d7e80e0 nmethod 7871 0x0000024c4b578110 code [0x0000024c4b5782c0, 0x0000024c4b578498]
Event: 14.610 Thread 0x0000024c5d7e80e0 7872  s    3       java.util.Hashtable::isEmpty (13 bytes)
Event: 14.610 Thread 0x0000024c5d7e80e0 nmethod 7872 0x0000024c4b577c90 code [0x0000024c4b577e40, 0x0000024c4b578060]
Event: 14.610 Thread 0x0000024c5d7e80e0 7873       3       java.util.Hashtable$Enumerator::<init> (51 bytes)
Event: 14.610 Thread 0x0000024c5d7e80e0 nmethod 7873 0x0000024c4b577710 code [0x0000024c4b5778c0, 0x0000024c4b577b08]
Event: 14.610 Thread 0x0000024c5d7e80e0 7874       3       java.util.Hashtable::entrySet (28 bytes)
Event: 14.610 Thread 0x0000024c5d7e80e0 nmethod 7874 0x0000024c4c0ecd10 code [0x0000024c4c0ecf20, 0x0000024c4c0ed658]
Event: 14.611 Thread 0x0000024c5d7e80e0 7875       3       java.util.Hashtable$EntrySet::iterator (9 bytes)
Event: 14.611 Thread 0x0000024c5d7e80e0 nmethod 7875 0x0000024c4c0ed890 code [0x0000024c4c0eda40, 0x0000024c4c0edb88]
Event: 14.611 Thread 0x0000024c5d7e80e0 7876       3       java.util.Hashtable::getIterator (22 bytes)
Event: 14.611 Thread 0x0000024c5d7e80e0 nmethod 7876 0x0000024c4c0edc90 code [0x0000024c4c0ede60, 0x0000024c4c0ee0e0]

GC Heap History (20 events):
Event: 14.424 GC heap after
{Heap after GC invocations=224 (full 30):
 garbage-first heap   total 65536K, used 62197K [0x00000000fc000000, 0x0000000100000000)
  region size 1024K, 0 young (0K), 0 survivors (0K)
 Metaspace       used 57332K, committed 58368K, reserved 131072K
  class space    used 8208K, committed 8640K, reserved 65536K
}
Event: 14.438 GC heap before
{Heap before GC invocations=224 (full 30):
 garbage-first heap   total 65536K, used 65269K [0x00000000fc000000, 0x0000000100000000)
  region size 1024K, 3 young (3072K), 0 survivors (0K)
 Metaspace       used 57335K, committed 58368K, reserved 131072K
  class space    used 8208K, committed 8640K, reserved 65536K
}
Event: 14.439 GC heap after
{Heap after GC invocations=225 (full 30):
 garbage-first heap   total 65536K, used 65269K [0x00000000fc000000, 0x0000000100000000)
  region size 1024K, 0 young (0K), 0 survivors (0K)
 Metaspace       used 57335K, committed 58368K, reserved 131072K
  class space    used 8208K, committed 8640K, reserved 65536K
}
Event: 14.439 GC heap before
{Heap before GC invocations=225 (full 30):
 garbage-first heap   total 65536K, used 65269K [0x00000000fc000000, 0x0000000100000000)
  region size 1024K, 0 young (0K), 0 survivors (0K)
 Metaspace       used 57335K, committed 58368K, reserved 131072K
  class space    used 8208K, committed 8640K, reserved 65536K
}
Event: 14.468 GC heap after
{Heap after GC invocations=226 (full 31):
 garbage-first heap   total 65536K, used 62315K [0x00000000fc000000, 0x0000000100000000)
  region size 1024K, 0 young (0K), 0 survivors (0K)
 Metaspace       used 57335K, committed 58368K, reserved 131072K
  class space    used 8208K, committed 8640K, reserved 65536K
}
Event: 14.479 GC heap before
{Heap before GC invocations=226 (full 31):
 garbage-first heap   total 65536K, used 65387K [0x00000000fc000000, 0x0000000100000000)
  region size 1024K, 3 young (3072K), 0 survivors (0K)
 Metaspace       used 57338K, committed 58368K, reserved 131072K
  class space    used 8208K, committed 8640K, reserved 65536K
}
Event: 14.481 GC heap after
{Heap after GC invocations=227 (full 31):
 garbage-first heap   total 65536K, used 65387K [0x00000000fc000000, 0x0000000100000000)
  region size 1024K, 0 young (0K), 0 survivors (0K)
 Metaspace       used 57338K, committed 58368K, reserved 131072K
  class space    used 8208K, committed 8640K, reserved 65536K
}
Event: 14.481 GC heap before
{Heap before GC invocations=227 (full 31):
 garbage-first heap   total 65536K, used 65387K [0x00000000fc000000, 0x0000000100000000)
  region size 1024K, 0 young (0K), 0 survivors (0K)
 Metaspace       used 57338K, committed 58368K, reserved 131072K
  class space    used 8208K, committed 8640K, reserved 65536K
}
Event: 14.508 GC heap after
{Heap after GC invocations=228 (full 32):
 garbage-first heap   total 65536K, used 62338K [0x00000000fc000000, 0x0000000100000000)
  region size 1024K, 0 young (0K), 0 survivors (0K)
 Metaspace       used 57338K, committed 58368K, reserved 131072K
  class space    used 8208K, committed 8640K, reserved 65536K
}
Event: 14.522 GC heap before
{Heap before GC invocations=228 (full 32):
 garbage-first heap   total 65536K, used 65410K [0x00000000fc000000, 0x0000000100000000)
  region size 1024K, 3 young (3072K), 0 survivors (0K)
 Metaspace       used 57344K, committed 58368K, reserved 131072K
  class space    used 8209K, committed 8640K, reserved 65536K
}
Event: 14.523 GC heap after
{Heap after GC invocations=229 (full 32):
 garbage-first heap   total 65536K, used 65410K [0x00000000fc000000, 0x0000000100000000)
  region size 1024K, 0 young (0K), 0 survivors (0K)
 Metaspace       used 57344K, committed 58368K, reserved 131072K
  class space    used 8209K, committed 8640K, reserved 65536K
}
Event: 14.523 GC heap before
{Heap before GC invocations=229 (full 32):
 garbage-first heap   total 65536K, used 65410K [0x00000000fc000000, 0x0000000100000000)
  region size 1024K, 0 young (0K), 0 survivors (0K)
 Metaspace       used 57344K, committed 58368K, reserved 131072K
  class space    used 8209K, committed 8640K, reserved 65536K
}
Event: 14.550 GC heap after
{Heap after GC invocations=230 (full 33):
 garbage-first heap   total 65536K, used 62428K [0x00000000fc000000, 0x0000000100000000)
  region size 1024K, 0 young (0K), 0 survivors (0K)
 Metaspace       used 57344K, committed 58368K, reserved 131072K
  class space    used 8209K, committed 8640K, reserved 65536K
}
Event: 14.561 GC heap before
{Heap before GC invocations=230 (full 33):
 garbage-first heap   total 65536K, used 64476K [0x00000000fc000000, 0x0000000100000000)
  region size 1024K, 2 young (2048K), 0 survivors (0K)
 Metaspace       used 57348K, committed 58368K, reserved 131072K
  class space    used 8209K, committed 8640K, reserved 65536K
}
Event: 14.562 GC heap after
{Heap after GC invocations=231 (full 33):
 garbage-first heap   total 65536K, used 64476K [0x00000000fc000000, 0x0000000100000000)
  region size 1024K, 0 young (0K), 0 survivors (0K)
 Metaspace       used 57348K, committed 58368K, reserved 131072K
  class space    used 8209K, committed 8640K, reserved 65536K
}
Event: 14.562 GC heap before
{Heap before GC invocations=231 (full 33):
 garbage-first heap   total 65536K, used 64476K [0x00000000fc000000, 0x0000000100000000)
  region size 1024K, 0 young (0K), 0 survivors (0K)
 Metaspace       used 57348K, committed 58368K, reserved 131072K
  class space    used 8209K, committed 8640K, reserved 65536K
}
Event: 14.589 GC heap after
{Heap after GC invocations=232 (full 34):
 garbage-first heap   total 65536K, used 62563K [0x00000000fc000000, 0x0000000100000000)
  region size 1024K, 0 young (0K), 0 survivors (0K)
 Metaspace       used 57348K, committed 58368K, reserved 131072K
  class space    used 8209K, committed 8640K, reserved 65536K
}
Event: 14.615 GC heap before
{Heap before GC invocations=232 (full 34):
 garbage-first heap   total 65536K, used 64611K [0x00000000fc000000, 0x0000000100000000)
  region size 1024K, 2 young (2048K), 0 survivors (0K)
 Metaspace       used 57361K, committed 58368K, reserved 131072K
  class space    used 8210K, committed 8640K, reserved 65536K
}
Event: 14.617 GC heap after
{Heap after GC invocations=233 (full 34):
 garbage-first heap   total 65536K, used 64611K [0x00000000fc000000, 0x0000000100000000)
  region size 1024K, 0 young (0K), 0 survivors (0K)
 Metaspace       used 57361K, committed 58368K, reserved 131072K
  class space    used 8210K, committed 8640K, reserved 65536K
}
Event: 14.617 GC heap before
{Heap before GC invocations=233 (full 34):
 garbage-first heap   total 65536K, used 64611K [0x00000000fc000000, 0x0000000100000000)
  region size 1024K, 0 young (0K), 0 survivors (0K)
 Metaspace       used 57361K, committed 58368K, reserved 131072K
  class space    used 8210K, committed 8640K, reserved 65536K
}

Dll operation events (15 events):
Event: 0.011 Loaded shared library C:\Users\DELL\.jdks\ms-21.0.11\bin\java.dll
Event: 0.046 Loaded shared library C:\Users\DELL\.jdks\ms-21.0.11\bin\jsvml.dll
Event: 0.117 Loaded shared library C:\Users\DELL\.jdks\ms-21.0.11\bin\zip.dll
Event: 0.125 Loaded shared library C:\Users\DELL\.jdks\ms-21.0.11\bin\instrument.dll
Event: 0.133 Loaded shared library C:\Users\DELL\.jdks\ms-21.0.11\bin\net.dll
Event: 0.137 Loaded shared library C:\Users\DELL\.jdks\ms-21.0.11\bin\nio.dll
Event: 0.144 Loaded shared library C:\Users\DELL\.jdks\ms-21.0.11\bin\zip.dll
Event: 0.544 Loaded shared library C:\Users\DELL\.jdks\ms-21.0.11\bin\jimage.dll
Event: 0.677 Loaded shared library C:\Users\DELL\.jdks\ms-21.0.11\bin\verify.dll
Event: 0.942 Loaded shared library C:\Users\DELL\.gradle\native\c067742578af261105cb4f569cf0c3c89f3d7b1fecec35dd04571415982c5e48\windows-amd64\native-platform.dll
Event: 0.954 Loaded shared library C:\Users\DELL\.gradle\native\100fb08df4bc3b14c8652ba06237920a3bd2aa13389f12d3474272988ae205f9\windows-amd64\native-platform-file-events.dll
Event: 1.915 Loaded shared library C:\Users\DELL\.jdks\ms-21.0.11\bin\management.dll
Event: 1.917 Loaded shared library C:\Users\DELL\.jdks\ms-21.0.11\bin\management_ext.dll
Event: 2.064 Loaded shared library C:\Users\DELL\.jdks\ms-21.0.11\bin\extnet.dll
Event: 2.281 Loaded shared library C:\Users\DELL\.jdks\ms-21.0.11\bin\sunmscapi.dll

Deoptimization events (20 events):
Event: 14.196 Thread 0x0000024c6883f7d0 DEOPT PACKING pc=0x0000024c532f7560 sp=0x000000fb28cf5810
Event: 14.196 Thread 0x0000024c6883f7d0 DEOPT UNPACKING pc=0x0000024c52ac4422 sp=0x000000fb28cf57a0 mode 2
Event: 14.196 Thread 0x0000024c6883f7d0 Uncommon trap: trap_request=0xffffff45 fr.pc=0x0000024c5330aad4 relative=0x0000000000000134
Event: 14.196 Thread 0x0000024c6883f7d0 Uncommon trap: reason=unstable_if action=reinterpret pc=0x0000024c5330aad4 method=org.objectweb.asm.ByteVector.putInt(I)Lorg/objectweb/asm/ByteVector; @ 13 c2
Event: 14.196 Thread 0x0000024c6883f7d0 DEOPT PACKING pc=0x0000024c5330aad4 sp=0x000000fb28cf5830
Event: 14.196 Thread 0x0000024c6883f7d0 DEOPT UNPACKING pc=0x0000024c52ac4422 sp=0x000000fb28cf57b8 mode 2
Event: 14.196 Thread 0x0000024c6883f7d0 Uncommon trap: trap_request=0xffffffde fr.pc=0x0000024c530631d4 relative=0x00000000000009d4
Event: 14.196 Thread 0x0000024c6883f7d0 Uncommon trap: reason=class_check action=maybe_recompile pc=0x0000024c530631d4 method=java.lang.ClassLoader.getDefinedPackage(Ljava/lang/String;)Ljava/lang/Package; @ 16 c2
Event: 14.196 Thread 0x0000024c6883f7d0 DEOPT PACKING pc=0x0000024c530631d4 sp=0x000000fb28cf6110
Event: 14.196 Thread 0x0000024c6883f7d0 DEOPT UNPACKING pc=0x0000024c52ac4422 sp=0x000000fb28cf60c8 mode 2
Event: 14.217 Thread 0x0000024c6883dd90 DEOPT PACKING pc=0x0000024c4bd854f9 sp=0x000000fb295fe980
Event: 14.217 Thread 0x0000024c6883dd90 DEOPT UNPACKING pc=0x0000024c52ac4bc2 sp=0x000000fb295fde20 mode 0
Event: 14.432 Thread 0x0000024c6883f7d0 Uncommon trap: trap_request=0xffffff45 fr.pc=0x0000024c53048228 relative=0x0000000000000928
Event: 14.432 Thread 0x0000024c6883f7d0 Uncommon trap: reason=unstable_if action=reinterpret pc=0x0000024c53048228 method=java.util.WeakHashMap.matchesKey(Ljava/util/WeakHashMap$Entry;Ljava/lang/Object;)Z @ 5 c2
Event: 14.432 Thread 0x0000024c6883f7d0 DEOPT PACKING pc=0x0000024c53048228 sp=0x000000fb28cf53d0
Event: 14.432 Thread 0x0000024c6883f7d0 DEOPT UNPACKING pc=0x0000024c52ac4422 sp=0x000000fb28cf5338 mode 2
Event: 14.436 Thread 0x0000024c6883f7d0 Uncommon trap: trap_request=0xffffff45 fr.pc=0x0000024c5322b5c0 relative=0x0000000000000440
Event: 14.436 Thread 0x0000024c6883f7d0 Uncommon trap: reason=unstable_if action=reinterpret pc=0x0000024c5322b5c0 method=java.util.StringJoiner.add(Ljava/lang/CharSequence;)Ljava/util/StringJoiner; @ 33 c2
Event: 14.436 Thread 0x0000024c6883f7d0 DEOPT PACKING pc=0x0000024c5322b5c0 sp=0x000000fb28cf5b10
Event: 14.436 Thread 0x0000024c6883f7d0 DEOPT UNPACKING pc=0x0000024c52ac4422 sp=0x000000fb28cf5ac0 mode 2

Classes loaded (20 events):
Event: 13.042 Loading class javax/xml/parsers/FactoryFinder$1
Event: 13.042 Loading class javax/xml/parsers/FactoryFinder$1 done
Event: 13.043 Loading class com/sun/org/apache/xerces/internal/jaxp/DocumentBuilderFactoryImpl
Event: 13.043 Loading class com/sun/org/apache/xerces/internal/jaxp/DocumentBuilderFactoryImpl done
Event: 13.179 Loading class java/util/regex/Pattern$SliceI
Event: 13.179 Loading class java/util/regex/Pattern$SliceI done
Event: 14.335 Loading class org/xml/sax/Locator
Event: 14.335 Loading class org/xml/sax/Locator done
Event: 14.335 Loading class org/xml/sax/SAXParseException
Event: 14.335 Loading class org/xml/sax/SAXParseException done
Event: 14.336 Loading class org/xml/sax/Attributes
Event: 14.336 Loading class org/xml/sax/Attributes done
Event: 14.431 Loading class java/util/AbstractCollectionBeanInfo
Event: 14.431 Loading class java/util/AbstractCollectionBeanInfo done
Event: 14.431 Loading class java/util/AbstractCollectionBeanInfo
Event: 14.431 Loading class java/util/AbstractCollectionBeanInfo done
Event: 14.431 Loading class java/util/AbstractCollectionCustomizer
Event: 14.431 Loading class java/util/AbstractCollectionCustomizer done
Event: 14.431 Loading class java/util/AbstractCollectionCustomizer
Event: 14.431 Loading class java/util/AbstractCollectionCustomizer done

Classes unloaded (20 events):
Event: 14.293 Thread 0x0000024c5d7897c0 Unloading class 0x0000024c5f46d400 'java/lang/invoke/LambdaForm$MH+0x0000024c5f46d400'
Event: 14.293 Thread 0x0000024c5d7897c0 Unloading class 0x0000024c5f7fb400 'java/lang/invoke/LambdaForm$MH+0x0000024c5f7fb400'
Event: 14.293 Thread 0x0000024c5d7897c0 Unloading class 0x0000024c5f7f8000 'java/lang/invoke/LambdaForm$MH+0x0000024c5f7f8000'
Event: 14.293 Thread 0x0000024c5d7897c0 Unloading class 0x0000024c5f80a800 'java/lang/invoke/LambdaForm$MH+0x0000024c5f80a800'
Event: 14.293 Thread 0x0000024c5d7897c0 Unloading class 0x0000024c5f808400 'java/lang/invoke/LambdaForm$MH+0x0000024c5f808400'
Event: 14.293 Thread 0x0000024c5d7897c0 Unloading class 0x0000024c5f808800 'java/lang/invoke/LambdaForm$MH+0x0000024c5f808800'
Event: 14.293 Thread 0x0000024c5d7897c0 Unloading class 0x0000024c5f840400 'java/lang/invoke/LambdaForm$MH+0x0000024c5f840400'
Event: 14.293 Thread 0x0000024c5d7897c0 Unloading class 0x0000024c5f840c00 'java/lang/invoke/LambdaForm$MH+0x0000024c5f840c00'
Event: 14.293 Thread 0x0000024c5d7897c0 Unloading class 0x0000024c5f859c00 'java/lang/invoke/LambdaForm$MH+0x0000024c5f859c00'
Event: 14.293 Thread 0x0000024c5d7897c0 Unloading class 0x0000024c5f85b800 'java/lang/invoke/LambdaForm$MH+0x0000024c5f85b800'
Event: 14.293 Thread 0x0000024c5d7897c0 Unloading class 0x0000024c5f860400 'java/lang/invoke/LambdaForm$MH+0x0000024c5f860400'
Event: 14.293 Thread 0x0000024c5d7897c0 Unloading class 0x0000024c5f860800 'java/lang/invoke/LambdaForm$MH+0x0000024c5f860800'
Event: 14.293 Thread 0x0000024c5d7897c0 Unloading class 0x0000024c5f868c00 'java/lang/invoke/LambdaForm$MH+0x0000024c5f868c00'
Event: 14.293 Thread 0x0000024c5d7897c0 Unloading class 0x0000024c5f86b000 'java/lang/invoke/LambdaForm$MH+0x0000024c5f86b000'
Event: 14.293 Thread 0x0000024c5d7897c0 Unloading class 0x0000024c5f86bc00 'java/lang/invoke/LambdaForm$MH+0x0000024c5f86bc00'
Event: 14.293 Thread 0x0000024c5d7897c0 Unloading class 0x0000024c5f874c00 'java/lang/invoke/LambdaForm$MH+0x0000024c5f874c00'
Event: 14.293 Thread 0x0000024c5d7897c0 Unloading class 0x0000024c5f878c00 'java/lang/invoke/LambdaForm$MH+0x0000024c5f878c00'
Event: 14.293 Thread 0x0000024c5d7897c0 Unloading class 0x0000024c5f885000 'java/lang/invoke/LambdaForm$MH+0x0000024c5f885000'
Event: 14.368 Thread 0x0000024c5d7897c0 Unloading class 0x0000024c5f80d000 'java/lang/invoke/LambdaForm$MH+0x0000024c5f80d000'
Event: 14.368 Thread 0x0000024c5d7897c0 Unloading class 0x0000024c5f819400 'java/lang/invoke/LambdaForm$MH+0x0000024c5f819400'

Classes redefined (0 events):
No events

Internal exceptions (20 events):
Event: 14.429 Thread 0x0000024c6883f7d0 Exception <a 'java/lang/ClassNotFoundException'{0x00000000ffe2f4d8}: org/gradle/api/internal/artifacts/dsl/DefaultRepositoryHandlerBeanInfo> (0x00000000ffe2f4d8) 
thrown [s\src\hotspot\share\classfile\systemDictionary.cpp, line 313]
Event: 14.430 Thread 0x0000024c6883f7d0 Exception <a 'java/lang/ClassNotFoundException'{0x00000000ffe45810}: org/gradle/api/internal/artifacts/DefaultArtifactRepositoryContainerBeanInfo> (0x00000000ffe45810) 
thrown [s\src\hotspot\share\classfile\systemDictionary.cpp, line 313]
Event: 14.430 Thread 0x0000024c6883f7d0 Exception <a 'java/lang/ClassNotFoundException'{0x00000000ffe590b8}: org/gradle/api/internal/DefaultNamedDomainObjectListBeanInfo> (0x00000000ffe590b8) 
thrown [s\src\hotspot\share\classfile\systemDictionary.cpp, line 313]
Event: 14.430 Thread 0x0000024c6883f7d0 Exception <a 'java/lang/ClassNotFoundException'{0x00000000ffe6d020}: org/gradle/api/internal/DefaultNamedDomainObjectCollectionBeanInfo> (0x00000000ffe6d020) 
thrown [s\src\hotspot\share\classfile\systemDictionary.cpp, line 313]
Event: 14.431 Thread 0x0000024c6883f7d0 Exception <a 'java/lang/ClassNotFoundException'{0x00000000ffe81928}: org/gradle/api/internal/DefaultDomainObjectCollectionBeanInfo> (0x00000000ffe81928) 
thrown [s\src\hotspot\share\classfile\systemDictionary.cpp, line 313]
Event: 14.431 Thread 0x0000024c6883f7d0 Exception <a 'java/lang/ClassNotFoundException'{0x00000000ffe88af8}: java/util/AbstractCollectionBeanInfo> (0x00000000ffe88af8) 
thrown [s\src\hotspot\share\classfile\systemDictionary.cpp, line 313]
Event: 14.431 Thread 0x0000024c6883f7d0 Exception <a 'java/lang/ClassNotFoundException'{0x00000000ffe8f4f0}: java/util/AbstractCollectionCustomizer> (0x00000000ffe8f4f0) 
thrown [s\src\hotspot\share\classfile\systemDictionary.cpp, line 313]
Event: 14.433 Thread 0x0000024c6883f7d0 Exception <a 'java/lang/ClassNotFoundException'{0x00000000ffeb7260}: org/gradle/api/internal/DefaultDomainObjectCollectionCustomizer> (0x00000000ffeb7260) 
thrown [s\src\hotspot\share\classfile\systemDictionary.cpp, line 313]
Event: 14.434 Thread 0x0000024c6883f7d0 Exception <a 'java/lang/ClassNotFoundException'{0x00000000ffefb8d8}: org/gradle/api/internal/DefaultNamedDomainObjectCollectionCustomizer> (0x00000000ffefb8d8) 
thrown [s\src\hotspot\share\classfile\systemDictionary.cpp, line 313]
Event: 14.435 Thread 0x0000024c6883f7d0 Exception <a 'java/lang/ClassNotFoundException'{0x00000000ffd55a40}: org/gradle/api/internal/DefaultNamedDomainObjectListCustomizer> (0x00000000ffd55a40) 
thrown [s\src\hotspot\share\classfile\systemDictionary.cpp, line 313]
Event: 14.437 Thread 0x0000024c6883f7d0 Exception <a 'java/lang/ClassNotFoundException'{0x00000000ffde9e08}: org/gradle/api/internal/artifacts/DefaultArtifactRepositoryContainerCustomizer> (0x00000000ffde9e08) 
thrown [s\src\hotspot\share\classfile\systemDictionary.cpp, line 313]
Event: 14.514 Thread 0x0000024c6883f7d0 Exception <a 'java/lang/ClassNotFoundException'{0x00000000ffe167b8}: org/gradle/api/internal/artifacts/dsl/DefaultRepositoryHandlerCustomizer> (0x00000000ffe167b8) 
thrown [s\src\hotspot\share\classfile\systemDictionary.cpp, line 313]
Event: 14.559 Thread 0x0000024c6883f7d0 Exception <a 'java/lang/ClassNotFoundException'{0x00000000ffeb5f58}: org/gradle/api/internal/artifacts/dsl/DefaultRepositoryHandler_DecoratedCustomizer> (0x00000000ffeb5f58) 
thrown [s\src\hotspot\share\classfile\systemDictionary.cpp, line 313]
Event: 14.606 Thread 0x0000024c6883f7d0 Exception <a 'java/lang/ClassNotFoundException'{0x00000000ffe1f3e0}: org/gradle/api/internal/plugins/NaggingBasePluginConventionBeanInfo> (0x00000000ffe1f3e0) 
thrown [s\src\hotspot\share\classfile\systemDictionary.cpp, line 313]
Event: 14.607 Thread 0x0000024c6883f7d0 Exception <a 'java/lang/ClassNotFoundException'{0x00000000ffe32fc0}: org/gradle/api/plugins/BasePluginConventionBeanInfo> (0x00000000ffe32fc0) 
thrown [s\src\hotspot\share\classfile\systemDictionary.cpp, line 313]
Event: 14.608 Thread 0x0000024c6883f7d0 Exception <a 'java/lang/ClassNotFoundException'{0x00000000ffe46a38}: org/gradle/api/plugins/BasePluginConventionCustomizer> (0x00000000ffe46a38) 
thrown [s\src\hotspot\share\classfile\systemDictionary.cpp, line 313]
Event: 14.609 Thread 0x0000024c6883f7d0 Exception <a 'java/lang/ClassNotFoundException'{0x00000000ffe67388}: org/gradle/api/internal/plugins/NaggingBasePluginConventionCustomizer> (0x00000000ffe67388) 
thrown [s\src\hotspot\share\classfile\systemDictionary.cpp, line 313]
Event: 14.612 Thread 0x0000024c6883f7d0 Exception <a 'java/lang/ClassNotFoundException'{0x00000000ffeb3088}: org/gradle/api/plugins/internal/NaggingJavaPluginConventionBeanInfo> (0x00000000ffeb3088) 
thrown [s\src\hotspot\share\classfile\systemDictionary.cpp, line 313]
Event: 14.613 Thread 0x0000024c6883f7d0 Exception <a 'java/lang/ClassNotFoundException'{0x00000000ffec6ad0}: org/gradle/api/plugins/JavaPluginConventionBeanInfo> (0x00000000ffec6ad0) 
thrown [s\src\hotspot\share\classfile\systemDictionary.cpp, line 313]
Event: 14.613 Thread 0x0000024c6883f7d0 Exception <a 'java/lang/ClassNotFoundException'{0x00000000ffeda630}: org/gradle/api/plugins/JavaPluginConventionCustomizer> (0x00000000ffeda630) 
thrown [s\src\hotspot\share\classfile\systemDictionary.cpp, line 313]

ZGC Phase Switch (0 events):
No events

VM Operations (20 events):
Event: 14.226 Executing safepoint VM operation: G1CollectForAllocation (G1 Evacuation Pause) done
Event: 14.250 Executing safepoint VM operation: G1PauseRemark
Event: 14.253 Executing safepoint VM operation: G1PauseRemark done
Event: 14.263 Executing safepoint VM operation: G1PauseCleanup
Event: 14.263 Executing safepoint VM operation: G1PauseCleanup done
Event: 14.279 Executing safepoint VM operation: G1CollectForAllocation (G1 Evacuation Pause)
Event: 14.319 Executing safepoint VM operation: G1CollectForAllocation (G1 Evacuation Pause) done
Event: 14.356 Executing safepoint VM operation: G1CollectForAllocation (G1 Evacuation Pause)
Event: 14.388 Executing safepoint VM operation: G1CollectForAllocation (G1 Evacuation Pause) done
Event: 14.395 Executing safepoint VM operation: G1CollectForAllocation (G1 Evacuation Pause)
Event: 14.425 Executing safepoint VM operation: G1CollectForAllocation (G1 Evacuation Pause) done
Event: 14.438 Executing safepoint VM operation: G1CollectForAllocation (G1 Evacuation Pause)
Event: 14.468 Executing safepoint VM operation: G1CollectForAllocation (G1 Evacuation Pause) done
Event: 14.479 Executing safepoint VM operation: G1CollectForAllocation (G1 Evacuation Pause)
Event: 14.508 Executing safepoint VM operation: G1CollectForAllocation (G1 Evacuation Pause) done
Event: 14.522 Executing safepoint VM operation: G1CollectForAllocation (G1 Evacuation Pause)
Event: 14.550 Executing safepoint VM operation: G1CollectForAllocation (G1 Evacuation Pause) done
Event: 14.561 Executing safepoint VM operation: G1CollectForAllocation (G1 Evacuation Pause)
Event: 14.589 Executing safepoint VM operation: G1CollectForAllocation (G1 Evacuation Pause) done
Event: 14.615 Executing safepoint VM operation: G1CollectForAllocation (G1 Evacuation Pause)

Memory protections (0 events):
No events

Nmethod flushes (20 events):
Event: 14.374 Thread 0x0000024c5d7897c0 flushing  nmethod 0x0000024c4b6a8e90
Event: 14.374 Thread 0x0000024c5d7897c0 flushing  nmethod 0x0000024c4bacf390
Event: 14.374 Thread 0x0000024c5d7897c0 flushing  nmethod 0x0000024c4bacf790
Event: 14.374 Thread 0x0000024c5d7897c0 flushing  nmethod 0x0000024c4bb79390
Event: 14.374 Thread 0x0000024c5d7897c0 flushing  nmethod 0x0000024c4b85c910
Event: 14.374 Thread 0x0000024c5d7897c0 flushing  nmethod 0x0000024c4bc08210
Event: 14.374 Thread 0x0000024c5d7897c0 flushing  nmethod 0x0000024c4b760890
Event: 14.408 Thread 0x0000024c5d7897c0 flushing  nmethod 0x0000024c4b68c010
Event: 14.408 Thread 0x0000024c5d7897c0 flushing  nmethod 0x0000024c4b722610
Event: 14.408 Thread 0x0000024c5d7897c0 flushing  nmethod 0x0000024c4b8c2e90
Event: 14.408 Thread 0x0000024c5d7897c0 flushing  nmethod 0x0000024c4b577710
Event: 14.408 Thread 0x0000024c5d7897c0 flushing  nmethod 0x0000024c4b605190
Event: 14.408 Thread 0x0000024c5d7897c0 flushing  nmethod 0x0000024c4bacc410
Event: 14.452 Thread 0x0000024c5d7897c0 flushing  nmethod 0x0000024c4b5b0690
Event: 14.493 Thread 0x0000024c5d7897c0 flushing  nmethod 0x0000024c5322af90
Event: 14.493 Thread 0x0000024c5d7897c0 flushing  nmethod 0x0000024c53047710
Event: 14.536 Thread 0x0000024c5d7897c0 flushing  nmethod 0x0000024c4b7ba990
Event: 14.536 Thread 0x0000024c5d7897c0 flushing  nmethod 0x0000024c4b912710
Event: 14.536 Thread 0x0000024c5d7897c0 flushing  nmethod 0x0000024c4b6ad010
Event: 14.575 Thread 0x0000024c5d7897c0 flushing  nmethod 0x0000024c4c062510

Events (20 events):
Event: 9.679 Thread 0x0000024c6883f7d0 Thread added: 0x0000024c6a1ca6c0
Event: 9.759 Thread 0x0000024c6883f7d0 Thread added: 0x0000024c6a1cb3e0
Event: 9.761 Thread 0x0000024c6883f7d0 Thread added: 0x0000024c6a1c7f60
Event: 9.762 Thread 0x0000024c6883f7d0 Thread added: 0x0000024c6a1cc100
Event: 9.762 Thread 0x0000024c6883f7d0 Thread added: 0x0000024c6a1cba70
Event: 9.767 Thread 0x0000024c6883f7d0 Thread added: 0x0000024c6a1c8c80
Event: 9.770 Thread 0x0000024c6883f7d0 Thread added: 0x0000024c6a1cce20
Event: 9.771 Thread 0x0000024c6883f7d0 Thread added: 0x0000024c6a1cc790
Event: 9.772 Thread 0x0000024c6883f7d0 Thread added: 0x0000024c6a1cd4b0
Event: 9.773 Thread 0x0000024c6883f7d0 Thread added: 0x0000024c6aa32c00
Event: 9.774 Thread 0x0000024c6883f7d0 Thread added: 0x0000024c6aa34cd0
Event: 9.775 Thread 0x0000024c6883f7d0 Thread added: 0x0000024c6aa33290
Event: 10.612 Thread 0x0000024c69c9a030 Thread exited: 0x0000024c69c9a030
Event: 12.130 Thread 0x0000024c68bec820 Thread exited: 0x0000024c68bec820
Event: 12.397 Thread 0x0000024c6883f7d0 Thread added: 0x0000024c6aa33fb0
Event: 13.246 Thread 0x0000024c6883f7d0 Thread added: 0x0000024c6aa359f0
Event: 13.306 Thread 0x0000024c5d7e80e0 Thread added: 0x0000024c6b91d510
Event: 13.949 Thread 0x0000024c6b91d510 Thread exited: 0x0000024c6b91d510
Event: 14.163 Thread 0x0000024c5d7e80e0 Thread added: 0x0000024c6b91d510
Event: 14.517 Thread 0x0000024c5d7e80e0 Thread added: 0x0000024c69536a70


Dynamic libraries:
0x00007ff76fe00000 - 0x00007ff76fe0e000 	C:\Users\DELL\.jdks\ms-21.0.11\bin\java.exe
0x00007ff91b8e0000 - 0x00007ff91bb47000 	C:\WINDOWS\SYSTEM32\ntdll.dll
0x00007ff91b570000 - 0x00007ff91b639000 	C:\WINDOWS\System32\KERNEL32.DLL
0x00007ff918740000 - 0x00007ff918b37000 	C:\WINDOWS\System32\KERNELBASE.dll
0x00007ff8f8770000 - 0x00007ff8f8788000 	C:\Users\DELL\.jdks\ms-21.0.11\bin\jli.dll
0x00007ff919510000 - 0x00007ff91965b000 	C:\WINDOWS\System32\ucrtbase.dll
0x00007ff8f8730000 - 0x00007ff8f874e000 	C:\Users\DELL\.jdks\ms-21.0.11\bin\VCRUNTIME140.dll
0x00007ff91aa40000 - 0x00007ff91ac06000 	C:\WINDOWS\System32\USER32.dll
0x00007ff918b40000 - 0x00007ff918b67000 	C:\WINDOWS\System32\win32u.dll
0x00007ff8fc670000 - 0x00007ff8fc902000 	C:\WINDOWS\WinSxS\amd64_microsoft.windows.common-controls_6595b64144ccf1df_6.0.26100.8457_none_3e0b2faee331e92d\COMCTL32.dll
0x00007ff91b640000 - 0x00007ff91b66b000 	C:\WINDOWS\System32\GDI32.dll
0x00007ff919e60000 - 0x00007ff919f09000 	C:\WINDOWS\System32\msvcrt.dll
0x00007ff918b70000 - 0x00007ff918c9c000 	C:\WINDOWS\System32\gdi32full.dll
0x00007ff918310000 - 0x00007ff9183b3000 	C:\WINDOWS\System32\msvcp_win.dll
0x00007ff91b670000 - 0x00007ff91b6a2000 	C:\WINDOWS\System32\IMM32.DLL
0x00007ff903d60000 - 0x00007ff903d6c000 	C:\Users\DELL\.jdks\ms-21.0.11\bin\vcruntime140_1.dll
0x00007ff8f4da0000 - 0x00007ff8f4e29000 	C:\Users\DELL\.jdks\ms-21.0.11\bin\msvcp140.dll
0x00007ff881d60000 - 0x00007ff882b0e000 	C:\Users\DELL\.jdks\ms-21.0.11\bin\server\jvm.dll
0x00007ff91acf0000 - 0x00007ff91ada6000 	C:\WINDOWS\System32\ADVAPI32.dll
0x00007ff919920000 - 0x00007ff9199c7000 	C:\WINDOWS\System32\sechost.dll
0x00007ff91a920000 - 0x00007ff91aa38000 	C:\WINDOWS\System32\RPCRT4.dll
0x00007ff91b420000 - 0x00007ff91b4a0000 	C:\WINDOWS\System32\WS2_32.dll
0x00007ff911440000 - 0x00007ff911476000 	C:\WINDOWS\SYSTEM32\WINMM.dll
0x00007ff918170000 - 0x00007ff9181ce000 	C:\WINDOWS\SYSTEM32\POWRPROF.dll
0x00007ff902c50000 - 0x00007ff902c5b000 	C:\WINDOWS\SYSTEM32\VERSION.dll
0x00007ff918150000 - 0x00007ff918164000 	C:\WINDOWS\SYSTEM32\UMPDC.dll
0x00007ff9170a0000 - 0x00007ff9170bb000 	C:\WINDOWS\SYSTEM32\kernel.appcore.dll
0x00007ff9039a0000 - 0x00007ff9039aa000 	C:\Users\DELL\.jdks\ms-21.0.11\bin\jimage.dll
0x00007ff9161c0000 - 0x00007ff916402000 	C:\WINDOWS\SYSTEM32\DBGHELP.DLL
0x00007ff919ad0000 - 0x00007ff919e53000 	C:\WINDOWS\System32\combase.dll
0x00007ff91ac10000 - 0x00007ff91ace9000 	C:\WINDOWS\System32\OLEAUT32.dll
0x00007ff8fb850000 - 0x00007ff8fb88b000 	C:\WINDOWS\SYSTEM32\dbgcore.DLL
0x00007ff918450000 - 0x00007ff9184f8000 	C:\WINDOWS\System32\bcryptPrimitives.dll
0x00007ff9135f0000 - 0x00007ff913600000 	C:\Users\DELL\.jdks\ms-21.0.11\bin\instrument.dll
0x00007ff913530000 - 0x00007ff913551000 	C:\Users\DELL\.jdks\ms-21.0.11\bin\java.dll
0x00007ff919f10000 - 0x00007ff91a67e000 	C:\WINDOWS\System32\SHELL32.dll
0x00007ff918ca0000 - 0x00007ff91950c000 	C:\WINDOWS\System32\windows.storage.dll
0x00007ff9199d0000 - 0x00007ff919ac6000 	C:\WINDOWS\System32\SHCORE.dll
0x00007ff919710000 - 0x00007ff919776000 	C:\WINDOWS\System32\shlwapi.dll
0x00007ff918230000 - 0x00007ff918259000 	C:\WINDOWS\SYSTEM32\profapi.dll
0x00007ff902e70000 - 0x00007ff902f46000 	C:\Users\DELL\.jdks\ms-21.0.11\bin\jsvml.dll
0x00007ff904990000 - 0x00007ff9049a8000 	C:\Users\DELL\.jdks\ms-21.0.11\bin\zip.dll
0x00007ff904930000 - 0x00007ff904941000 	C:\Users\DELL\.jdks\ms-21.0.11\bin\net.dll
0x00007ff9112f0000 - 0x00007ff911419000 	C:\WINDOWS\SYSTEM32\WINHTTP.dll
0x00007ff917610000 - 0x00007ff91767c000 	C:\WINDOWS\system32\mswsock.dll
0x00007ff9048b0000 - 0x00007ff9048c6000 	C:\Users\DELL\.jdks\ms-21.0.11\bin\nio.dll
0x00007ff913580000 - 0x00007ff913590000 	C:\Users\DELL\.jdks\ms-21.0.11\bin\verify.dll
0x00007ff903f20000 - 0x00007ff903f47000 	C:\Users\DELL\.gradle\native\c067742578af261105cb4f569cf0c3c89f3d7b1fecec35dd04571415982c5e48\windows-amd64\native-platform.dll
0x00007ff902d20000 - 0x00007ff902e64000 	C:\Users\DELL\.gradle\native\100fb08df4bc3b14c8652ba06237920a3bd2aa13389f12d3474272988ae205f9\windows-amd64\native-platform-file-events.dll
0x00007ff9134c0000 - 0x00007ff9134ca000 	C:\Users\DELL\.jdks\ms-21.0.11\bin\management.dll
0x00007ff913490000 - 0x00007ff91349c000 	C:\Users\DELL\.jdks\ms-21.0.11\bin\management_ext.dll
0x00007ff91b880000 - 0x00007ff91b888000 	C:\WINDOWS\System32\PSAPI.DLL
0x00007ff9178f0000 - 0x00007ff91790b000 	C:\WINDOWS\SYSTEM32\CRYPTSP.dll
0x00007ff917000000 - 0x00007ff917039000 	C:\WINDOWS\system32\rsaenh.dll
0x00007ff9176c0000 - 0x00007ff9176f3000 	C:\WINDOWS\SYSTEM32\USERENV.dll
0x00007ff918200000 - 0x00007ff91822a000 	C:\WINDOWS\SYSTEM32\bcrypt.dll
0x00007ff917910000 - 0x00007ff91791c000 	C:\WINDOWS\SYSTEM32\CRYPTBASE.dll
0x00007ff916b60000 - 0x00007ff916b92000 	C:\WINDOWS\SYSTEM32\IPHLPAPI.DLL
0x00007ff91b6b0000 - 0x00007ff91b6ba000 	C:\WINDOWS\System32\NSI.dll
0x00007ff905a70000 - 0x00007ff905a79000 	C:\Users\DELL\.jdks\ms-21.0.11\bin\extnet.dll
0x00007ff8f6a00000 - 0x00007ff8f6a0e000 	C:\Users\DELL\.jdks\ms-21.0.11\bin\sunmscapi.dll
0x00007ff9185c0000 - 0x00007ff918738000 	C:\WINDOWS\System32\CRYPT32.dll
0x00007ff917b10000 - 0x00007ff917b40000 	C:\WINDOWS\SYSTEM32\ncrypt.dll
0x00007ff917ac0000 - 0x00007ff917aff000 	C:\WINDOWS\SYSTEM32\NTASN1.dll
0x00007ff8ef8a0000 - 0x00007ff8ef8a8000 	C:\WINDOWS\system32\wshunix.dll

JVMTI agents:
C:\Users\DELL\.gradle\wrapper\dists\gradle-8.8-bin\dl7vupf4psengwqhwktix4v1\gradle-8.8\lib\agents\gradle-instrumentation-agent-8.8.jar path:C:\Users\DELL\.jdks\ms-21.0.11\bin\instrument.dll, loaded, initialized, instrumentlib options:none

dbghelp: loaded successfully - version: 4.0.5 - missing functions: none
symbol engine: initialized successfully - sym options: 0x614 - pdb path: .;C:\Users\DELL\.jdks\ms-21.0.11\bin;C:\WINDOWS\SYSTEM32;C:\WINDOWS\WinSxS\amd64_microsoft.windows.common-controls_6595b64144ccf1df_6.0.26100.8457_none_3e0b2faee331e92d;C:\Users\DELL\.jdks\ms-21.0.11\bin\server;C:\Users\DELL\.gradle\native\c067742578af261105cb4f569cf0c3c89f3d7b1fecec35dd04571415982c5e48\windows-amd64;C:\Users\DELL\.gradle\native\100fb08df4bc3b14c8652ba06237920a3bd2aa13389f12d3474272988ae205f9\windows-amd64

VM Arguments:
jvm_args: -XX:MaxMetaspaceSize=64m --add-opens=java.base/java.util=ALL-UNNAMED --add-opens=java.base/java.lang=ALL-UNNAMED --add-opens=java.base/java.lang.invoke=ALL-UNNAMED --add-opens=java.prefs/java.util.prefs=ALL-UNNAMED --add-opens=java.base/java.nio.charset=ALL-UNNAMED --add-opens=java.base/java.net=ALL-UNNAMED --add-opens=java.base/java.util.concurrent.atomic=ALL-UNNAMED -Xms64m -Xmx64m -Dfile.encoding=UTF-8 -Duser.country -Duser.language=en -Duser.variant -javaagent:C:\Users\DELL\.gradle\wrapper\dists\gradle-8.8-bin\dl7vupf4psengwqhwktix4v1\gradle-8.8\lib\agents\gradle-instrumentation-agent-8.8.jar 
java_command: org.gradle.launcher.daemon.bootstrap.GradleDaemon 8.8
java_class_path (initial): C:\Users\DELL\.gradle\wrapper\dists\gradle-8.8-bin\dl7vupf4psengwqhwktix4v1\gradle-8.8\lib\gradle-launcher-8.8.jar
Launcher Type: SUN_STANDARD

[Global flags]
     intx CICompilerCount                          = 4                                         {product} {ergonomic}
   size_t CompressedClassSpaceSize                 = 67108864                                  {product} {ergonomic}
     uint ConcGCThreads                            = 3                                         {product} {ergonomic}
     uint G1ConcRefinementThreads                  = 10                                        {product} {ergonomic}
   size_t G1HeapRegionSize                         = 1048576                                   {product} {ergonomic}
    uintx GCDrainStackTargetSize                   = 64                                        {product} {ergonomic}
   size_t InitialHeapSize                          = 67108864                                  {product} {command line}
   size_t MarkStackSize                            = 4194304                                   {product} {ergonomic}
   size_t MaxHeapSize                              = 67108864                                  {product} {command line}
   size_t MaxMetaspaceSize                         = 67108864                                  {product} {command line}
   size_t MaxNewSize                               = 39845888                                  {product} {ergonomic}
   size_t MinHeapDeltaBytes                        = 1048576                                   {product} {ergonomic}
   size_t MinHeapSize                              = 67108864                                  {product} {command line}
    uintx NonNMethodCodeHeapSize                   = 5839372                                {pd product} {ergonomic}
    uintx NonProfiledCodeHeapSize                  = 122909434                              {pd product} {ergonomic}
    uintx ProfiledCodeHeapSize                     = 122909434                              {pd product} {ergonomic}
    uintx ReservedCodeCacheSize                    = 251658240                              {pd product} {ergonomic}
     bool SegmentedCodeCache                       = true                                      {product} {ergonomic}
   size_t SoftMaxHeapSize                          = 67108864                               {manageable} {ergonomic}
     bool UseCompressedOops                        = true                           {product lp64_product} {ergonomic}
     bool UseG1GC                                  = true                                      {product} {ergonomic}
     bool UseLargePagesIndividualAllocation        = false                                  {pd product} {ergonomic}

Logging:
Log output configuration:
 #0: stdout all=warning uptime,level,tags foldmultilines=false
 #1: stderr all=off uptime,level,tags foldmultilines=false

Release file:
IMPLEMENTOR="Microsoft" 
IMPLEMENTOR_VERSION="Microsoft-13877171" 
JAVA_RUNTIME_VERSION="21.0.11+10-LTS" 
JAVA_VERSION="21.0.11" 
JAVA_VERSION_DATE="2026-04-21" 
LIBC="default" 
MODULES="java.base java.compiler java.datatransfer java.xml java.prefs java.desktop java.instrument java.logging java.management java.security.sasl java.naming java.rmi java.management.rmi java.net.http java.scripting java.security.jgss java.transaction.xa java.sql java.sql.rowset java.xml.crypto java.se java.smartcardio jdk.accessibility jdk.internal.jvmstat jdk.attach jdk.charsets jdk.internal.opt jdk.zipfs jdk.compiler jdk.crypto.ec jdk.crypto.cryptoki jdk.crypto.mscapi jdk.dynalink jdk.internal.ed jdk.editpad jdk.hotspot.agent jdk.httpserver jdk.incubator.vector jdk.internal.le jdk.internal.vm.ci jdk.internal.vm.compiler jdk.internal.vm.compiler.management jdk.jartool jdk.javadoc jdk.jcmd jdk.management jdk.management.agent jdk.jconsole jdk.jdeps jdk.jdwp.agent jdk.jdi jdk.jfr jdk.jlink jdk.jpackage jdk.jshell jdk.jsobject jdk.jstatd jdk.localedata jdk.management.jfr jdk.naming.dns jdk.naming.rmi jdk.net jdk.nio.mapmode jdk.random jdk.sctp jdk.security.auth jdk.security.jgss jdk.unsupported jdk.unsupported.desktop jdk.xml.dom" 
OS_ARCH="x86_64" 
OS_NAME="Windows" 
SOURCE=".:git:87e312d67249" 

Environment Variables:
PATH=C:\WINDOWS\system32;C:\WINDOWS;C:\WINDOWS\System32\Wbem;C:\WINDOWS\System32\WindowsPowerShell\v1.0\;C:\WINDOWS\System32\OpenSSH\;C:\Program Files\dotnet\;C:\Program Files\Git\cmd;D:\;C:\Program Files\MySQL\MySQL Shell 8.0\bin\;C:\Users\DELL\AppData\Local\Microsoft\WindowsApps;C:\Users\DELL\AppData\Local\Programs\Microsoft VS Code\bin;;C:\Users\DELL\.local\bin;C:\Users\DELL\AppData\Roaming\npm
USERNAME=DELL
OS=Windows_NT
PROCESSOR_IDENTIFIER=Intel64 Family 6 Model 186 Stepping 3, GenuineIntel
TMP=C:\Users\DELL\AppData\Local\Temp
TEMP=C:\Users\DELL\AppData\Local\Temp




Periodic native trim disabled

---------------  S Y S T E M  ---------------

OS:
 Windows 11 , 64 bit Build 26100 (10.0.26100.8328)
OS uptime: 0 days 1:45 hours

CPU: total 12 (initial active 12) (6 cores per cpu, 2 threads per core) family 6 model 186 stepping 3 microcode 0x6134, cx8, cmov, fxsr, ht, mmx, 3dnowpref, sse, sse2, sse3, ssse3, sse4.1, sse4.2, popcnt, lzcnt, tsc, tscinvbit, avx, avx2, aes, erms, clmul, bmi1, bmi2, adx, sha, fma, vzeroupper, clflush, clflushopt, clwb, serialize, rdtscp, rdpid, fsrm, f16c, pku, cet_ibt, cet_ss
Processor Information for processor 0
  Max Mhz: 1700, Current Mhz: 1700, Mhz Limit: 1700
Processor Information for processor 1
  Max Mhz: 1700, Current Mhz: 1700, Mhz Limit: 1700
Processor Information for processor 2
  Max Mhz: 1700, Current Mhz: 1700, Mhz Limit: 1700
Processor Information for processor 3
  Max Mhz: 1700, Current Mhz: 1700, Mhz Limit: 1700
Processor Information for processor 4
  Max Mhz: 1700, Current Mhz: 1700, Mhz Limit: 1700
Processor Information for processor 5
  Max Mhz: 1700, Current Mhz: 1700, Mhz Limit: 1700
Processor Information for processor 6
  Max Mhz: 1700, Current Mhz: 1700, Mhz Limit: 1700
Processor Information for processor 7
  Max Mhz: 1700, Current Mhz: 1558, Mhz Limit: 1700
Processor Information for processor 8
  Max Mhz: 1700, Current Mhz: 1700, Mhz Limit: 1700
Processor Information for processor 9
  Max Mhz: 1700, Current Mhz: 1700, Mhz Limit: 1700
Processor Information for processor 10
  Max Mhz: 1700, Current Mhz: 1700, Mhz Limit: 1700
Processor Information for processor 11
  Max Mhz: 1700, Current Mhz: 1700, Mhz Limit: 1700

Memory: 4k page, system-wide physical 16068M (4693M free)
TotalPageFile size 18972M (AvailPageFile size 37M)
current process WorkingSet (physical memory assigned to process): 187M, peak: 260M
current process commit charge ("private bytes"): 309M, peak: 324M

vm_info: OpenJDK 64-Bit Server VM (21.0.11+10-LTS) for windows-amd64 JRE (21.0.11+10-LTS), built on 2026-04-18T18:13:49Z by "MicrosoftCorporation" with MS VC++ 17.14 (VS2022)

END.
