#
# There is insufficient memory for the Java Runtime Environment to continue.
# Native memory allocation (malloc) failed to allocate 2103040 bytes. Error detail: Chunk::new
# Possible reasons:
#   The system is out of physical RAM or swap space
#   This process is running with CompressedOops enabled, and the Java Heap may be blocking the growth of the native heap
# Possible solutions:
#   Reduce memory load on the system
#   Increase physical memory or swap space
#   Check if swap backing store is full
#   Decrease Java heap size (-Xmx/-Xms)
#   Decrease number of Java threads
#   Decrease Java thread stack sizes (-Xss)
#   Set larger code cache with -XX:ReservedCodeCacheSize=
#   JVM is running with Unscaled Compressed Oops mode in which the Java heap is
#     placed in the first 4GB address space. The Java Heap base address is the
#     maximum limit for the native heap growth. Please use -XX:HeapBaseMinAddress
#     to set the Java Heap base and to place the Java Heap above 4GB virtual address.
# This output file may be truncated or incomplete.
#
#  Out of Memory Error (arena.cpp:168), pid=20392, tid=17880
#
# JRE version: OpenJDK Runtime Environment Microsoft-13877171 (21.0.11+10) (build 21.0.11+10-LTS)
# Java VM: OpenJDK 64-Bit Server VM Microsoft-13877171 (21.0.11+10-LTS, mixed mode, sharing, tiered, compressed oops, compressed class ptrs, g1 gc, windows-amd64)
# No core dump will be written. Minidumps are not enabled by default on client versions of Windows
#

---------------  S U M M A R Y ------------

Command Line: -XX:MaxMetaspaceSize=64m --add-opens=java.base/java.util=ALL-UNNAMED --add-opens=java.base/java.lang=ALL-UNNAMED --add-opens=java.base/java.lang.invoke=ALL-UNNAMED --add-opens=java.prefs/java.util.prefs=ALL-UNNAMED --add-opens=java.base/java.nio.charset=ALL-UNNAMED --add-opens=java.base/java.net=ALL-UNNAMED --add-opens=java.base/java.util.concurrent.atomic=ALL-UNNAMED -Xms64m -Xmx64m -Dfile.encoding=UTF-8 -Duser.country -Duser.language=en -Duser.variant -javaagent:C:\Users\DELL\.gradle\wrapper\dists\gradle-8.8-bin\dl7vupf4psengwqhwktix4v1\gradle-8.8\lib\agents\gradle-instrumentation-agent-8.8.jar org.gradle.launcher.daemon.bootstrap.GradleDaemon 8.8

Host: 13th Gen Intel(R) Core(TM) i7-1355U, 12 cores, 15G,  Windows 11 , 64 bit Build 26100 (10.0.26100.8328)
Time: Fri May 22 15:56:11 2026 SE Asia Standard Time elapsed time: 2.146642 seconds (0d 0h 0m 2s)

---------------  T H R E A D  ---------------

Current thread (0x00000187707ee250):  JavaThread "C2 CompilerThread0" daemon [_thread_in_native, id=17880, stack(0x00000043bd900000,0x00000043bda00000) (1024K)]


Current CompileTask:
C2:2146 2628       4       java.lang.invoke.MethodType::makeImpl (109 bytes)

Stack: [0x00000043bd900000,0x00000043bda00000]
Native frames: (J=compiled Java code, j=interpreted, Vv=VM code, C=native code)
V  [jvm.dll+0x6e0429]  (no source info available)
V  [jvm.dll+0x8c057b]  (no source info available)
V  [jvm.dll+0x8c2b0a]  (no source info available)
V  [jvm.dll+0x8c31e3]  (no source info available)
V  [jvm.dll+0x28ac66]  (no source info available)
V  [jvm.dll+0xc91cd]  (no source info available)
V  [jvm.dll+0xc971c]  (no source info available)
V  [jvm.dll+0x3c859c]  (no source info available)
V  [jvm.dll+0x394bb2]  (no source info available)
V  [jvm.dll+0x39400a]  (no source info available)
V  [jvm.dll+0x252840]  (no source info available)
V  [jvm.dll+0x251e6c]  (no source info available)
V  [jvm.dll+0x1d1c5f]  (no source info available)
V  [jvm.dll+0x261bda]  (no source info available)
V  [jvm.dll+0x25ff45]  (no source info available)
V  [jvm.dll+0x4022c5]  (no source info available)
V  [jvm.dll+0x86b2bd]  (no source info available)
V  [jvm.dll+0x6e19dd]  (no source info available)
C  [ucrtbase.dll+0x37b0]  (no source info available)
C  [KERNEL32.DLL+0x2e957]  (no source info available)
C  [ntdll.dll+0x427c]  (no source info available)


---------------  P R O C E S S  ---------------

Threads class SMR info:
_java_thread_list=0x000001877ba40d70, length=26, elements={
0x0000018753ada360, 0x00000187707c2d00, 0x00000187707c7780, 0x00000187707ce910,
0x00000187707cf9b0, 0x00000187707d4450, 0x00000187707d3dc0, 0x00000187707ee250,
0x00000187707f0e40, 0x00000187707d0fd0, 0x00000187707d2380, 0x000001877a1801a0,
0x00000187707d2a10, 0x00000187707d3730, 0x00000187707d1660, 0x000001877b713ba0,
0x000001877b715c70, 0x000001877b712e80, 0x000001877b7155e0, 0x000001877b714230,
0x000001877b716990, 0x000001877b7148c0, 0x000001877b716300, 0x000001877b713510,
0x000001877b714f50, 0x000001877be790a0
}

Java Threads: ( => current thread )
  0x0000018753ada360 JavaThread "main"                              [_thread_blocked, id=23880, stack(0x00000043bcb00000,0x00000043bcc00000) (1024K)]
  0x00000187707c2d00 JavaThread "Reference Handler"          daemon [_thread_blocked, id=2076, stack(0x00000043bd300000,0x00000043bd400000) (1024K)]
  0x00000187707c7780 JavaThread "Finalizer"                  daemon [_thread_blocked, id=6328, stack(0x00000043bd400000,0x00000043bd500000) (1024K)]
  0x00000187707ce910 JavaThread "Signal Dispatcher"          daemon [_thread_blocked, id=24088, stack(0x00000043bd500000,0x00000043bd600000) (1024K)]
  0x00000187707cf9b0 JavaThread "Attach Listener"            daemon [_thread_blocked, id=23648, stack(0x00000043bd600000,0x00000043bd700000) (1024K)]
  0x00000187707d4450 JavaThread "Service Thread"             daemon [_thread_blocked, id=22032, stack(0x00000043bd700000,0x00000043bd800000) (1024K)]
  0x00000187707d3dc0 JavaThread "Monitor Deflation Thread"   daemon [_thread_blocked, id=21032, stack(0x00000043bd800000,0x00000043bd900000) (1024K)]
=>0x00000187707ee250 JavaThread "C2 CompilerThread0"         daemon [_thread_in_native, id=17880, stack(0x00000043bd900000,0x00000043bda00000) (1024K)]
  0x00000187707f0e40 JavaThread "C1 CompilerThread0"         daemon [_thread_blocked, id=25116, stack(0x00000043bda00000,0x00000043bdb00000) (1024K)]
  0x00000187707d0fd0 JavaThread "Common-Cleaner"             daemon [_thread_blocked, id=12492, stack(0x00000043bdb00000,0x00000043bdc00000) (1024K)]
  0x00000187707d2380 JavaThread "Notification Thread"        daemon [_thread_blocked, id=22064, stack(0x00000043bdc00000,0x00000043bdd00000) (1024K)]
  0x000001877a1801a0 JavaThread "C2 CompilerThread1"         daemon [_thread_in_native, id=16144, stack(0x00000043bdd00000,0x00000043bde00000) (1024K)]
  0x00000187707d2a10 JavaThread "Daemon health stats"               [_thread_blocked, id=25544, stack(0x00000043be300000,0x00000043be400000) (1024K)]
  0x00000187707d3730 JavaThread "Incoming local TCP Connector on port 62611"        [_thread_in_native, id=15056, stack(0x00000043be400000,0x00000043be500000) (1024K)]
  0x00000187707d1660 JavaThread "Daemon periodic checks"            [_thread_blocked, id=16204, stack(0x00000043be500000,0x00000043be600000) (1024K)]
  0x000001877b713ba0 JavaThread "Daemon"                            [_thread_blocked, id=14852, stack(0x00000043be600000,0x00000043be700000) (1024K)]
  0x000001877b715c70 JavaThread "Handler for socket connection from /127.0.0.1:62611 to /127.0.0.1:62612"        [_thread_in_native, id=4240, stack(0x00000043be700000,0x00000043be800000) (1024K)]
  0x000001877b712e80 JavaThread "Cancel handler"                    [_thread_blocked, id=16892, stack(0x00000043be800000,0x00000043be900000) (1024K)]
  0x000001877b7155e0 JavaThread "Daemon worker"                     [_thread_in_native, id=3564, stack(0x00000043be900000,0x00000043bea00000) (1024K)]
  0x000001877b714230 JavaThread "Asynchronous log dispatcher for DefaultDaemonConnection: socket connection from /127.0.0.1:62611 to /127.0.0.1:62612"        [_thread_blocked, id=21360, stack(0x00000043bea00000,0x00000043beb00000) (1024K)]
  0x000001877b716990 JavaThread "Stdin handler"                     [_thread_blocked, id=18584, stack(0x00000043beb00000,0x00000043bec00000) (1024K)]
  0x000001877b7148c0 JavaThread "Daemon client event forwarder"        [_thread_blocked, id=11488, stack(0x00000043bec00000,0x00000043bed00000) (1024K)]
  0x000001877b716300 JavaThread "Cache worker for journal cache (C:\Users\DELL\.gradle\caches\journal-1)"        [_thread_blocked, id=11600, stack(0x00000043bf100000,0x00000043bf200000) (1024K)]
  0x000001877b713510 JavaThread "File lock request listener"        [_thread_in_native, id=15228, stack(0x00000043bf200000,0x00000043bf300000) (1024K)]
  0x000001877b714f50 JavaThread "Cache worker for file hash cache (C:\Users\DELL\.gradle\caches\8.8\fileHashes)"        [_thread_blocked, id=12740, stack(0x00000043bf300000,0x00000043bf400000) (1024K)]
  0x000001877be790a0 JavaThread "C2 CompilerThread2"         daemon [_thread_in_native, id=24716, stack(0x00000043bf400000,0x00000043bf500000) (1024K)]
Total: 26

Other Threads:
  0x0000018755f06e60 VMThread "VM Thread"                           [id=23268, stack(0x00000043bd200000,0x00000043bd300000) (1024K)]
  0x0000018755efaad0 WatcherThread "VM Periodic Task Thread"        [id=7216, stack(0x00000043bd100000,0x00000043bd200000) (1024K)]
  0x0000018755e6bff0 WorkerThread "GC Thread#0"                     [id=13108, stack(0x00000043bcc00000,0x00000043bcd00000) (1024K)]
  0x000001877a9aa0c0 WorkerThread "GC Thread#1"                     [id=3204, stack(0x00000043bde00000,0x00000043bdf00000) (1024K)]
  0x000001877a7a3bb0 WorkerThread "GC Thread#2"                     [id=9776, stack(0x00000043bdf00000,0x00000043be000000) (1024K)]
  0x000001877a81f9b0 WorkerThread "GC Thread#3"                     [id=20800, stack(0x00000043be000000,0x00000043be100000) (1024K)]
  0x000001877a768de0 WorkerThread "GC Thread#4"                     [id=14396, stack(0x00000043be100000,0x00000043be200000) (1024K)]
  0x000001877b4477a0 WorkerThread "GC Thread#5"                     [id=23172, stack(0x00000043be200000,0x00000043be300000) (1024K)]
  0x000001877ac7f6c0 WorkerThread "GC Thread#6"                     [id=15600, stack(0x00000043bed00000,0x00000043bee00000) (1024K)]
  0x000001877b9bbc60 WorkerThread "GC Thread#7"                     [id=5016, stack(0x00000043bee00000,0x00000043bef00000) (1024K)]
  0x000001877b9bc010 WorkerThread "GC Thread#8"                     [id=2828, stack(0x00000043bef00000,0x00000043bf000000) (1024K)]
  0x000001877b8d6570 WorkerThread "GC Thread#9"                     [id=400, stack(0x00000043bf000000,0x00000043bf100000) (1024K)]
  0x0000018755e6d6f0 ConcurrentGCThread "G1 Main Marker"            [id=21968, stack(0x00000043bcd00000,0x00000043bce00000) (1024K)]
  0x0000018755e6ef90 WorkerThread "G1 Conc#0"                       [id=8908, stack(0x00000043bce00000,0x00000043bcf00000) (1024K)]
  0x0000018755eebfc0 ConcurrentGCThread "G1 Refine#0"               [id=9996, stack(0x00000043bcf00000,0x00000043bd000000) (1024K)]
  0x0000018755eee620 ConcurrentGCThread "G1 Service"                [id=21980, stack(0x00000043bd000000,0x00000043bd100000) (1024K)]
Total: 16

Threads with active compile tasks:
C2 CompilerThread0  2193 2628       4       java.lang.invoke.MethodType::makeImpl (109 bytes)
C2 CompilerThread1  2193 2575   !   4       java.lang.ClassLoader::loadClass (121 bytes)
C2 CompilerThread2  2193 2723       4       jdk.internal.org.objectweb.asm.Frame::getAbstractTypeFromDescriptor (415 bytes)
Total: 3

VM state: not at safepoint (normal execution)

VM Mutex/Monitor currently owned by a thread: None

Heap address: 0x00000000fc000000, size: 64 MB, Compressed Oops mode: 32-bit

CDS archive(s) mapped at: [0x0000018771000000-0x0000018771c80000-0x0000018771c80000), size 13107200, SharedBaseAddress: 0x0000018771000000, ArchiveRelocationMode: 1.
Compressed class space mapped at: 0x0000018772000000-0x0000018776000000, reserved size: 67108864
Narrow klass base: 0x0000018771000000, Narrow klass shift: 0, Narrow klass range: 0x100000000

GC Precious Log:
 CardTable entry size: 512
 Card Set container configuration: InlinePtr #cards 5 size 8 Array Of Cards #cards 12 size 40 Howl #buckets 4 coarsen threshold 1843 Howl Bitmap #cards 512 size 80 coarsen threshold 460 Card regions per heap region 1 cards per card region 2048
 CPUs: 12 total, 12 available
 Memory: 16068M
 Large Page Support: Disabled
 NUMA Support: Disabled
 Compressed Oops: Enabled (32-bit)
 Heap Region Size: 1M
 Heap Min Capacity: 64M
 Heap Initial Capacity: 64M
 Heap Max Capacity: 64M
 Pre-touch: Disabled
 Parallel Workers: 10
 Concurrent Workers: 3
 Concurrent Refinement Workers: 10
 Periodic GC: Disabled

Heap:
 garbage-first heap   total 65536K, used 45258K [0x00000000fc000000, 0x0000000100000000)
  region size 1024K, 29 young (29696K), 4 survivors (4096K)
 Metaspace       used 17228K, committed 17728K, reserved 131072K
  class space    used 2428K, committed 2624K, reserved 65536K

Heap Regions: E=young(eden), S=young(survivor), O=old, HS=humongous(starts), HC=humongous(continues), CS=collection set, F=free, TAMS=top-at-mark-start, PB=parsable bottom
|   0|0x00000000fc000000, 0x00000000fc100000, 0x00000000fc100000|100%|HS|  |TAMS 0x00000000fc000000| PB 0x00000000fc000000| Complete 
|   1|0x00000000fc100000, 0x00000000fc200000, 0x00000000fc200000|100%|HC|  |TAMS 0x00000000fc100000| PB 0x00000000fc100000| Complete 
|   2|0x00000000fc200000, 0x00000000fc300000, 0x00000000fc300000|100%|HC|  |TAMS 0x00000000fc200000| PB 0x00000000fc200000| Complete 
|   3|0x00000000fc300000, 0x00000000fc400000, 0x00000000fc400000|100%|HC|  |TAMS 0x00000000fc300000| PB 0x00000000fc300000| Complete 
|   4|0x00000000fc400000, 0x00000000fc500000, 0x00000000fc500000|100%| O|  |TAMS 0x00000000fc400000| PB 0x00000000fc400000| Untracked 
|   5|0x00000000fc500000, 0x00000000fc600000, 0x00000000fc600000|100%| O|  |TAMS 0x00000000fc500000| PB 0x00000000fc500000| Untracked 
|   6|0x00000000fc600000, 0x00000000fc700000, 0x00000000fc700000|100%| O|  |TAMS 0x00000000fc600000| PB 0x00000000fc600000| Untracked 
|   7|0x00000000fc700000, 0x00000000fc800000, 0x00000000fc800000|100%| O|  |TAMS 0x00000000fc700000| PB 0x00000000fc700000| Untracked 
|   8|0x00000000fc800000, 0x00000000fc900000, 0x00000000fc900000|100%| O|  |TAMS 0x00000000fc800000| PB 0x00000000fc800000| Untracked 
|   9|0x00000000fc900000, 0x00000000fca00000, 0x00000000fca00000|100%| O|  |TAMS 0x00000000fc900000| PB 0x00000000fc900000| Untracked 
|  10|0x00000000fca00000, 0x00000000fcb00000, 0x00000000fcb00000|100%| O|  |TAMS 0x00000000fca00000| PB 0x00000000fca00000| Untracked 
|  11|0x00000000fcb00000, 0x00000000fcc00000, 0x00000000fcc00000|100%|HS|  |TAMS 0x00000000fcb00000| PB 0x00000000fcb00000| Complete 
|  12|0x00000000fcc00000, 0x00000000fcd00000, 0x00000000fcd00000|100%| O|  |TAMS 0x00000000fcc00000| PB 0x00000000fcc00000| Untracked 
|  13|0x00000000fcd00000, 0x00000000fce00000, 0x00000000fce00000|100%| O|  |TAMS 0x00000000fcd00000| PB 0x00000000fcd00000| Untracked 
|  14|0x00000000fce00000, 0x00000000fcf00000, 0x00000000fcf00000|100%| O|  |TAMS 0x00000000fce00000| PB 0x00000000fce00000| Untracked 
|  15|0x00000000fcf00000, 0x00000000fd000000, 0x00000000fd000000|100%| O|  |TAMS 0x00000000fcf00000| PB 0x00000000fcf00000| Untracked 
|  16|0x00000000fd000000, 0x00000000fd0b7750, 0x00000000fd100000| 71%| O|  |TAMS 0x00000000fd000000| PB 0x00000000fd000000| Untracked 
|  17|0x00000000fd100000, 0x00000000fd100000, 0x00000000fd200000|  0%| F|  |TAMS 0x00000000fd100000| PB 0x00000000fd100000| Untracked 
|  18|0x00000000fd200000, 0x00000000fd200000, 0x00000000fd300000|  0%| F|  |TAMS 0x00000000fd200000| PB 0x00000000fd200000| Untracked 
|  19|0x00000000fd300000, 0x00000000fd300000, 0x00000000fd400000|  0%| F|  |TAMS 0x00000000fd300000| PB 0x00000000fd300000| Untracked 
|  20|0x00000000fd400000, 0x00000000fd400000, 0x00000000fd500000|  0%| F|  |TAMS 0x00000000fd400000| PB 0x00000000fd400000| Untracked 
|  21|0x00000000fd500000, 0x00000000fd500000, 0x00000000fd600000|  0%| F|  |TAMS 0x00000000fd500000| PB 0x00000000fd500000| Untracked 
|  22|0x00000000fd600000, 0x00000000fd600000, 0x00000000fd700000|  0%| F|  |TAMS 0x00000000fd600000| PB 0x00000000fd600000| Untracked 
|  23|0x00000000fd700000, 0x00000000fd700000, 0x00000000fd800000|  0%| F|  |TAMS 0x00000000fd700000| PB 0x00000000fd700000| Untracked 
|  24|0x00000000fd800000, 0x00000000fd800000, 0x00000000fd900000|  0%| F|  |TAMS 0x00000000fd800000| PB 0x00000000fd800000| Untracked 
|  25|0x00000000fd900000, 0x00000000fd97b180, 0x00000000fda00000| 48%| S|CS|TAMS 0x00000000fd900000| PB 0x00000000fd900000| Complete 
|  26|0x00000000fda00000, 0x00000000fdb00000, 0x00000000fdb00000|100%| S|CS|TAMS 0x00000000fda00000| PB 0x00000000fda00000| Complete 
|  27|0x00000000fdb00000, 0x00000000fdc00000, 0x00000000fdc00000|100%| S|CS|TAMS 0x00000000fdb00000| PB 0x00000000fdb00000| Complete 
|  28|0x00000000fdc00000, 0x00000000fdc00000, 0x00000000fdd00000|  0%| F|  |TAMS 0x00000000fdc00000| PB 0x00000000fdc00000| Untracked 
|  29|0x00000000fdd00000, 0x00000000fdd00000, 0x00000000fde00000|  0%| F|  |TAMS 0x00000000fdd00000| PB 0x00000000fdd00000| Untracked 
|  30|0x00000000fde00000, 0x00000000fde00000, 0x00000000fdf00000|  0%| F|  |TAMS 0x00000000fde00000| PB 0x00000000fde00000| Untracked 
|  31|0x00000000fdf00000, 0x00000000fdf00000, 0x00000000fe000000|  0%| F|  |TAMS 0x00000000fdf00000| PB 0x00000000fdf00000| Untracked 
|  32|0x00000000fe000000, 0x00000000fe100000, 0x00000000fe100000|100%| S|CS|TAMS 0x00000000fe000000| PB 0x00000000fe000000| Complete 
|  33|0x00000000fe100000, 0x00000000fe100000, 0x00000000fe200000|  0%| F|  |TAMS 0x00000000fe100000| PB 0x00000000fe100000| Untracked 
|  34|0x00000000fe200000, 0x00000000fe200000, 0x00000000fe300000|  0%| F|  |TAMS 0x00000000fe200000| PB 0x00000000fe200000| Untracked 
|  35|0x00000000fe300000, 0x00000000fe300000, 0x00000000fe400000|  0%| F|  |TAMS 0x00000000fe300000| PB 0x00000000fe300000| Untracked 
|  36|0x00000000fe400000, 0x00000000fe400000, 0x00000000fe500000|  0%| F|  |TAMS 0x00000000fe400000| PB 0x00000000fe400000| Untracked 
|  37|0x00000000fe500000, 0x00000000fe500000, 0x00000000fe600000|  0%| F|  |TAMS 0x00000000fe500000| PB 0x00000000fe500000| Untracked 
|  38|0x00000000fe600000, 0x00000000fe600000, 0x00000000fe700000|  0%| F|  |TAMS 0x00000000fe600000| PB 0x00000000fe600000| Untracked 
|  39|0x00000000fe700000, 0x00000000fe7da390, 0x00000000fe800000| 85%| E|  |TAMS 0x00000000fe700000| PB 0x00000000fe700000| Complete 
|  40|0x00000000fe800000, 0x00000000fe900000, 0x00000000fe900000|100%| E|CS|TAMS 0x00000000fe800000| PB 0x00000000fe800000| Complete 
|  41|0x00000000fe900000, 0x00000000fea00000, 0x00000000fea00000|100%| E|CS|TAMS 0x00000000fe900000| PB 0x00000000fe900000| Complete 
|  42|0x00000000fea00000, 0x00000000feb00000, 0x00000000feb00000|100%| E|CS|TAMS 0x00000000fea00000| PB 0x00000000fea00000| Complete 
|  43|0x00000000feb00000, 0x00000000fec00000, 0x00000000fec00000|100%| E|CS|TAMS 0x00000000feb00000| PB 0x00000000feb00000| Complete 
|  44|0x00000000fec00000, 0x00000000fed00000, 0x00000000fed00000|100%| E|CS|TAMS 0x00000000fec00000| PB 0x00000000fec00000| Complete 
|  45|0x00000000fed00000, 0x00000000fee00000, 0x00000000fee00000|100%| E|CS|TAMS 0x00000000fed00000| PB 0x00000000fed00000| Complete 
|  46|0x00000000fee00000, 0x00000000fef00000, 0x00000000fef00000|100%| E|CS|TAMS 0x00000000fee00000| PB 0x00000000fee00000| Complete 
|  47|0x00000000fef00000, 0x00000000ff000000, 0x00000000ff000000|100%| E|CS|TAMS 0x00000000fef00000| PB 0x00000000fef00000| Complete 
|  48|0x00000000ff000000, 0x00000000ff100000, 0x00000000ff100000|100%| E|CS|TAMS 0x00000000ff000000| PB 0x00000000ff000000| Complete 
|  49|0x00000000ff100000, 0x00000000ff200000, 0x00000000ff200000|100%| E|CS|TAMS 0x00000000ff100000| PB 0x00000000ff100000| Complete 
|  50|0x00000000ff200000, 0x00000000ff300000, 0x00000000ff300000|100%| E|CS|TAMS 0x00000000ff200000| PB 0x00000000ff200000| Complete 
|  51|0x00000000ff300000, 0x00000000ff400000, 0x00000000ff400000|100%| E|CS|TAMS 0x00000000ff300000| PB 0x00000000ff300000| Complete 
|  52|0x00000000ff400000, 0x00000000ff500000, 0x00000000ff500000|100%| E|CS|TAMS 0x00000000ff400000| PB 0x00000000ff400000| Complete 
|  53|0x00000000ff500000, 0x00000000ff600000, 0x00000000ff600000|100%| E|CS|TAMS 0x00000000ff500000| PB 0x00000000ff500000| Complete 
|  54|0x00000000ff600000, 0x00000000ff700000, 0x00000000ff700000|100%| E|CS|TAMS 0x00000000ff600000| PB 0x00000000ff600000| Complete 
|  55|0x00000000ff700000, 0x00000000ff800000, 0x00000000ff800000|100%| E|CS|TAMS 0x00000000ff700000| PB 0x00000000ff700000| Complete 
|  56|0x00000000ff800000, 0x00000000ff900000, 0x00000000ff900000|100%| E|CS|TAMS 0x00000000ff800000| PB 0x00000000ff800000| Complete 
|  57|0x00000000ff900000, 0x00000000ffa00000, 0x00000000ffa00000|100%| E|CS|TAMS 0x00000000ff900000| PB 0x00000000ff900000| Complete 
|  58|0x00000000ffa00000, 0x00000000ffb00000, 0x00000000ffb00000|100%| E|CS|TAMS 0x00000000ffa00000| PB 0x00000000ffa00000| Complete 
|  59|0x00000000ffb00000, 0x00000000ffc00000, 0x00000000ffc00000|100%| E|CS|TAMS 0x00000000ffb00000| PB 0x00000000ffb00000| Complete 
|  60|0x00000000ffc00000, 0x00000000ffd00000, 0x00000000ffd00000|100%| E|CS|TAMS 0x00000000ffc00000| PB 0x00000000ffc00000| Complete 
|  61|0x00000000ffd00000, 0x00000000ffe00000, 0x00000000ffe00000|100%| E|CS|TAMS 0x00000000ffd00000| PB 0x00000000ffd00000| Complete 
|  62|0x00000000ffe00000, 0x00000000fff00000, 0x00000000fff00000|100%| E|CS|TAMS 0x00000000ffe00000| PB 0x00000000ffe00000| Complete 
|  63|0x00000000fff00000, 0x0000000100000000, 0x0000000100000000|100%| E|CS|TAMS 0x00000000fff00000| PB 0x00000000fff00000| Complete 

Card table byte_map: [0x0000018753d20000,0x0000018753d40000] _byte_map_base: 0x0000018753540000

Marking Bits: (CMBitMap*) 0x0000018755e6c610
 Bits: [0x000001876dad0000, 0x000001876dbd0000)

Polling page: 0x0000018753a80000

Metaspace:

Usage:
  Non-class:     14.45 MB used.
      Class:      2.37 MB used.
       Both:     16.82 MB used.

Virtual space:
  Non-class space:       64.00 MB reserved,      14.75 MB ( 23%) committed,  1 nodes.
      Class space:       64.00 MB reserved,       2.56 MB (  4%) committed,  1 nodes.
             Both:      128.00 MB reserved,      17.31 MB ( 14%) committed. 

Chunk freelists:
   Non-Class:  336.00 KB
       Class:  13.44 MB
        Both:  13.77 MB

MaxMetaspaceSize: 64.00 MB
CompressedClassSpaceSize: 64.00 MB
Initial GC threshold: 21.00 MB
Current GC threshold: 21.00 MB
CDS: on
 - commit_granule_bytes: 65536.
 - commit_granule_words: 8192.
 - virtual_space_node_default_size: 8388608.
 - enlarge_chunks_in_place: 1.
 - use_allocation_guard: 0.


Internal statistics:

num_allocs_failed_limit: 0.
num_arena_births: 656.
num_arena_deaths: 0.
num_vsnodes_births: 2.
num_vsnodes_deaths: 0.
num_space_committed: 277.
num_space_uncommitted: 0.
num_chunks_returned_to_freelist: 0.
num_chunks_taken_from_freelist: 1271.
num_chunk_merges: 0.
num_chunk_splits: 824.
num_chunks_enlarged: 556.
num_inconsistent_stats: 0.

CodeHeap 'non-profiled nmethods': size=120000Kb used=1303Kb max_used=1303Kb free=118696Kb
 bounds [0x0000018766050000, 0x00000187662c0000, 0x000001876d580000]
CodeHeap 'profiled nmethods': size=120000Kb used=5458Kb max_used=5458Kb free=114541Kb
 bounds [0x000001875e580000, 0x000001875eae0000, 0x0000018765ab0000]
CodeHeap 'non-nmethods': size=5760Kb used=1414Kb max_used=1431Kb free=4345Kb
 bounds [0x0000018765ab0000, 0x0000018765d20000, 0x0000018766050000]
CodeCache: size=245760Kb, used=8175Kb, max_used=8192Kb, free=237582Kb
 total_blobs=3313, nmethods=2744, adapters=473, full_count=0
Compilation: enabled, stopped_count=0, restarted_count=0

Compilation events (20 events):
Event: 1.953 Thread 0x00000187707f0e40 nmethod 2733 0x000001875eacb610 code [0x000001875eacb800, 0x000001875eacbe28]
Event: 1.953 Thread 0x00000187707f0e40 2734       3       com.google.common.io.BaseEncoding$Alphabet::encode (7 bytes)
Event: 1.953 Thread 0x00000187707f0e40 nmethod 2734 0x000001875eacc090 code [0x000001875eacc240, 0x000001875eacc380]
Event: 1.955 Thread 0x00000187707f0e40 2735       3       jdk.internal.loader.AbstractClassLoaderValue::map (20 bytes)
Event: 1.955 Thread 0x00000187707f0e40 nmethod 2735 0x000001875eacc490 code [0x000001875eacc660, 0x000001875eacc930]
Event: 1.955 Thread 0x00000187707f0e40 2736       3       java.util.ArrayList::contains (14 bytes)
Event: 1.955 Thread 0x00000187707f0e40 nmethod 2736 0x000001875eacca90 code [0x000001875eaccc40, 0x000001875eacce60]
Event: 1.955 Thread 0x00000187707f0e40 2737       3       java.util.ArrayList::indexOf (11 bytes)
Event: 1.955 Thread 0x00000187707f0e40 nmethod 2737 0x000001875eaccf90 code [0x000001875eacd140, 0x000001875eacd2a0]
Event: 1.955 Thread 0x00000187707f0e40 2738       3       org.gradle.internal.service.DefaultServiceRegistry$SingletonService::get (5 bytes)
Event: 1.955 Thread 0x00000187707f0e40 nmethod 2738 0x000001875eacd390 code [0x000001875eacd540, 0x000001875eacd678]
Event: 1.955 Thread 0x00000187707f0e40 2739   !   3       org.gradle.internal.service.DefaultServiceRegistry$ManagedObjectServiceProvider::getInstance (47 bytes)
Event: 1.955 Thread 0x00000187707f0e40 nmethod 2739 0x000001875eacd710 code [0x000001875eacd8e0, 0x000001875eacddd8]
Event: 1.956 Thread 0x00000187707f0e40 2741       3       java.util.LinkedHashMap::<init> (15 bytes)
Event: 1.957 Thread 0x00000187707f0e40 nmethod 2741 0x000001875eace010 code [0x000001875eace1c0, 0x000001875eace3f8]
Event: 1.957 Thread 0x00000187707f0e40 2740       1       sun.reflect.generics.repository.AbstractRepository::getFactory (5 bytes)
Event: 1.957 Thread 0x00000187707f0e40 nmethod 2740 0x0000018766192590 code [0x0000018766192720, 0x00000187661927e8]
Event: 1.959 Thread 0x00000187707f0e40 2742       3       sun.reflect.annotation.AnnotationInvocationHandler::invoke (182 bytes)
Event: 1.961 Thread 0x00000187707f0e40 nmethod 2742 0x000001875eace510 code [0x000001875eace860, 0x000001875eacf960]
Event: 1.992 Thread 0x00000187707f0e40 2743       2       java.util.concurrent.locks.ReentrantLock$Sync::tryRelease (51 bytes)

GC Heap History (8 events):
Event: 0.507 GC heap before
{Heap before GC invocations=0 (full 0):
 garbage-first heap   total 65536K, used 26624K [0x00000000fc000000, 0x0000000100000000)
  region size 1024K, 23 young (23552K), 0 survivors (0K)
 Metaspace       used 2224K, committed 2368K, reserved 131072K
  class space    used 246K, committed 320K, reserved 65536K
}
Event: 0.511 GC heap after
{Heap after GC invocations=1 (full 0):
 garbage-first heap   total 65536K, used 10480K [0x00000000fc000000, 0x0000000100000000)
  region size 1024K, 3 young (3072K), 3 survivors (3072K)
 Metaspace       used 2224K, committed 2368K, reserved 131072K
  class space    used 246K, committed 320K, reserved 65536K
}
Event: 0.805 GC heap before
{Heap before GC invocations=1 (full 0):
 garbage-first heap   total 65536K, used 35056K [0x00000000fc000000, 0x0000000100000000)
  region size 1024K, 28 young (28672K), 3 survivors (3072K)
 Metaspace       used 4215K, committed 4416K, reserved 131072K
  class space    used 526K, committed 640K, reserved 65536K
}
Event: 0.808 GC heap after
{Heap after GC invocations=2 (full 0):
 garbage-first heap   total 65536K, used 12119K [0x00000000fc000000, 0x0000000100000000)
  region size 1024K, 2 young (2048K), 2 survivors (2048K)
 Metaspace       used 4215K, committed 4416K, reserved 131072K
  class space    used 526K, committed 640K, reserved 65536K
}
Event: 1.075 GC heap before
{Heap before GC invocations=2 (full 0):
 garbage-first heap   total 65536K, used 44887K [0x00000000fc000000, 0x0000000100000000)
  region size 1024K, 32 young (32768K), 2 survivors (2048K)
 Metaspace       used 5317K, committed 5568K, reserved 131072K
  class space    used 702K, committed 832K, reserved 65536K
}
Event: 1.079 GC heap after
{Heap after GC invocations=3 (full 0):
 garbage-first heap   total 65536K, used 17029K [0x00000000fc000000, 0x0000000100000000)
  region size 1024K, 4 young (4096K), 4 survivors (4096K)
 Metaspace       used 5317K, committed 5568K, reserved 131072K
  class space    used 702K, committed 832K, reserved 65536K
}
Event: 1.623 GC heap before
{Heap before GC invocations=3 (full 0):
 garbage-first heap   total 65536K, used 48773K [0x00000000fc000000, 0x0000000100000000)
  region size 1024K, 35 young (35840K), 4 survivors (4096K)
 Metaspace       used 13064K, committed 13504K, reserved 131072K
  class space    used 1766K, committed 1984K, reserved 65536K
}
Event: 1.632 GC heap after
{Heap after GC invocations=4 (full 0):
 garbage-first heap   total 65536K, used 20682K [0x00000000fc000000, 0x0000000100000000)
  region size 1024K, 4 young (4096K), 4 survivors (4096K)
 Metaspace       used 13064K, committed 13504K, reserved 131072K
  class space    used 1766K, committed 1984K, reserved 65536K
}

Dll operation events (15 events):
Event: 0.008 Loaded shared library C:\Users\DELL\.jdks\ms-21.0.11\bin\java.dll
Event: 0.036 Loaded shared library C:\Users\DELL\.jdks\ms-21.0.11\bin\jsvml.dll
Event: 0.072 Loaded shared library C:\Users\DELL\.jdks\ms-21.0.11\bin\zip.dll
Event: 0.074 Loaded shared library C:\Users\DELL\.jdks\ms-21.0.11\bin\instrument.dll
Event: 0.077 Loaded shared library C:\Users\DELL\.jdks\ms-21.0.11\bin\net.dll
Event: 0.078 Loaded shared library C:\Users\DELL\.jdks\ms-21.0.11\bin\nio.dll
Event: 0.081 Loaded shared library C:\Users\DELL\.jdks\ms-21.0.11\bin\zip.dll
Event: 0.252 Loaded shared library C:\Users\DELL\.jdks\ms-21.0.11\bin\jimage.dll
Event: 0.415 Loaded shared library C:\Users\DELL\.jdks\ms-21.0.11\bin\verify.dll
Event: 0.521 Loaded shared library C:\Users\DELL\.gradle\native\c067742578af261105cb4f569cf0c3c89f3d7b1fecec35dd04571415982c5e48\windows-amd64\native-platform.dll
Event: 0.524 Loaded shared library C:\Users\DELL\.gradle\native\100fb08df4bc3b14c8652ba06237920a3bd2aa13389f12d3474272988ae205f9\windows-amd64\native-platform-file-events.dll
Event: 1.169 Loaded shared library C:\Users\DELL\.jdks\ms-21.0.11\bin\management.dll
Event: 1.171 Loaded shared library C:\Users\DELL\.jdks\ms-21.0.11\bin\management_ext.dll
Event: 1.287 Loaded shared library C:\Users\DELL\.jdks\ms-21.0.11\bin\extnet.dll
Event: 1.402 Loaded shared library C:\Users\DELL\.jdks\ms-21.0.11\bin\sunmscapi.dll

Deoptimization events (20 events):
Event: 1.805 Thread 0x000001877b7155e0 Uncommon trap: trap_request=0xffffffcc fr.pc=0x0000018766182d8c relative=0x000000000000034c
Event: 1.805 Thread 0x000001877b7155e0 Uncommon trap: reason=intrinsic_or_type_checked_inlining action=make_not_entrant pc=0x0000018766182d8c method=java.util.Arrays.copyOf([Ljava/lang/Object;ILjava/lang/Class;)[Ljava/lang/Object; @ 35 c2
Event: 1.805 Thread 0x000001877b7155e0 DEOPT PACKING pc=0x0000018766182d8c sp=0x00000043be9fb940
Event: 1.805 Thread 0x000001877b7155e0 DEOPT UNPACKING pc=0x0000018765b04422 sp=0x00000043be9fb8e8 mode 2
Event: 1.807 Thread 0x000001877b7155e0 Uncommon trap: trap_request=0xffffff45 fr.pc=0x0000018766079b04 relative=0x0000000000000d04
Event: 1.807 Thread 0x000001877b7155e0 Uncommon trap: reason=unstable_if action=reinterpret pc=0x0000018766079b04 method=java.io.WinNTFileSystem.resolve(Ljava/lang/String;Ljava/lang/String;)Ljava/lang/String; @ 19 c2
Event: 1.807 Thread 0x000001877b7155e0 DEOPT PACKING pc=0x0000018766079b04 sp=0x00000043be9fb7c0
Event: 1.807 Thread 0x000001877b7155e0 DEOPT UNPACKING pc=0x0000018765b04422 sp=0x00000043be9fb758 mode 2
Event: 1.808 Thread 0x000001877b7155e0 Uncommon trap: trap_request=0xffffff45 fr.pc=0x00000187660da718 relative=0x0000000000000638
Event: 1.808 Thread 0x000001877b7155e0 Uncommon trap: reason=unstable_if action=reinterpret pc=0x00000187660da718 method=java.io.File.getName()Ljava/lang/String; @ 16 c2
Event: 1.808 Thread 0x000001877b7155e0 DEOPT PACKING pc=0x00000187660da718 sp=0x00000043be9fb770
Event: 1.808 Thread 0x000001877b7155e0 DEOPT UNPACKING pc=0x0000018765b04422 sp=0x00000043be9fb740 mode 2
Event: 1.856 Thread 0x000001877b7155e0 Uncommon trap: trap_request=0xffffff45 fr.pc=0x000001876607bb14 relative=0x00000000000000f4
Event: 1.856 Thread 0x000001877b7155e0 Uncommon trap: reason=unstable_if action=reinterpret pc=0x000001876607bb14 method=java.util.HashMap.hash(Ljava/lang/Object;)I @ 1 c2
Event: 1.856 Thread 0x000001877b7155e0 DEOPT PACKING pc=0x000001876607bb14 sp=0x00000043be9fc620
Event: 1.856 Thread 0x000001877b7155e0 DEOPT UNPACKING pc=0x0000018765b04422 sp=0x00000043be9fc560 mode 2
Event: 1.879 Thread 0x000001877b7155e0 Uncommon trap: trap_request=0xffffff45 fr.pc=0x0000018766108a04 relative=0x00000000000007a4
Event: 1.879 Thread 0x000001877b7155e0 Uncommon trap: reason=unstable_if action=reinterpret pc=0x0000018766108a04 method=java.util.ArrayList.grow(I)[Ljava/lang/Object; @ 17 c2
Event: 1.879 Thread 0x000001877b7155e0 DEOPT PACKING pc=0x0000018766108a04 sp=0x00000043be9fd1e0
Event: 1.879 Thread 0x000001877b7155e0 DEOPT UNPACKING pc=0x0000018765b04422 sp=0x00000043be9fd078 mode 2

Classes loaded (20 events):
Event: 1.897 Loading class java/lang/invoke/BoundMethodHandle$Species_LLLLLLLLLLLLLLL
Event: 1.897 Loading class java/lang/invoke/BoundMethodHandle$Species_LLLLLLLLLLLLLLL done
Event: 1.898 Loading class java/lang/invoke/BoundMethodHandle$Species_LLLLLLLLLLLLLLLL
Event: 1.898 Loading class java/lang/invoke/BoundMethodHandle$Species_LLLLLLLLLLLLLLLL done
Event: 1.899 Loading class java/lang/invoke/BoundMethodHandle$Species_LLLLLLLLLLLLLLLLL
Event: 1.899 Loading class java/lang/invoke/BoundMethodHandle$Species_LLLLLLLLLLLLLLLLL done
Event: 1.901 Loading class java/lang/invoke/BoundMethodHandle$Species_LLLLLLLLLLLLLLLLLL
Event: 1.901 Loading class java/lang/invoke/BoundMethodHandle$Species_LLLLLLLLLLLLLLLLLL done
Event: 1.902 Loading class java/lang/invoke/BoundMethodHandle$Species_LLLLLLLLLLLLLLLLLLL
Event: 1.902 Loading class java/lang/invoke/BoundMethodHandle$Species_LLLLLLLLLLLLLLLLLLL done
Event: 1.903 Loading class java/lang/invoke/BoundMethodHandle$Species_LLLLLLLLLLLLLLLLLLLL
Event: 1.903 Loading class java/lang/invoke/BoundMethodHandle$Species_LLLLLLLLLLLLLLLLLLLL done
Event: 1.904 Loading class java/lang/invoke/BoundMethodHandle$Species_LLLLLLLLLLLLLLLLLLLLL
Event: 1.904 Loading class java/lang/invoke/BoundMethodHandle$Species_LLLLLLLLLLLLLLLLLLLLL done
Event: 1.905 Loading class java/lang/invoke/BoundMethodHandle$Species_LLLLLLLLLLLLLLLLLLLLLL
Event: 1.905 Loading class java/lang/invoke/BoundMethodHandle$Species_LLLLLLLLLLLLLLLLLLLLLL done
Event: 1.906 Loading class java/lang/invoke/BoundMethodHandle$Species_LLLLLLLLLLLLLLLLLLLLLLL
Event: 1.906 Loading class java/lang/invoke/BoundMethodHandle$Species_LLLLLLLLLLLLLLLLLLLLLLL done
Event: 1.927 Loading class java/util/Collections$2
Event: 1.927 Loading class java/util/Collections$2 done

Classes unloaded (0 events):
No events

Classes redefined (0 events):
No events

Internal exceptions (20 events):
Event: 1.828 Thread 0x000001877b7155e0 Exception <a 'java/lang/NoSuchMethodError'{0x00000000ff393718}: 'int java.lang.invoke.DirectMethodHandle$Holder.invokeVirtual(java.lang.Object, java.lang.Object, java.lang.Object)'> (0x00000000ff393718) 
thrown [s\src\hotspot\share\interpreter\linkResolver.cpp, line 773]
Event: 1.842 Thread 0x000001877b7155e0 Exception <a 'java/lang/NoSuchMethodError'{0x00000000ff2b45c0}: 'int java.lang.invoke.DirectMethodHandle$Holder.invokeSpecialIFC(java.lang.Object, java.lang.Object, java.lang.Object, java.lang.Object)'> (0x00000000ff2b45c0) 
thrown [s\src\hotspot\share\interpreter\linkResolver.cpp, line 773]
Event: 1.843 Thread 0x000001877b7155e0 Exception <a 'java/lang/NoSuchMethodError'{0x00000000ff2c1a58}: 'java.lang.Object java.lang.invoke.DirectMethodHandle$Holder.invokeInterface(java.lang.Object, java.lang.Object, java.lang.Object)'> (0x00000000ff2c1a58) 
thrown [s\src\hotspot\share\interpreter\linkResolver.cpp, line 773]
Event: 1.843 Thread 0x000001877b7155e0 Exception <a 'java/lang/IncompatibleClassChangeError'{0x00000000ff2c53c0}: Found class java.lang.Object, but interface was expected> (0x00000000ff2c53c0) 
thrown [s\src\hotspot\share\interpreter\linkResolver.cpp, line 840]
Event: 1.856 Thread 0x000001877b7155e0 Implicit null exception at 0x000001876607ba66 to 0x000001876607bb0a
Event: 1.865 Thread 0x000001877b7155e0 Exception <a 'java/lang/NoSuchMethodError'{0x00000000ff0b46c0}: 'int java.lang.invoke.DirectMethodHandle$Holder.invokeStatic(java.lang.Object, java.lang.Object, java.lang.Object, java.lang.Object)'> (0x00000000ff0b46c0) 
thrown [s\src\hotspot\share\interpreter\linkResolver.cpp, line 773]
Event: 1.891 Thread 0x000001877b7155e0 Exception <a 'java/lang/NoSuchMethodError'{0x00000000fee84400}: 'java.lang.Object java.lang.invoke.DelegatingMethodHandle$Holder.reinvoke_L(java.lang.Object, java.lang.Object, java.lang.Object, java.lang.Object, java.lang.Object, java.lang.Object, java.lang.Object, java.lang.Object, java.lang.Object, java.lang.Object, java.lang.Object, java.lang.Object, java.lang.Object, java.lang.Object, java.lang.Object, java.lang.Object, java.lang.Object, java.lang.Object, java.lang.Object, java.lang.Object, java.lang.O
Event: 1.894 Thread 0x000001877b7155e0 Exception <a 'java/lang/NoSuchMethodError'{0x00000000feede808}: 'java.lang.Object java.lang.invoke.DirectMethodHandle$Holder.invokeStatic(java.lang.Object, java.lang.Object, java.lang.Object, java.lang.Object, java.lang.Object, java.lang.Object, java.lang.Object, java.lang.Object, java.lang.Object, java.lang.Object, java.lang.Object, java.lang.Object, java.lang.Object, java.lang.Object, java.lang.Object)'> (0x00000000feede808) 
thrown [s\src\hotspot\share\interpreter\linkResolver.cpp, line 773]
Event: 1.895 Thread 0x000001877b7155e0 Exception <a 'java/lang/NoSuchMethodError'{0x00000000fed035d0}: 'java.lang.Object java.lang.invoke.DirectMethodHandle$Holder.invokeStatic(java.lang.Object, java.lang.Object, java.lang.Object, java.lang.Object, java.lang.Object, java.lang.Object, java.lang.Object, java.lang.Object, java.lang.Object, java.lang.Object, java.lang.Object, java.lang.Object, java.lang.Object, java.lang.Object, java.lang.Object, java.lang.Object)'> (0x00000000fed035d0) 
thrown [s\src\hotspot\share\interpreter\linkResolver.cpp, lin
Event: 1.896 Thread 0x000001877b7155e0 Exception <a 'java/lang/NoSuchMethodError'{0x00000000fed2b340}: 'java.lang.Object java.lang.invoke.DirectMethodHandle$Holder.invokeStatic(java.lang.Object, java.lang.Object, java.lang.Object, java.lang.Object, java.lang.Object, java.lang.Object, java.lang.Object, java.lang.Object, java.lang.Object, java.lang.Object, java.lang.Object, java.lang.Object, java.lang.Object, java.lang.Object, java.lang.Object, java.lang.Object, java.lang.Object)'> (0x00000000fed2b340) 
thrown [s\src\hotspot\share\interpreter\lin
Event: 1.897 Thread 0x000001877b7155e0 Exception <a 'java/lang/NoSuchMethodError'{0x00000000fed54448}: 'java.lang.Object java.lang.invoke.DirectMethodHandle$Holder.invokeStatic(java.lang.Object, java.lang.Object, java.lang.Object, java.lang.Object, java.lang.Object, java.lang.Object, java.lang.Object, java.lang.Object, java.lang.Object, java.lang.Object, java.lang.Object, java.lang.Object, java.lang.Object, java.lang.Object, java.lang.Object, java.lang.Object, java.lang.Object, java.lang.Object)'> (0x00000000fed54448) 
thrown [s\src\hotspot\sha
Event: 1.899 Thread 0x000001877b7155e0 Exception <a 'java/lang/NoSuchMethodError'{0x00000000fed7e720}: 'java.lang.Object java.lang.invoke.DirectMethodHandle$Holder.invokeStatic(java.lang.Object, java.lang.Object, java.lang.Object, java.lang.Object, java.lang.Object, java.lang.Object, java.lang.Object, java.lang.Object, java.lang.Object, java.lang.Object, java.lang.Object, java.lang.Object, java.lang.Object, java.lang.Object, java.lang.Object, java.lang.Object, java.lang.Object, java.lang.Object, java.lang.Object)'> (0x00000000fed7e720) 
thrown 
Event: 1.900 Thread 0x000001877b7155e0 Exception <a 'java/lang/NoSuchMethodError'{0x00000000feda9c48}: 'java.lang.Object java.lang.invoke.DirectMethodHandle$Holder.invokeStatic(java.lang.Object, java.lang.Object, java.lang.Object, java.lang.Object, java.lang.Object, java.lang.Object, java.lang.Object, java.lang.Object, java.lang.Object, java.lang.Object, java.lang.Object, java.lang.Object, java.lang.Object, java.lang.Object, java.lang.Object, java.lang.Object, java.lang.Object, java.lang.Object, java.lang.Object, java.lang.Object)'> (0x00000000
Event: 1.901 Thread 0x000001877b7155e0 Exception <a 'java/lang/NoSuchMethodError'{0x00000000fedd65d0}: 'java.lang.Object java.lang.invoke.DirectMethodHandle$Holder.invokeStatic(java.lang.Object, java.lang.Object, java.lang.Object, java.lang.Object, java.lang.Object, java.lang.Object, java.lang.Object, java.lang.Object, java.lang.Object, java.lang.Object, java.lang.Object, java.lang.Object, java.lang.Object, java.lang.Object, java.lang.Object, java.lang.Object, java.lang.Object, java.lang.Object, java.lang.Object, java.lang.Object, java.lang.Obj
Event: 1.903 Thread 0x000001877b7155e0 Exception <a 'java/lang/NoSuchMethodError'{0x00000000fec04260}: 'java.lang.Object java.lang.invoke.DirectMethodHandle$Holder.invokeStatic(java.lang.Object, java.lang.Object, java.lang.Object, java.lang.Object, java.lang.Object, java.lang.Object, java.lang.Object, java.lang.Object, java.lang.Object, java.lang.Object, java.lang.Object, java.lang.Object, java.lang.Object, java.lang.Object, java.lang.Object, java.lang.Object, java.lang.Object, java.lang.Object, java.lang.Object, java.lang.Object, java.lang.Obj
Event: 1.904 Thread 0x000001877b7155e0 Exception <a 'java/lang/NoSuchMethodError'{0x00000000fec32520}: 'java.lang.Object java.lang.invoke.DirectMethodHandle$Holder.invokeStatic(java.lang.Object, java.lang.Object, java.lang.Object, java.lang.Object, java.lang.Object, java.lang.Object, java.lang.Object, java.lang.Object, java.lang.Object, java.lang.Object, java.lang.Object, java.lang.Object, java.lang.Object, java.lang.Object, java.lang.Object, java.lang.Object, java.lang.Object, java.lang.Object, java.lang.Object, java.lang.Object, java.lang.Obj
Event: 1.904 Thread 0x000001877b7155e0 Exception <a 'java/lang/NoSuchMethodError'{0x00000000fec619d8}: 'java.lang.Object java.lang.invoke.DirectMethodHandle$Holder.invokeStatic(java.lang.Object, java.lang.Object, java.lang.Object, java.lang.Object, java.lang.Object, java.lang.Object, java.lang.Object, java.lang.Object, java.lang.Object, java.lang.Object, java.lang.Object, java.lang.Object, java.lang.Object, java.lang.Object, java.lang.Object, java.lang.Object, java.lang.Object, java.lang.Object, java.lang.Object, java.lang.Object, java.lang.Obj
Event: 1.906 Thread 0x000001877b7155e0 Exception <a 'java/lang/NoSuchMethodError'{0x00000000fec91a48}: 'java.lang.Object java.lang.invoke.DirectMethodHandle$Holder.invokeStatic(java.lang.Object, java.lang.Object, java.lang.Object, java.lang.Object, java.lang.Object, java.lang.Object, java.lang.Object, java.lang.Object, java.lang.Object, java.lang.Object, java.lang.Object, java.lang.Object, java.lang.Object, java.lang.Object, java.lang.Object, java.lang.Object, java.lang.Object, java.lang.Object, java.lang.Object, java.lang.Object, java.lang.Obj
Event: 1.907 Thread 0x000001877b7155e0 Exception <a 'java/lang/NoSuchMethodError'{0x00000000fecc3430}: 'java.lang.Object java.lang.invoke.DirectMethodHandle$Holder.invokeStatic(java.lang.Object, java.lang.Object, java.lang.Object, java.lang.Object, java.lang.Object, java.lang.Object, java.lang.Object, java.lang.Object, java.lang.Object, java.lang.Object, java.lang.Object, java.lang.Object, java.lang.Object, java.lang.Object, java.lang.Object, java.lang.Object, java.lang.Object, java.lang.Object, java.lang.Object, java.lang.Object, java.lang.Obj
Event: 1.917 Thread 0x000001877b7155e0 Exception <a 'java/lang/IncompatibleClassChangeError'{0x00000000febb6b58}: Found class java.lang.Object, but interface was expected> (0x00000000febb6b58) 
thrown [s\src\hotspot\share\interpreter\linkResolver.cpp, line 840]

ZGC Phase Switch (0 events):
No events

VM Operations (20 events):
Event: 1.243 Executing non-safepoint VM operation: HandshakeAllThreads (Deoptimize)
Event: 1.243 Executing non-safepoint VM operation: HandshakeAllThreads (Deoptimize) done
Event: 1.268 Executing non-safepoint VM operation: HandshakeAllThreads (Deoptimize)
Event: 1.268 Executing non-safepoint VM operation: HandshakeAllThreads (Deoptimize) done
Event: 1.342 Executing non-safepoint VM operation: HandshakeAllThreads (Deoptimize)
Event: 1.342 Executing non-safepoint VM operation: HandshakeAllThreads (Deoptimize) done
Event: 1.388 Executing non-safepoint VM operation: HandshakeAllThreads (Deoptimize)
Event: 1.388 Executing non-safepoint VM operation: HandshakeAllThreads (Deoptimize) done
Event: 1.426 Executing safepoint VM operation: ICBufferFull
Event: 1.426 Executing safepoint VM operation: ICBufferFull done
Event: 1.623 Executing safepoint VM operation: G1CollectForAllocation (G1 Evacuation Pause)
Event: 1.632 Executing safepoint VM operation: G1CollectForAllocation (G1 Evacuation Pause) done
Event: 1.636 Executing non-safepoint VM operation: HandshakeAllThreads (Deoptimize)
Event: 1.636 Executing non-safepoint VM operation: HandshakeAllThreads (Deoptimize) done
Event: 1.738 Executing non-safepoint VM operation: HandshakeAllThreads (Deoptimize)
Event: 1.738 Executing non-safepoint VM operation: HandshakeAllThreads (Deoptimize) done
Event: 1.911 Executing non-safepoint VM operation: HandshakeAllThreads (Deoptimize)
Event: 1.911 Executing non-safepoint VM operation: HandshakeAllThreads (Deoptimize) done
Event: 1.911 Executing non-safepoint VM operation: HandshakeAllThreads (Deoptimize)
Event: 1.911 Executing non-safepoint VM operation: HandshakeAllThreads (Deoptimize) done

Memory protections (0 events):
No events

Nmethod flushes (0 events):
No events

Events (20 events):
Event: 0.035 Thread 0x0000018753ada360 Thread added: 0x00000187707ee250
Event: 0.035 Thread 0x0000018753ada360 Thread added: 0x00000187707f0e40
Event: 0.075 Thread 0x0000018753ada360 Thread added: 0x00000187707d0fd0
Event: 0.091 Thread 0x0000018753ada360 Thread added: 0x00000187707d2380
Event: 0.249 Thread 0x00000187707f0e40 Thread added: 0x00000187709f5300
Event: 0.412 Thread 0x00000187709f5300 Thread exited: 0x00000187709f5300
Event: 0.430 Thread 0x00000187707ee250 Thread added: 0x000001877a1801a0
Event: 1.190 Thread 0x0000018753ada360 Thread added: 0x00000187707d2a10
Event: 1.320 Thread 0x0000018753ada360 Thread added: 0x00000187707d3730
Event: 1.383 Thread 0x0000018753ada360 Thread added: 0x00000187707d1660
Event: 1.412 Thread 0x00000187707d3730 Thread added: 0x000001877b713ba0
Event: 1.413 Thread 0x000001877b713ba0 Thread added: 0x000001877b715c70
Event: 1.430 Thread 0x000001877b713ba0 Thread added: 0x000001877b712e80
Event: 1.462 Thread 0x000001877b713ba0 Thread added: 0x000001877b7155e0
Event: 1.470 Thread 0x000001877b7155e0 Thread added: 0x000001877b714230
Event: 1.473 Thread 0x000001877b7155e0 Thread added: 0x000001877b716990
Event: 1.474 Thread 0x000001877b7155e0 Thread added: 0x000001877b7148c0
Event: 1.739 Thread 0x000001877b7155e0 Thread added: 0x000001877b716300
Event: 1.754 Thread 0x000001877b7155e0 Thread added: 0x000001877b713510
Event: 1.774 Thread 0x000001877b7155e0 Thread added: 0x000001877b714f50


Dynamic libraries:
0x00007ff6ccb60000 - 0x00007ff6ccb6e000 	C:\Users\DELL\.jdks\ms-21.0.11\bin\java.exe
0x00007ff91b8e0000 - 0x00007ff91bb47000 	C:\WINDOWS\SYSTEM32\ntdll.dll
0x00007ff91b570000 - 0x00007ff91b639000 	C:\WINDOWS\System32\KERNEL32.DLL
0x00007ff918740000 - 0x00007ff918b37000 	C:\WINDOWS\System32\KERNELBASE.dll
0x00007ff919510000 - 0x00007ff91965b000 	C:\WINDOWS\System32\ucrtbase.dll
0x00007ff902d00000 - 0x00007ff902d18000 	C:\Users\DELL\.jdks\ms-21.0.11\bin\jli.dll
0x00007ff8f8770000 - 0x00007ff8f878e000 	C:\Users\DELL\.jdks\ms-21.0.11\bin\VCRUNTIME140.dll
0x00007ff91aa40000 - 0x00007ff91ac06000 	C:\WINDOWS\System32\USER32.dll
0x00007ff918b40000 - 0x00007ff918b67000 	C:\WINDOWS\System32\win32u.dll
0x00007ff8fc670000 - 0x00007ff8fc902000 	C:\WINDOWS\WinSxS\amd64_microsoft.windows.common-controls_6595b64144ccf1df_6.0.26100.8457_none_3e0b2faee331e92d\COMCTL32.dll
0x00007ff91b640000 - 0x00007ff91b66b000 	C:\WINDOWS\System32\GDI32.dll
0x00007ff919e60000 - 0x00007ff919f09000 	C:\WINDOWS\System32\msvcrt.dll
0x00007ff918b70000 - 0x00007ff918c9c000 	C:\WINDOWS\System32\gdi32full.dll
0x00007ff918310000 - 0x00007ff9183b3000 	C:\WINDOWS\System32\msvcp_win.dll
0x00007ff91b670000 - 0x00007ff91b6a2000 	C:\WINDOWS\System32\IMM32.DLL
0x00007ff9039a0000 - 0x00007ff9039ac000 	C:\Users\DELL\.jdks\ms-21.0.11\bin\vcruntime140_1.dll
0x00007ff8f4da0000 - 0x00007ff8f4e29000 	C:\Users\DELL\.jdks\ms-21.0.11\bin\msvcp140.dll
0x00007ff881d60000 - 0x00007ff882b0e000 	C:\Users\DELL\.jdks\ms-21.0.11\bin\server\jvm.dll
0x00007ff91acf0000 - 0x00007ff91ada6000 	C:\WINDOWS\System32\ADVAPI32.dll
0x00007ff919920000 - 0x00007ff9199c7000 	C:\WINDOWS\System32\sechost.dll
0x00007ff91a920000 - 0x00007ff91aa38000 	C:\WINDOWS\System32\RPCRT4.dll
0x00007ff91b420000 - 0x00007ff91b4a0000 	C:\WINDOWS\System32\WS2_32.dll
0x00007ff918170000 - 0x00007ff9181ce000 	C:\WINDOWS\SYSTEM32\POWRPROF.dll
0x00007ff911440000 - 0x00007ff911476000 	C:\WINDOWS\SYSTEM32\WINMM.dll
0x00007ff902c50000 - 0x00007ff902c5b000 	C:\WINDOWS\SYSTEM32\VERSION.dll
0x00007ff918150000 - 0x00007ff918164000 	C:\WINDOWS\SYSTEM32\UMPDC.dll
0x00007ff9170a0000 - 0x00007ff9170bb000 	C:\WINDOWS\SYSTEM32\kernel.appcore.dll
0x00007ff9030c0000 - 0x00007ff9030ca000 	C:\Users\DELL\.jdks\ms-21.0.11\bin\jimage.dll
0x00007ff9161c0000 - 0x00007ff916402000 	C:\WINDOWS\SYSTEM32\DBGHELP.DLL
0x00007ff919ad0000 - 0x00007ff919e53000 	C:\WINDOWS\System32\combase.dll
0x00007ff91ac10000 - 0x00007ff91ace9000 	C:\WINDOWS\System32\OLEAUT32.dll
0x00007ff8fb850000 - 0x00007ff8fb88b000 	C:\WINDOWS\SYSTEM32\dbgcore.DLL
0x00007ff918450000 - 0x00007ff9184f8000 	C:\WINDOWS\System32\bcryptPrimitives.dll
0x00007ff8f8740000 - 0x00007ff8f8750000 	C:\Users\DELL\.jdks\ms-21.0.11\bin\instrument.dll
0x00007ff8f4d70000 - 0x00007ff8f4d91000 	C:\Users\DELL\.jdks\ms-21.0.11\bin\java.dll
0x00007ff919f10000 - 0x00007ff91a67e000 	C:\WINDOWS\System32\SHELL32.dll
0x00007ff918ca0000 - 0x00007ff91950c000 	C:\WINDOWS\System32\windows.storage.dll
0x00007ff9199d0000 - 0x00007ff919ac6000 	C:\WINDOWS\System32\SHCORE.dll
0x00007ff919710000 - 0x00007ff919776000 	C:\WINDOWS\System32\shlwapi.dll
0x00007ff918230000 - 0x00007ff918259000 	C:\WINDOWS\SYSTEM32\profapi.dll
0x00007ff8ed3c0000 - 0x00007ff8ed496000 	C:\Users\DELL\.jdks\ms-21.0.11\bin\jsvml.dll
0x00007ff8f69f0000 - 0x00007ff8f6a08000 	C:\Users\DELL\.jdks\ms-21.0.11\bin\zip.dll
0x00007ff8f3960000 - 0x00007ff8f3971000 	C:\Users\DELL\.jdks\ms-21.0.11\bin\net.dll
0x00007ff9112f0000 - 0x00007ff911419000 	C:\WINDOWS\SYSTEM32\WINHTTP.dll
0x00007ff917610000 - 0x00007ff91767c000 	C:\WINDOWS\system32\mswsock.dll
0x00007ff8f3940000 - 0x00007ff8f3956000 	C:\Users\DELL\.jdks\ms-21.0.11\bin\nio.dll
0x00007ff8f8730000 - 0x00007ff8f8740000 	C:\Users\DELL\.jdks\ms-21.0.11\bin\verify.dll
0x00007ff8f6bb0000 - 0x00007ff8f6bd7000 	C:\Users\DELL\.gradle\native\c067742578af261105cb4f569cf0c3c89f3d7b1fecec35dd04571415982c5e48\windows-amd64\native-platform.dll
0x00007ff8ec3a0000 - 0x00007ff8ec4e4000 	C:\Users\DELL\.gradle\native\100fb08df4bc3b14c8652ba06237920a3bd2aa13389f12d3474272988ae205f9\windows-amd64\native-platform-file-events.dll
0x00007ff8f74a0000 - 0x00007ff8f74aa000 	C:\Users\DELL\.jdks\ms-21.0.11\bin\management.dll
0x00007ff8f5f30000 - 0x00007ff8f5f3c000 	C:\Users\DELL\.jdks\ms-21.0.11\bin\management_ext.dll
0x00007ff91b880000 - 0x00007ff91b888000 	C:\WINDOWS\System32\PSAPI.DLL
0x00007ff9178f0000 - 0x00007ff91790b000 	C:\WINDOWS\SYSTEM32\CRYPTSP.dll
0x00007ff917000000 - 0x00007ff917039000 	C:\WINDOWS\system32\rsaenh.dll
0x00007ff9176c0000 - 0x00007ff9176f3000 	C:\WINDOWS\SYSTEM32\USERENV.dll
0x00007ff918200000 - 0x00007ff91822a000 	C:\WINDOWS\SYSTEM32\bcrypt.dll
0x00007ff917910000 - 0x00007ff91791c000 	C:\WINDOWS\SYSTEM32\CRYPTBASE.dll
0x00007ff916b60000 - 0x00007ff916b92000 	C:\WINDOWS\SYSTEM32\IPHLPAPI.DLL
0x00007ff91b6b0000 - 0x00007ff91b6ba000 	C:\WINDOWS\System32\NSI.dll
0x00007ff8f4d60000 - 0x00007ff8f4d69000 	C:\Users\DELL\.jdks\ms-21.0.11\bin\extnet.dll
0x00007ff8f3930000 - 0x00007ff8f393e000 	C:\Users\DELL\.jdks\ms-21.0.11\bin\sunmscapi.dll
0x00007ff9185c0000 - 0x00007ff918738000 	C:\WINDOWS\System32\CRYPT32.dll
0x00007ff917b10000 - 0x00007ff917b40000 	C:\WINDOWS\SYSTEM32\ncrypt.dll
0x00007ff917ac0000 - 0x00007ff917aff000 	C:\WINDOWS\SYSTEM32\NTASN1.dll
0x00007ff8ef8a0000 - 0x00007ff8ef8a8000 	C:\WINDOWS\system32\wshunix.dll

JVMTI agents:
C:\Users\DELL\.gradle\wrapper\dists\gradle-8.8-bin\dl7vupf4psengwqhwktix4v1\gradle-8.8\lib\agents\gradle-instrumentation-agent-8.8.jar path:C:\Users\DELL\.jdks\ms-21.0.11\bin\instrument.dll, loaded, initialized, instrumentlib options:none

dbghelp: loaded successfully - version: 4.0.5 - missing functions: none
symbol engine: initialized successfully - sym options: 0x614 - pdb path: .;C:\Users\DELL\.jdks\ms-21.0.11\bin;C:\WINDOWS\SYSTEM32;C:\WINDOWS\WinSxS\amd64_microsoft.windows.common-controls_6595b64144ccf1df_6.0.26100.8457_none_3e0b2faee331e92d;C:\Users\DELL\.jdks\ms-21.0.11\bin\server;C:\Users\DELL\.gradle\native\c067742578af261105cb4f569cf0c3c89f3d7b1fecec35dd04571415982c5e48\windows-amd64;C:\Users\DELL\.gradle\native\100fb08df4bc3b14c8652ba06237920a3bd2aa13389f12d3474272988ae205f9\windows-amd64

VM Arguments:
jvm_args: -XX:MaxMetaspaceSize=64m --add-opens=java.base/java.util=ALL-UNNAMED --add-opens=java.base/java.lang=ALL-UNNAMED --add-opens=java.base/java.lang.invoke=ALL-UNNAMED --add-opens=java.prefs/java.util.prefs=ALL-UNNAMED --add-opens=java.base/java.nio.charset=ALL-UNNAMED --add-opens=java.base/java.net=ALL-UNNAMED --add-opens=java.base/java.util.concurrent.atomic=ALL-UNNAMED -Xms64m -Xmx64m -Dfile.encoding=UTF-8 -Duser.country -Duser.language=en -Duser.variant -javaagent:C:\Users\DELL\.gradle\wrapper\dists\gradle-8.8-bin\dl7vupf4psengwqhwktix4v1\gradle-8.8\lib\agents\gradle-instrumentation-agent-8.8.jar 
java_command: org.gradle.launcher.daemon.bootstrap.GradleDaemon 8.8
java_class_path (initial): C:\Users\DELL\.gradle\wrapper\dists\gradle-8.8-bin\dl7vupf4psengwqhwktix4v1\gradle-8.8\lib\gradle-launcher-8.8.jar
Launcher Type: SUN_STANDARD

[Global flags]
     intx CICompilerCount                          = 4                                         {product} {ergonomic}
   size_t CompressedClassSpaceSize                 = 67108864                                  {product} {ergonomic}
     uint ConcGCThreads                            = 3                                         {product} {ergonomic}
     uint G1ConcRefinementThreads                  = 10                                        {product} {ergonomic}
   size_t G1HeapRegionSize                         = 1048576                                   {product} {ergonomic}
    uintx GCDrainStackTargetSize                   = 64                                        {product} {ergonomic}
   size_t InitialHeapSize                          = 67108864                                  {product} {command line}
   size_t MarkStackSize                            = 4194304                                   {product} {ergonomic}
   size_t MaxHeapSize                              = 67108864                                  {product} {command line}
   size_t MaxMetaspaceSize                         = 67108864                                  {product} {command line}
   size_t MaxNewSize                               = 39845888                                  {product} {ergonomic}
   size_t MinHeapDeltaBytes                        = 1048576                                   {product} {ergonomic}
   size_t MinHeapSize                              = 67108864                                  {product} {command line}
    uintx NonNMethodCodeHeapSize                   = 5839372                                {pd product} {ergonomic}
    uintx NonProfiledCodeHeapSize                  = 122909434                              {pd product} {ergonomic}
    uintx ProfiledCodeHeapSize                     = 122909434                              {pd product} {ergonomic}
    uintx ReservedCodeCacheSize                    = 251658240                              {pd product} {ergonomic}
     bool SegmentedCodeCache                       = true                                      {product} {ergonomic}
   size_t SoftMaxHeapSize                          = 67108864                               {manageable} {ergonomic}
     bool UseCompressedOops                        = true                           {product lp64_product} {ergonomic}
     bool UseG1GC                                  = true                                      {product} {ergonomic}
     bool UseLargePagesIndividualAllocation        = false                                  {pd product} {ergonomic}

Logging:
Log output configuration:
 #0: stdout all=warning uptime,level,tags foldmultilines=false
 #1: stderr all=off uptime,level,tags foldmultilines=false

Release file:
IMPLEMENTOR="Microsoft" 
IMPLEMENTOR_VERSION="Microsoft-13877171" 
JAVA_RUNTIME_VERSION="21.0.11+10-LTS" 
JAVA_VERSION="21.0.11" 
JAVA_VERSION_DATE="2026-04-21" 
LIBC="default" 
MODULES="java.base java.compiler java.datatransfer java.xml java.prefs java.desktop java.instrument java.logging java.management java.security.sasl java.naming java.rmi java.management.rmi java.net.http java.scripting java.security.jgss java.transaction.xa java.sql java.sql.rowset java.xml.crypto java.se java.smartcardio jdk.accessibility jdk.internal.jvmstat jdk.attach jdk.charsets jdk.internal.opt jdk.zipfs jdk.compiler jdk.crypto.ec jdk.crypto.cryptoki jdk.crypto.mscapi jdk.dynalink jdk.internal.ed jdk.editpad jdk.hotspot.agent jdk.httpserver jdk.incubator.vector jdk.internal.le jdk.internal.vm.ci jdk.internal.vm.compiler jdk.internal.vm.compiler.management jdk.jartool jdk.javadoc jdk.jcmd jdk.management jdk.management.agent jdk.jconsole jdk.jdeps jdk.jdwp.agent jdk.jdi jdk.jfr jdk.jlink jdk.jpackage jdk.jshell jdk.jsobject jdk.jstatd jdk.localedata jdk.management.jfr jdk.naming.dns jdk.naming.rmi jdk.net jdk.nio.mapmode jdk.random jdk.sctp jdk.security.auth jdk.security.jgss jdk.unsupported jdk.unsupported.desktop jdk.xml.dom" 
OS_ARCH="x86_64" 
OS_NAME="Windows" 
SOURCE=".:git:87e312d67249" 

Environment Variables:
PATH=C:\WINDOWS\system32;C:\WINDOWS;C:\WINDOWS\System32\Wbem;C:\WINDOWS\System32\WindowsPowerShell\v1.0\;C:\WINDOWS\System32\OpenSSH\;C:\Program Files\dotnet\;C:\Program Files\Git\cmd;D:\;C:\Program Files\MySQL\MySQL Shell 8.0\bin\;C:\Users\DELL\AppData\Local\Microsoft\WindowsApps;C:\Users\DELL\AppData\Local\Programs\Microsoft VS Code\bin;;C:\Users\DELL\.local\bin;C:\Users\DELL\AppData\Roaming\npm
USERNAME=DELL
OS=Windows_NT
PROCESSOR_IDENTIFIER=Intel64 Family 6 Model 186 Stepping 3, GenuineIntel
TMP=C:\Users\DELL\AppData\Local\Temp
TEMP=C:\Users\DELL\AppData\Local\Temp




Periodic native trim disabled

---------------  S Y S T E M  ---------------

OS:
 Windows 11 , 64 bit Build 26100 (10.0.26100.8328)
OS uptime: 0 days 1:39 hours

CPU: total 12 (initial active 12) (6 cores per cpu, 2 threads per core) family 6 model 186 stepping 3 microcode 0x6134, cx8, cmov, fxsr, ht, mmx, 3dnowpref, sse, sse2, sse3, ssse3, sse4.1, sse4.2, popcnt, lzcnt, tsc, tscinvbit, avx, avx2, aes, erms, clmul, bmi1, bmi2, adx, sha, fma, vzeroupper, clflush, clflushopt, clwb, serialize, rdtscp, rdpid, fsrm, f16c, pku, cet_ibt, cet_ss
Processor Information for processor 0
  Max Mhz: 1700, Current Mhz: 1700, Mhz Limit: 1700
Processor Information for processor 1
  Max Mhz: 1700, Current Mhz: 1457, Mhz Limit: 1700
Processor Information for processor 2
  Max Mhz: 1700, Current Mhz: 1700, Mhz Limit: 1700
Processor Information for processor 3
  Max Mhz: 1700, Current Mhz: 1457, Mhz Limit: 1700
Processor Information for processor 4
  Max Mhz: 1700, Current Mhz: 1700, Mhz Limit: 1700
Processor Information for processor 5
  Max Mhz: 1700, Current Mhz: 1700, Mhz Limit: 1700
Processor Information for processor 6
  Max Mhz: 1700, Current Mhz: 1700, Mhz Limit: 1700
Processor Information for processor 7
  Max Mhz: 1700, Current Mhz: 1700, Mhz Limit: 1700
Processor Information for processor 8
  Max Mhz: 1700, Current Mhz: 1700, Mhz Limit: 1700
Processor Information for processor 9
  Max Mhz: 1700, Current Mhz: 1700, Mhz Limit: 1700
Processor Information for processor 10
  Max Mhz: 1700, Current Mhz: 1558, Mhz Limit: 1700
Processor Information for processor 11
  Max Mhz: 1700, Current Mhz: 1700, Mhz Limit: 1700

Memory: 4k page, system-wide physical 16068M (3010M free)
TotalPageFile size 18972M (AvailPageFile size 15M)
current process WorkingSet (physical memory assigned to process): 182M, peak: 182M
current process commit charge ("private bytes"): 236M, peak: 236M

vm_info: OpenJDK 64-Bit Server VM (21.0.11+10-LTS) for windows-amd64 JRE (21.0.11+10-LTS), built on 2026-04-18T18:13:49Z by "MicrosoftCorporation" with MS VC++ 17.14 (VS2022)

END.
