#
# There is insufficient memory for the Java Runtime Environment to continue.
# Native memory allocation (malloc) failed to allocate 2097152 bytes. Error detail: AllocateHeap
# Possible reasons:
#   The system is out of physical RAM or swap space
#   This process is running with CompressedOops enabled, and the Java Heap may be blocking the growth of the native heap
# Possible solutions:
#   Reduce memory load on the system
#   Increase physical memory or swap space
#   Check if swap backing store is full
#   Decrease Java heap size (-Xmx/-Xms)
#   Decrease number of Java threads
#   Decrease Java thread stack sizes (-Xss)
#   Set larger code cache with -XX:ReservedCodeCacheSize=
#   JVM is running with Unscaled Compressed Oops mode in which the Java heap is
#     placed in the first 4GB address space. The Java Heap base address is the
#     maximum limit for the native heap growth. Please use -XX:HeapBaseMinAddress
#     to set the Java Heap base and to place the Java Heap above 4GB virtual address.
# This output file may be truncated or incomplete.
#
#  Out of Memory Error (allocation.cpp:44), pid=23576, tid=25224
#
# JRE version: OpenJDK Runtime Environment Microsoft-13877171 (21.0.11+10) (build 21.0.11+10-LTS)
# Java VM: OpenJDK 64-Bit Server VM Microsoft-13877171 (21.0.11+10-LTS, mixed mode, sharing, tiered, compressed oops, compressed class ptrs, g1 gc, windows-amd64)
# No core dump will be written. Minidumps are not enabled by default on client versions of Windows
#

---------------  S U M M A R Y ------------

Command Line: -XX:MaxMetaspaceSize=64m --add-opens=java.base/java.util=ALL-UNNAMED --add-opens=java.base/java.lang=ALL-UNNAMED --add-opens=java.base/java.lang.invoke=ALL-UNNAMED --add-opens=java.prefs/java.util.prefs=ALL-UNNAMED --add-opens=java.base/java.nio.charset=ALL-UNNAMED --add-opens=java.base/java.net=ALL-UNNAMED --add-opens=java.base/java.util.concurrent.atomic=ALL-UNNAMED -Xms64m -Xmx64m -Dfile.encoding=UTF-8 -Duser.country -Duser.language=en -Duser.variant -javaagent:C:\Users\DELL\.gradle\wrapper\dists\gradle-8.8-bin\dl7vupf4psengwqhwktix4v1\gradle-8.8\lib\agents\gradle-instrumentation-agent-8.8.jar org.gradle.launcher.daemon.bootstrap.GradleDaemon 8.8

Host: 13th Gen Intel(R) Core(TM) i7-1355U, 12 cores, 15G,  Windows 11 , 64 bit Build 26100 (10.0.26100.8328)
Time: Fri May 22 15:11:57 2026 SE Asia Standard Time elapsed time: 74.718483 seconds (0d 0h 1m 14s)

---------------  T H R E A D  ---------------

Current thread (0x000001d4301fcae0):  VMThread "VM Thread"          [id=25224, stack(0x0000008966900000,0x0000008966a00000) (1024K)]

Stack: [0x0000008966900000,0x0000008966a00000]
Native frames: (J=compiled Java code, j=interpreted, Vv=VM code, C=native code)
V  [jvm.dll+0x6e0429]  (no source info available)
V  [jvm.dll+0x8c057b]  (no source info available)
V  [jvm.dll+0x8c2b0a]  (no source info available)
V  [jvm.dll+0x8c31e3]  (no source info available)
V  [jvm.dll+0x28ac66]  (no source info available)
V  [jvm.dll+0xc3d77]  (no source info available)
V  [jvm.dll+0x357d2e]  (no source info available)
V  [jvm.dll+0x3529de]  (no source info available)
V  [jvm.dll+0x33aef7]  (no source info available)
V  [jvm.dll+0x33dfba]  (no source info available)
V  [jvm.dll+0x33de6d]  (no source info available)
V  [jvm.dll+0x37e136]  (no source info available)
V  [jvm.dll+0x8c8f4f]  (no source info available)
V  [jvm.dll+0x8ca433]  (no source info available)
V  [jvm.dll+0x8ca9a4]  (no source info available)
V  [jvm.dll+0x8caaa3]  (no source info available)
V  [jvm.dll+0x86b2bd]  (no source info available)
V  [jvm.dll+0x6e19dd]  (no source info available)
C  [ucrtbase.dll+0x37b0]  (no source info available)
C  [KERNEL32.DLL+0x2e957]  (no source info available)
C  [ntdll.dll+0x427c]  (no source info available)

VM_Operation (0x0000008967ff8c90): G1CollectForAllocation, mode: safepoint, requested by thread 0x000001d455c967e0


---------------  P R O C E S S  ---------------

Threads class SMR info:
_java_thread_list=0x000001d45722a900, length=81, elements={
0x000001d430142e50, 0x000001d44aa9bb10, 0x000001d44aa9e580, 0x000001d44aaa3130,
0x000001d44aaa4050, 0x000001d44aaa5550, 0x000001d44aaae0f0, 0x000001d44aab4a00,
0x000001d44aab84c0, 0x000001d44ace6a60, 0x000001d44add1690, 0x000001d455742330,
0x000001d45595c9c0, 0x000001d4551cda30, 0x000001d455d13ab0, 0x000001d45489e3c0,
0x000001d4558b47d0, 0x000001d455c967e0, 0x000001d455c95430, 0x000001d455c96e70,
0x000001d455c97500, 0x000001d455c94080, 0x000001d455c94710, 0x000001d455c94da0,
0x000001d455c96150, 0x000001d455f21f00, 0x000001d455f22590, 0x000001d455f21870,
0x000001d455f22c20, 0x000001d455f232b0, 0x000001d455f211e0, 0x000001d455f23940,
0x000001d455f23fd0, 0x000001d455f20b50, 0x000001d455f27ae0, 0x000001d455f24660,
0x000001d455f24cf0, 0x000001d455f26dc0, 0x000001d455f25a10, 0x000001d455f26730,
0x000001d455f27450, 0x000001d455f260a0, 0x000001d455f28170, 0x000001d454f1aa10,
0x000001d454f1b730, 0x000001d454f1bdc0, 0x000001d454f1c450, 0x000001d454f18fd0,
0x000001d454f1b0a0, 0x000001d454f1cae0, 0x000001d454f19660, 0x000001d454f1d170,
0x000001d454f1e520, 0x000001d454f1de90, 0x000001d454f1f240, 0x000001d454f1d800,
0x000001d454f1ff60, 0x000001d454f1ebb0, 0x000001d454f1f8d0, 0x000001d454f205f0,
0x000001d455d54f60, 0x000001d455d56310, 0x000001d455d583e0, 0x000001d455d57030,
0x000001d455d58a70, 0x000001d455d55c80, 0x000001d455d569a0, 0x000001d455d57d50,
0x000001d455d555f0, 0x000001d455d5a4b0, 0x000001d455d5c580, 0x000001d455d59100,
0x000001d455d59790, 0x000001d455d59e20, 0x000001d455d5b860, 0x000001d455d5ab40,
0x000001d455d5b1d0, 0x000001d457fdbef0, 0x000001d457fdb1d0, 0x000001d457fd8a70,
0x000001d457fdb860
}

Java Threads: ( => current thread )
  0x000001d430142e50 JavaThread "main"                              [_thread_blocked, id=24280, stack(0x0000008966200000,0x0000008966300000) (1024K)]
  0x000001d44aa9bb10 JavaThread "Reference Handler"          daemon [_thread_blocked, id=23716, stack(0x0000008966a00000,0x0000008966b00000) (1024K)]
  0x000001d44aa9e580 JavaThread "Finalizer"                  daemon [_thread_blocked, id=21800, stack(0x0000008966b00000,0x0000008966c00000) (1024K)]
  0x000001d44aaa3130 JavaThread "Signal Dispatcher"          daemon [_thread_blocked, id=10212, stack(0x0000008966c00000,0x0000008966d00000) (1024K)]
  0x000001d44aaa4050 JavaThread "Attach Listener"            daemon [_thread_blocked, id=18052, stack(0x0000008966d00000,0x0000008966e00000) (1024K)]
  0x000001d44aaa5550 JavaThread "Service Thread"             daemon [_thread_blocked, id=17084, stack(0x0000008966e00000,0x0000008966f00000) (1024K)]
  0x000001d44aaae0f0 JavaThread "Monitor Deflation Thread"   daemon [_thread_blocked, id=25212, stack(0x0000008966f00000,0x0000008967000000) (1024K)]
  0x000001d44aab4a00 JavaThread "C2 CompilerThread0"         daemon [_thread_blocked, id=11104, stack(0x0000008967000000,0x0000008967100000) (1024K)]
  0x000001d44aab84c0 JavaThread "C1 CompilerThread0"         daemon [_thread_blocked, id=11596, stack(0x0000008967100000,0x0000008967200000) (1024K)]
  0x000001d44ace6a60 JavaThread "Common-Cleaner"             daemon [_thread_blocked, id=9576, stack(0x0000008967200000,0x0000008967300000) (1024K)]
  0x000001d44add1690 JavaThread "Notification Thread"        daemon [_thread_blocked, id=24676, stack(0x0000008967300000,0x0000008967400000) (1024K)]
  0x000001d455742330 JavaThread "Daemon health stats"               [_thread_blocked, id=15572, stack(0x0000008967a00000,0x0000008967b00000) (1024K)]
  0x000001d45595c9c0 JavaThread "Incoming local TCP Connector on port 65165"        [_thread_in_native, id=8196, stack(0x0000008967b00000,0x0000008967c00000) (1024K)]
  0x000001d4551cda30 JavaThread "Daemon periodic checks"            [_thread_blocked, id=19244, stack(0x0000008967c00000,0x0000008967d00000) (1024K)]
  0x000001d455d13ab0 JavaThread "Daemon"                            [_thread_blocked, id=25136, stack(0x0000008967400000,0x0000008967500000) (1024K)]
  0x000001d45489e3c0 JavaThread "Handler for socket connection from /127.0.0.1:65165 to /127.0.0.1:65166"        [_thread_in_native, id=24284, stack(0x0000008967d00000,0x0000008967e00000) (1024K)]
  0x000001d4558b47d0 JavaThread "Cancel handler"                    [_thread_blocked, id=24052, stack(0x0000008967e00000,0x0000008967f00000) (1024K)]
  0x000001d455c967e0 JavaThread "Daemon worker"                     [_thread_blocked, id=17132, stack(0x0000008967f00000,0x0000008968000000) (1024K)]
  0x000001d455c95430 JavaThread "Asynchronous log dispatcher for DefaultDaemonConnection: socket connection from /127.0.0.1:65165 to /127.0.0.1:65166"        [_thread_blocked, id=15776, stack(0x0000008968000000,0x0000008968100000) (1024K)]
  0x000001d455c96e70 JavaThread "Stdin handler"                     [_thread_blocked, id=2028, stack(0x0000008968100000,0x0000008968200000) (1024K)]
  0x000001d455c97500 JavaThread "Daemon client event forwarder"        [_thread_blocked, id=17812, stack(0x0000008968200000,0x0000008968300000) (1024K)]
  0x000001d455c94080 JavaThread "Cache worker for journal cache (C:\Users\DELL\.gradle\caches\journal-1)"        [_thread_blocked, id=16548, stack(0x0000008968700000,0x0000008968800000) (1024K)]
  0x000001d455c94710 JavaThread "File lock request listener"        [_thread_in_native, id=3424, stack(0x0000008968800000,0x0000008968900000) (1024K)]
  0x000001d455c94da0 JavaThread "Cache worker for file hash cache (C:\Users\DELL\.gradle\caches\8.8\fileHashes)"        [_thread_blocked, id=20260, stack(0x0000008968900000,0x0000008968a00000) (1024K)]
  0x000001d455c96150 JavaThread "Cache worker for file hash cache (C:\Users\DELL\Downloads\lesson1\IgMini\.gradle\8.8\fileHashes)"        [_thread_blocked, id=2428, stack(0x0000008968d00000,0x0000008968e00000) (1024K)]
  0x000001d455f21f00 JavaThread "File watcher server"        daemon [_thread_in_native, id=24756, stack(0x0000008968e00000,0x0000008968f00000) (1024K)]
  0x000001d455f22590 JavaThread "File watcher consumer"      daemon [_thread_blocked, id=16680, stack(0x0000008968f00000,0x0000008969000000) (1024K)]
  0x000001d455f21870 JavaThread "jar transforms"                    [_thread_blocked, id=1956, stack(0x0000008969000000,0x0000008969100000) (1024K)]
  0x000001d455f22c20 JavaThread "jar transforms Thread 2"           [_thread_blocked, id=3248, stack(0x0000008969100000,0x0000008969200000) (1024K)]
  0x000001d455f232b0 JavaThread "jar transforms Thread 3"           [_thread_blocked, id=24188, stack(0x0000008969200000,0x0000008969300000) (1024K)]
  0x000001d455f211e0 JavaThread "jar transforms Thread 4"           [_thread_blocked, id=22540, stack(0x0000008969300000,0x0000008969400000) (1024K)]
  0x000001d455f23940 JavaThread "jar transforms Thread 5"           [_thread_blocked, id=9868, stack(0x0000008969400000,0x0000008969500000) (1024K)]
  0x000001d455f23fd0 JavaThread "jar transforms Thread 6"           [_thread_blocked, id=18624, stack(0x0000008969500000,0x0000008969600000) (1024K)]
  0x000001d455f20b50 JavaThread "jar transforms Thread 7"           [_thread_blocked, id=5976, stack(0x0000008969600000,0x0000008969700000) (1024K)]
  0x000001d455f27ae0 JavaThread "jar transforms Thread 8"           [_thread_blocked, id=18744, stack(0x0000008969700000,0x0000008969800000) (1024K)]
  0x000001d455f24660 JavaThread "jar transforms Thread 9"           [_thread_blocked, id=1996, stack(0x0000008969800000,0x0000008969900000) (1024K)]
  0x000001d455f24cf0 JavaThread "jar transforms Thread 10"          [_thread_blocked, id=21192, stack(0x0000008969900000,0x0000008969a00000) (1024K)]
  0x000001d455f26dc0 JavaThread "jar transforms Thread 11"          [_thread_blocked, id=3060, stack(0x0000008969a00000,0x0000008969b00000) (1024K)]
  0x000001d455f25a10 JavaThread "jar transforms Thread 12"          [_thread_blocked, id=12936, stack(0x0000008969b00000,0x0000008969c00000) (1024K)]
  0x000001d455f26730 JavaThread "Cache worker for checksums cache (C:\Users\DELL\Downloads\lesson1\IgMini\.gradle\8.8\checksums)"        [_thread_blocked, id=23652, stack(0x0000008968c00000,0x0000008968d00000) (1024K)]
  0x000001d455f27450 JavaThread "Cache worker for file content cache (C:\Users\DELL\.gradle\caches\8.8\fileContent)"        [_thread_blocked, id=6064, stack(0x0000008969c00000,0x0000008969d00000) (1024K)]
  0x000001d455f260a0 JavaThread "Cache worker for cache directory md-rule (C:\Users\DELL\.gradle\caches\8.8\md-rule)"        [_thread_blocked, id=5912, stack(0x0000008969e00000,0x0000008969f00000) (1024K)]
  0x000001d455f28170 JavaThread "Cache worker for cache directory md-supplier (C:\Users\DELL\.gradle\caches\8.8\md-supplier)"        [_thread_blocked, id=23848, stack(0x0000008969d00000,0x0000008969e00000) (1024K)]
  0x000001d454f1aa10 JavaThread "Unconstrained build operations"        [_thread_blocked, id=4440, stack(0x0000008969f00000,0x000000896a000000) (1024K)]
  0x000001d454f1b730 JavaThread "Unconstrained build operations Thread 2"        [_thread_blocked, id=24596, stack(0x000000896a000000,0x000000896a100000) (1024K)]
  0x000001d454f1bdc0 JavaThread "Unconstrained build operations Thread 3"        [_thread_blocked, id=22044, stack(0x000000896a100000,0x000000896a200000) (1024K)]
  0x000001d454f1c450 JavaThread "Unconstrained build operations Thread 4"        [_thread_blocked, id=23232, stack(0x000000896a200000,0x000000896a300000) (1024K)]
  0x000001d454f18fd0 JavaThread "Unconstrained build operations Thread 5"        [_thread_blocked, id=9504, stack(0x000000896a300000,0x000000896a400000) (1024K)]
  0x000001d454f1b0a0 JavaThread "Unconstrained build operations Thread 6"        [_thread_blocked, id=2780, stack(0x000000896a400000,0x000000896a500000) (1024K)]
  0x000001d454f1cae0 JavaThread "Unconstrained build operations Thread 7"        [_thread_blocked, id=20032, stack(0x000000896a500000,0x000000896a600000) (1024K)]
  0x000001d454f19660 JavaThread "Unconstrained build operations Thread 8"        [_thread_blocked, id=24496, stack(0x000000896a600000,0x000000896a700000) (1024K)]
  0x000001d454f1d170 JavaThread "Unconstrained build operations Thread 9"        [_thread_blocked, id=23892, stack(0x000000896a700000,0x000000896a800000) (1024K)]
  0x000001d454f1e520 JavaThread "Unconstrained build operations Thread 10"        [_thread_blocked, id=23268, stack(0x000000896a800000,0x000000896a900000) (1024K)]
  0x000001d454f1de90 JavaThread "Unconstrained build operations Thread 11"        [_thread_blocked, id=23916, stack(0x000000896a900000,0x000000896aa00000) (1024K)]
  0x000001d454f1f240 JavaThread "Unconstrained build operations Thread 12"        [_thread_blocked, id=9296, stack(0x000000896aa00000,0x000000896ab00000) (1024K)]
  0x000001d454f1d800 JavaThread "Unconstrained build operations Thread 13"        [_thread_blocked, id=15280, stack(0x000000896ab00000,0x000000896ac00000) (1024K)]
  0x000001d454f1ff60 JavaThread "Unconstrained build operations Thread 14"        [_thread_blocked, id=3420, stack(0x000000896ac00000,0x000000896ad00000) (1024K)]
  0x000001d454f1ebb0 JavaThread "Unconstrained build operations Thread 15"        [_thread_blocked, id=19872, stack(0x000000896ad00000,0x000000896ae00000) (1024K)]
  0x000001d454f1f8d0 JavaThread "Unconstrained build operations Thread 16"        [_thread_blocked, id=23960, stack(0x000000896ae00000,0x000000896af00000) (1024K)]
  0x000001d454f205f0 JavaThread "Unconstrained build operations Thread 17"        [_thread_blocked, id=24580, stack(0x000000896af00000,0x000000896b000000) (1024K)]
  0x000001d455d54f60 JavaThread "Unconstrained build operations Thread 18"        [_thread_blocked, id=18176, stack(0x000000896b000000,0x000000896b100000) (1024K)]
  0x000001d455d56310 JavaThread "Unconstrained build operations Thread 19"        [_thread_blocked, id=25248, stack(0x000000896b100000,0x000000896b200000) (1024K)]
  0x000001d455d583e0 JavaThread "Unconstrained build operations Thread 20"        [_thread_blocked, id=23616, stack(0x000000896b200000,0x000000896b300000) (1024K)]
  0x000001d455d57030 JavaThread "Unconstrained build operations Thread 21"        [_thread_blocked, id=17276, stack(0x000000896b300000,0x000000896b400000) (1024K)]
  0x000001d455d58a70 JavaThread "Unconstrained build operations Thread 22"        [_thread_blocked, id=7828, stack(0x000000896b400000,0x000000896b500000) (1024K)]
  0x000001d455d55c80 JavaThread "Cache worker for Build Output Cleanup Cache (C:\Users\DELL\Downloads\lesson1\IgMini\.gradle\buildOutputCleanup)"        [_thread_blocked, id=13960, stack(0x000000896b600000,0x000000896b700000) (1024K)]
  0x000001d455d569a0 JavaThread "Memory manager"                    [_thread_blocked, id=23352, stack(0x000000896b500000,0x000000896b600000) (1024K)]
  0x000001d455d57d50 JavaThread "included builds"                   [_thread_blocked, id=24616, stack(0x000000896b700000,0x000000896b800000) (1024K)]
  0x000001d455d555f0 JavaThread "Execution worker"                  [_thread_blocked, id=5908, stack(0x000000896b800000,0x000000896b900000) (1024K)]
  0x000001d455d5a4b0 JavaThread "Execution worker Thread 2"         [_thread_blocked, id=21472, stack(0x000000896b900000,0x000000896ba00000) (1024K)]
  0x000001d455d5c580 JavaThread "Execution worker Thread 3"         [_thread_blocked, id=19792, stack(0x000000896ba00000,0x000000896bb00000) (1024K)]
  0x000001d455d59100 JavaThread "Execution worker Thread 4"         [_thread_blocked, id=16160, stack(0x000000896bb00000,0x000000896bc00000) (1024K)]
  0x000001d455d59790 JavaThread "Execution worker Thread 5"         [_thread_blocked, id=13336, stack(0x000000896bc00000,0x000000896bd00000) (1024K)]
  0x000001d455d59e20 JavaThread "Execution worker Thread 6"         [_thread_blocked, id=24700, stack(0x000000896bd00000,0x000000896be00000) (1024K)]
  0x000001d455d5b860 JavaThread "Execution worker Thread 7"         [_thread_blocked, id=19144, stack(0x000000896be00000,0x000000896bf00000) (1024K)]
  0x000001d455d5ab40 JavaThread "Execution worker Thread 8"         [_thread_blocked, id=23948, stack(0x000000896bf00000,0x000000896c000000) (1024K)]
  0x000001d455d5b1d0 JavaThread "Execution worker Thread 9"         [_thread_blocked, id=24972, stack(0x000000896c000000,0x000000896c100000) (1024K)]
  0x000001d457fdbef0 JavaThread "Execution worker Thread 10"        [_thread_blocked, id=14500, stack(0x000000896c100000,0x000000896c200000) (1024K)]
  0x000001d457fdb1d0 JavaThread "Execution worker Thread 11"        [_thread_blocked, id=24840, stack(0x000000896c200000,0x000000896c300000) (1024K)]
  0x000001d457fd8a70 JavaThread "Cache worker for execution history cache (C:\Users\DELL\Downloads\lesson1\IgMini\.gradle\8.8\executionHistory)"        [_thread_blocked, id=24120, stack(0x000000896c300000,0x000000896c400000) (1024K)]
  0x000001d457fdb860 JavaThread "idea-tooling-model-converter"        [_thread_blocked, id=15576, stack(0x000000896c400000,0x000000896c500000) (1024K)]
Total: 81

Other Threads:
=>0x000001d4301fcae0 VMThread "VM Thread"                           [id=25224, stack(0x0000008966900000,0x0000008966a00000) (1024K)]
  0x000001d4301edab0 WatcherThread "VM Periodic Task Thread"        [id=12892, stack(0x0000008966800000,0x0000008966900000) (1024K)]
  0x000001d430160c70 WorkerThread "GC Thread#0"                     [id=25528, stack(0x0000008966300000,0x0000008966400000) (1024K)]
  0x000001d4543b8210 WorkerThread "GC Thread#1"                     [id=24524, stack(0x0000008967600000,0x0000008967700000) (1024K)]
  0x000001d4547fc0b0 WorkerThread "GC Thread#2"                     [id=12256, stack(0x0000008967700000,0x0000008967800000) (1024K)]
  0x000001d4549a6c90 WorkerThread "GC Thread#3"                     [id=25172, stack(0x0000008967800000,0x0000008967900000) (1024K)]
  0x000001d45473b9e0 WorkerThread "GC Thread#4"                     [id=18944, stack(0x0000008967500000,0x0000008967600000) (1024K)]
  0x000001d4559b8ce0 WorkerThread "GC Thread#5"                     [id=16868, stack(0x0000008967900000,0x0000008967a00000) (1024K)]
  0x000001d45592aba0 WorkerThread "GC Thread#6"                     [id=19256, stack(0x0000008968300000,0x0000008968400000) (1024K)]
  0x000001d45592af50 WorkerThread "GC Thread#7"                     [id=12352, stack(0x0000008968400000,0x0000008968500000) (1024K)]
  0x000001d45592a7f0 WorkerThread "GC Thread#8"                     [id=7804, stack(0x0000008968500000,0x0000008968600000) (1024K)]
  0x000001d45592b300 WorkerThread "GC Thread#9"                     [id=15680, stack(0x0000008968600000,0x0000008968700000) (1024K)]
  0x000001d430162370 ConcurrentGCThread "G1 Main Marker"            [id=25536, stack(0x0000008966400000,0x0000008966500000) (1024K)]
  0x000001d430163c10 WorkerThread "G1 Conc#0"                       [id=21372, stack(0x0000008966500000,0x0000008966600000) (1024K)]
  0x000001d457bbbbb0 WorkerThread "G1 Conc#1"                       [id=24684, stack(0x0000008968a00000,0x0000008968b00000) (1024K)]
  0x000001d457bbbf60 WorkerThread "G1 Conc#2"                       [id=24692, stack(0x0000008968b00000,0x0000008968c00000) (1024K)]
  0x000001d4301e0a20 ConcurrentGCThread "G1 Refine#0"               [id=20304, stack(0x0000008966600000,0x0000008966700000) (1024K)]
  0x000001d4301e23c0 ConcurrentGCThread "G1 Service"                [id=25488, stack(0x0000008966700000,0x0000008966800000) (1024K)]
Total: 18

Threads with active compile tasks:
Total: 0

VM state: at safepoint (normal execution)

VM Mutex/Monitor currently owned by a thread:  ([mutex/lock_event])
[0x00007ff88c11b8b0] Threads_lock - owner thread: 0x000001d4301fcae0
[0x00007ff88c11b9b0] Heap_lock - owner thread: 0x000001d455c967e0

Heap address: 0x00000000fc000000, size: 64 MB, Compressed Oops mode: 32-bit

CDS archive(s) mapped at: [0x000001d44b000000-0x000001d44bc80000-0x000001d44bc80000), size 13107200, SharedBaseAddress: 0x000001d44b000000, ArchiveRelocationMode: 1.
Compressed class space mapped at: 0x000001d44c000000-0x000001d450000000, reserved size: 67108864
Narrow klass base: 0x000001d44b000000, Narrow klass shift: 0, Narrow klass range: 0x100000000

GC Precious Log:
 CardTable entry size: 512
 Card Set container configuration: InlinePtr #cards 5 size 8 Array Of Cards #cards 12 size 40 Howl #buckets 4 coarsen threshold 1843 Howl Bitmap #cards 512 size 80 coarsen threshold 460 Card regions per heap region 1 cards per card region 2048
 CPUs: 12 total, 12 available
 Memory: 16068M
 Large Page Support: Disabled
 NUMA Support: Disabled
 Compressed Oops: Enabled (32-bit)
 Heap Region Size: 1M
 Heap Min Capacity: 64M
 Heap Initial Capacity: 64M
 Heap Max Capacity: 64M
 Pre-touch: Disabled
 Parallel Workers: 10
 Concurrent Workers: 3
 Concurrent Refinement Workers: 10
 Periodic GC: Disabled

Heap:
 garbage-first heap   total 65536K, used 64731K [0x00000000fc000000, 0x0000000100000000)
  region size 1024K, 0 young (0K), 0 survivors (0K)
 Metaspace       used 58606K, committed 59584K, reserved 131072K
  class space    used 8522K, committed 8960K, reserved 65536K

Heap Regions: E=young(eden), S=young(survivor), O=old, HS=humongous(starts), HC=humongous(continues), CS=collection set, F=free, TAMS=top-at-mark-start, PB=parsable bottom
|   0|0x00000000fc000000, 0x00000000fc100000, 0x00000000fc100000|100%|HS|  |TAMS 0x00000000fc000000| PB 0x00000000fc000000| Untracked 
|   1|0x00000000fc100000, 0x00000000fc200000, 0x00000000fc200000|100%|HC|  |TAMS 0x00000000fc100000| PB 0x00000000fc100000| Untracked 
|   2|0x00000000fc200000, 0x00000000fc300000, 0x00000000fc300000|100%|HC|  |TAMS 0x00000000fc200000| PB 0x00000000fc200000| Untracked 
|   3|0x00000000fc300000, 0x00000000fc400000, 0x00000000fc400000|100%|HC|  |TAMS 0x00000000fc300000| PB 0x00000000fc300000| Untracked 
|   4|0x00000000fc400000, 0x00000000fc500000, 0x00000000fc500000|100%| O|  |TAMS 0x00000000fc400000| PB 0x00000000fc400000| Untracked 
|   5|0x00000000fc500000, 0x00000000fc600000, 0x00000000fc600000|100%| O|  |TAMS 0x00000000fc500000| PB 0x00000000fc500000| Untracked 
|   6|0x00000000fc600000, 0x00000000fc6fe7d0, 0x00000000fc700000| 99%| O|  |TAMS 0x00000000fc600000| PB 0x00000000fc600000| Untracked 
|   7|0x00000000fc700000, 0x00000000fc800000, 0x00000000fc800000|100%| O|  |TAMS 0x00000000fc700000| PB 0x00000000fc700000| Untracked 
|   8|0x00000000fc800000, 0x00000000fc8fffe8, 0x00000000fc900000| 99%| O|  |TAMS 0x00000000fc800000| PB 0x00000000fc800000| Untracked 
|   9|0x00000000fc900000, 0x00000000fc9ff830, 0x00000000fca00000| 99%| O|  |TAMS 0x00000000fc900000| PB 0x00000000fc900000| Untracked 
|  10|0x00000000fca00000, 0x00000000fcafffa8, 0x00000000fcb00000| 99%| O|  |TAMS 0x00000000fca00000| PB 0x00000000fca00000| Untracked 
|  11|0x00000000fcb00000, 0x00000000fcc00000, 0x00000000fcc00000|100%|HS|  |TAMS 0x00000000fcb00000| PB 0x00000000fcb00000| Untracked 
|  12|0x00000000fcc00000, 0x00000000fcd00000, 0x00000000fcd00000|100%| O|  |TAMS 0x00000000fcc00000| PB 0x00000000fcc00000| Untracked 
|  13|0x00000000fcd00000, 0x00000000fcdffff8, 0x00000000fce00000| 99%| O|  |TAMS 0x00000000fcd00000| PB 0x00000000fcd00000| Untracked 
|  14|0x00000000fce00000, 0x00000000fcf00000, 0x00000000fcf00000|100%| O|  |TAMS 0x00000000fce00000| PB 0x00000000fce00000| Untracked 
|  15|0x00000000fcf00000, 0x00000000fd000000, 0x00000000fd000000|100%| O|  |TAMS 0x00000000fcf00000| PB 0x00000000fcf00000| Untracked 
|  16|0x00000000fd000000, 0x00000000fd0ffff8, 0x00000000fd100000| 99%| O|  |TAMS 0x00000000fd000000| PB 0x00000000fd000000| Untracked 
|  17|0x00000000fd100000, 0x00000000fd200000, 0x00000000fd200000|100%| O|  |TAMS 0x00000000fd100000| PB 0x00000000fd100000| Untracked 
|  18|0x00000000fd200000, 0x00000000fd2f50e0, 0x00000000fd300000| 95%| O|  |TAMS 0x00000000fd200000| PB 0x00000000fd200000| Untracked 
|  19|0x00000000fd300000, 0x00000000fd3ffff8, 0x00000000fd400000| 99%| O|  |TAMS 0x00000000fd300000| PB 0x00000000fd300000| Untracked 
|  20|0x00000000fd400000, 0x00000000fd500000, 0x00000000fd500000|100%| O|  |TAMS 0x00000000fd400000| PB 0x00000000fd400000| Untracked 
|  21|0x00000000fd500000, 0x00000000fd600000, 0x00000000fd600000|100%|HS|  |TAMS 0x00000000fd500000| PB 0x00000000fd500000| Untracked 
|  22|0x00000000fd600000, 0x00000000fd700000, 0x00000000fd700000|100%|HC|  |TAMS 0x00000000fd600000| PB 0x00000000fd600000| Untracked 
|  23|0x00000000fd700000, 0x00000000fd800000, 0x00000000fd800000|100%|HC|  |TAMS 0x00000000fd700000| PB 0x00000000fd700000| Untracked 
|  24|0x00000000fd800000, 0x00000000fd900000, 0x00000000fd900000|100%|HC|  |TAMS 0x00000000fd800000| PB 0x00000000fd800000| Untracked 
|  25|0x00000000fd900000, 0x00000000fda00000, 0x00000000fda00000|100%|HC|  |TAMS 0x00000000fd900000| PB 0x00000000fd900000| Untracked 
|  26|0x00000000fda00000, 0x00000000fdb00000, 0x00000000fdb00000|100%|HC|  |TAMS 0x00000000fda00000| PB 0x00000000fda00000| Untracked 
|  27|0x00000000fdb00000, 0x00000000fdc00000, 0x00000000fdc00000|100%|HS|  |TAMS 0x00000000fdb00000| PB 0x00000000fdb00000| Untracked 
|  28|0x00000000fdc00000, 0x00000000fdd00000, 0x00000000fdd00000|100%|HS|  |TAMS 0x00000000fdc00000| PB 0x00000000fdc00000| Untracked 
|  29|0x00000000fdd00000, 0x00000000fddffff8, 0x00000000fde00000| 99%| O|  |TAMS 0x00000000fdd00000| PB 0x00000000fdd00000| Untracked 
|  30|0x00000000fde00000, 0x00000000fdefffd0, 0x00000000fdf00000| 99%| O|  |TAMS 0x00000000fde00000| PB 0x00000000fde00000| Untracked 
|  31|0x00000000fdf00000, 0x00000000fdfffff8, 0x00000000fe000000| 99%| O|  |TAMS 0x00000000fdf00000| PB 0x00000000fdf00000| Untracked 
|  32|0x00000000fe000000, 0x00000000fe100000, 0x00000000fe100000|100%|HS|  |TAMS 0x00000000fe000000| PB 0x00000000fe000000| Untracked 
|  33|0x00000000fe100000, 0x00000000fe1ffff8, 0x00000000fe200000| 99%| O|  |TAMS 0x00000000fe100000| PB 0x00000000fe100000| Untracked 
|  34|0x00000000fe200000, 0x00000000fe300000, 0x00000000fe300000|100%| O|  |TAMS 0x00000000fe200000| PB 0x00000000fe200000| Untracked 
|  35|0x00000000fe300000, 0x00000000fe3ffff8, 0x00000000fe400000| 99%| O|  |TAMS 0x00000000fe300000| PB 0x00000000fe300000| Untracked 
|  36|0x00000000fe400000, 0x00000000fe4ffff0, 0x00000000fe500000| 99%| O|  |TAMS 0x00000000fe400000| PB 0x00000000fe400000| Untracked 
|  37|0x00000000fe500000, 0x00000000fe600000, 0x00000000fe600000|100%|HS|  |TAMS 0x00000000fe500000| PB 0x00000000fe500000| Untracked 
|  38|0x00000000fe600000, 0x00000000fe700000, 0x00000000fe700000|100%|HC|  |TAMS 0x00000000fe600000| PB 0x00000000fe600000| Untracked 
|  39|0x00000000fe700000, 0x00000000fe800000, 0x00000000fe800000|100%|HC|  |TAMS 0x00000000fe700000| PB 0x00000000fe700000| Untracked 
|  40|0x00000000fe800000, 0x00000000fe900000, 0x00000000fe900000|100%|HC|  |TAMS 0x00000000fe800000| PB 0x00000000fe800000| Untracked 
|  41|0x00000000fe900000, 0x00000000fea00000, 0x00000000fea00000|100%|HC|  |TAMS 0x00000000fe900000| PB 0x00000000fe900000| Untracked 
|  42|0x00000000fea00000, 0x00000000feb00000, 0x00000000feb00000|100%|HC|  |TAMS 0x00000000fea00000| PB 0x00000000fea00000| Untracked 
|  43|0x00000000feb00000, 0x00000000fec00000, 0x00000000fec00000|100%|HS|  |TAMS 0x00000000feb00000| PB 0x00000000feb00000| Untracked 
|  44|0x00000000fec00000, 0x00000000fed00000, 0x00000000fed00000|100%| O|  |TAMS 0x00000000fec00000| PB 0x00000000fec00000| Untracked 
|  45|0x00000000fed00000, 0x00000000fedffef8, 0x00000000fee00000| 99%| O|  |TAMS 0x00000000fed00000| PB 0x00000000fed00000| Untracked 
|  46|0x00000000fee00000, 0x00000000feefffe8, 0x00000000fef00000| 99%| O|  |TAMS 0x00000000fee00000| PB 0x00000000fee00000| Untracked 
|  47|0x00000000fef00000, 0x00000000feffffe0, 0x00000000ff000000| 99%| O|  |TAMS 0x00000000fef00000| PB 0x00000000fef00000| Untracked 
|  48|0x00000000ff000000, 0x00000000ff0f7950, 0x00000000ff100000| 96%| O|  |TAMS 0x00000000ff000000| PB 0x00000000ff000000| Untracked 
|  49|0x00000000ff100000, 0x00000000ff1fffe0, 0x00000000ff200000| 99%| O|  |TAMS 0x00000000ff100000| PB 0x00000000ff100000| Untracked 
|  50|0x00000000ff200000, 0x00000000ff2fff88, 0x00000000ff300000| 99%| O|  |TAMS 0x00000000ff200000| PB 0x00000000ff200000| Untracked 
|  51|0x00000000ff300000, 0x00000000ff3ffff0, 0x00000000ff400000| 99%| O|  |TAMS 0x00000000ff300000| PB 0x00000000ff300000| Untracked 
|  52|0x00000000ff400000, 0x00000000ff4fafc8, 0x00000000ff500000| 98%| O|  |TAMS 0x00000000ff400000| PB 0x00000000ff400000| Untracked 
|  53|0x00000000ff500000, 0x00000000ff5ffff0, 0x00000000ff600000| 99%| O|  |TAMS 0x00000000ff500000| PB 0x00000000ff500000| Untracked 
|  54|0x00000000ff600000, 0x00000000ff6ffff8, 0x00000000ff700000| 99%| O|  |TAMS 0x00000000ff600000| PB 0x00000000ff600000| Untracked 
|  55|0x00000000ff700000, 0x00000000ff7fffe0, 0x00000000ff800000| 99%| O|  |TAMS 0x00000000ff700000| PB 0x00000000ff700000| Untracked 
|  56|0x00000000ff800000, 0x00000000ff8ffff0, 0x00000000ff900000| 99%| O|  |TAMS 0x00000000ff800000| PB 0x00000000ff800000| Untracked 
|  57|0x00000000ff900000, 0x00000000ff9fffe8, 0x00000000ffa00000| 99%| O|  |TAMS 0x00000000ff900000| PB 0x00000000ff900000| Untracked 
|  58|0x00000000ffa00000, 0x00000000ffaffff8, 0x00000000ffb00000| 99%| O|  |TAMS 0x00000000ffa00000| PB 0x00000000ffa00000| Untracked 
|  59|0x00000000ffb00000, 0x00000000ffbf8c80, 0x00000000ffc00000| 97%| O|  |TAMS 0x00000000ffb00000| PB 0x00000000ffb00000| Untracked 
|  60|0x00000000ffc00000, 0x00000000ffd00000, 0x00000000ffd00000|100%| O|  |TAMS 0x00000000ffc00000| PB 0x00000000ffc00000| Untracked 
|  61|0x00000000ffd00000, 0x00000000ffd58ab0, 0x00000000ffe00000| 34%| O|  |TAMS 0x00000000ffd00000| PB 0x00000000ffd00000| Untracked 
|  62|0x00000000ffe00000, 0x00000000fff00000, 0x00000000fff00000|100%| O|  |TAMS 0x00000000ffe00000| PB 0x00000000ffe00000| Untracked 
|  63|0x00000000fff00000, 0x0000000100000000, 0x0000000100000000|100%| O|  |TAMS 0x00000000fff00000| PB 0x00000000fff00000| Untracked 

Card table byte_map: [0x000001d42df70000,0x000001d42df90000] _byte_map_base: 0x000001d42d790000

Marking Bits: (CMBitMap*) 0x000001d430161290
 Bits: [0x000001d447dc0000, 0x000001d447ec0000)

Polling page: 0x000001d42df00000

Metaspace:

Usage:
  Non-class:     48.91 MB used.
      Class:      8.32 MB used.
       Both:     57.23 MB used.

Virtual space:
  Non-class space:       64.00 MB reserved,      49.44 MB ( 77%) committed,  1 nodes.
      Class space:       64.00 MB reserved,       8.75 MB ( 14%) committed,  1 nodes.
             Both:      128.00 MB reserved,      58.19 MB ( 45%) committed. 

Chunk freelists:
   Non-Class:  13.86 MB
       Class:  7.25 MB
        Both:  21.11 MB

MaxMetaspaceSize: 64.00 MB
CompressedClassSpaceSize: 64.00 MB
Initial GC threshold: 21.00 MB
Current GC threshold: 64.00 MB
CDS: on
 - commit_granule_bytes: 65536.
 - commit_granule_words: 8192.
 - virtual_space_node_default_size: 8388608.
 - enlarge_chunks_in_place: 1.
 - use_allocation_guard: 0.


Internal statistics:

num_allocs_failed_limit: 3.
num_arena_births: 4742.
num_arena_deaths: 3218.
num_vsnodes_births: 2.
num_vsnodes_deaths: 0.
num_space_committed: 931.
num_space_uncommitted: 0.
num_chunks_returned_to_freelist: 3722.
num_chunks_taken_from_freelist: 8992.
num_chunk_merges: 1161.
num_chunk_splits: 4627.
num_chunks_enlarged: 2760.
num_inconsistent_stats: 0.

CodeHeap 'non-profiled nmethods': size=120000Kb used=3956Kb max_used=3956Kb free=116043Kb
 bounds [0x000001d440340000, 0x000001d440720000, 0x000001d447870000]
CodeHeap 'profiled nmethods': size=120000Kb used=11016Kb max_used=11016Kb free=108983Kb
 bounds [0x000001d438870000, 0x000001d439340000, 0x000001d43fda0000]
CodeHeap 'non-nmethods': size=5760Kb used=2596Kb max_used=2641Kb free=3163Kb
 bounds [0x000001d43fda0000, 0x000001d440040000, 0x000001d440340000]
CodeCache: size=245760Kb, used=17568Kb, max_used=17613Kb, free=228189Kb
 total_blobs=6819, nmethods=5957, adapters=765, full_count=0
Compilation: enabled, stopped_count=0, restarted_count=0

Compilation events (20 events):
Event: 74.259 Thread 0x000001d44aab84c0 7287       1       java.io.SerialCallbackContext::getDesc (5 bytes)
Event: 74.259 Thread 0x000001d44aab84c0 nmethod 7287 0x000001d44071c690 code [0x000001d44071c820, 0x000001d44071c8e8]
Event: 74.262 Thread 0x000001d44aab84c0 7288       3       org.gradle.api.internal.provider.EvaluationContext$PerThreadContext::push (34 bytes)
Event: 74.263 Thread 0x000001d44aab84c0 nmethod 7288 0x000001d438961610 code [0x000001d4389617e0, 0x000001d438961b30]
Event: 74.263 Thread 0x000001d44aab84c0 7289       3       it.unimi.dsi.fastutil.objects.ReferenceArrayList::grow (137 bytes)
Event: 74.264 Thread 0x000001d44aab84c0 nmethod 7289 0x000001d438e6f110 code [0x000001d438e6f320, 0x000001d438e6f9d0]
Event: 74.264 Thread 0x000001d44aab84c0 7290       3       it.unimi.dsi.fastutil.objects.ReferenceOpenHashSet::removeEntry (60 bytes)
Event: 74.264 Thread 0x000001d44aab84c0 nmethod 7290 0x000001d43932fb90 code [0x000001d43932fd60, 0x000001d43932fff8]
Event: 74.264 Thread 0x000001d44aab84c0 7291       3       java.util.regex.Pattern$$Lambda/0x800000030::is (9 bytes)
Event: 74.264 Thread 0x000001d44aab84c0 nmethod 7291 0x000001d439330110 code [0x000001d4393302c0, 0x000001d439330540]
Event: 74.279 Thread 0x000001d44aab84c0 7292       3       java.util.HashSet::clear (8 bytes)
Event: 74.280 Thread 0x000001d44aab84c0 nmethod 7292 0x000001d439330610 code [0x000001d4393307c0, 0x000001d439330998]
Event: 74.280 Thread 0x000001d44aab84c0 7294       3       org.gradle.internal.resources.DefaultResourceLockCoordinationService::maybeNotifyStateChange (94 bytes)
Event: 74.280 Thread 0x000001d44aab84c0 nmethod 7294 0x000001d439330a90 code [0x000001d439330d40, 0x000001d439331b10]
Event: 74.280 Thread 0x000001d44aab84c0 7293       3       org.gradle.internal.resources.DefaultResourceLockCoordinationService::startOperation (49 bytes)
Event: 74.280 Thread 0x000001d44aab84c0 nmethod 7293 0x000001d439331f90 code [0x000001d439332160, 0x000001d4393324b8]
Event: 74.565 Thread 0x000001d44aab84c0 7295       3       java.util.LinkedList::unlinkFirst (64 bytes)
Event: 74.566 Thread 0x000001d44aab84c0 nmethod 7295 0x000001d439332590 code [0x000001d439332740, 0x000001d4393329d8]
Event: 74.567 Thread 0x000001d44aab4a00 7296       4       java.util.concurrent.atomic.AtomicReferenceArray::set (13 bytes)
Event: 74.574 Thread 0x000001d44aab4a00 nmethod 7296 0x000001d44071cc90 code [0x000001d44071ce20, 0x000001d44071d020]

GC Heap History (20 events):
Event: 71.852 GC heap after
{Heap after GC invocations=160 (full 26):
 garbage-first heap   total 65536K, used 62444K [0x00000000fc000000, 0x0000000100000000)
  region size 1024K, 0 young (0K), 0 survivors (0K)
 Metaspace       used 58189K, committed 59200K, reserved 131072K
  class space    used 8467K, committed 8960K, reserved 65536K
}
Event: 72.062 GC heap before
{Heap before GC invocations=160 (full 26):
 garbage-first heap   total 65536K, used 64492K [0x00000000fc000000, 0x0000000100000000)
  region size 1024K, 2 young (2048K), 0 survivors (0K)
 Metaspace       used 58189K, committed 59200K, reserved 131072K
  class space    used 8467K, committed 8960K, reserved 65536K
}
Event: 72.065 GC heap after
{Heap after GC invocations=161 (full 26):
 garbage-first heap   total 65536K, used 64492K [0x00000000fc000000, 0x0000000100000000)
  region size 1024K, 0 young (0K), 0 survivors (0K)
 Metaspace       used 58189K, committed 59200K, reserved 131072K
  class space    used 8467K, committed 8960K, reserved 65536K
}
Event: 72.065 GC heap before
{Heap before GC invocations=161 (full 26):
 garbage-first heap   total 65536K, used 64492K [0x00000000fc000000, 0x0000000100000000)
  region size 1024K, 0 young (0K), 0 survivors (0K)
 Metaspace       used 58189K, committed 59200K, reserved 131072K
  class space    used 8467K, committed 8960K, reserved 65536K
}
Event: 72.155 GC heap after
{Heap after GC invocations=162 (full 27):
 garbage-first heap   total 65536K, used 62509K [0x00000000fc000000, 0x0000000100000000)
  region size 1024K, 0 young (0K), 0 survivors (0K)
 Metaspace       used 58189K, committed 59200K, reserved 131072K
  class space    used 8467K, committed 8960K, reserved 65536K
}
Event: 72.429 GC heap before
{Heap before GC invocations=162 (full 27):
 garbage-first heap   total 65536K, used 64557K [0x00000000fc000000, 0x0000000100000000)
  region size 1024K, 2 young (2048K), 0 survivors (0K)
 Metaspace       used 58192K, committed 59200K, reserved 131072K
  class space    used 8467K, committed 8960K, reserved 65536K
}
Event: 72.431 GC heap after
{Heap after GC invocations=163 (full 27):
 garbage-first heap   total 65536K, used 64557K [0x00000000fc000000, 0x0000000100000000)
  region size 1024K, 0 young (0K), 0 survivors (0K)
 Metaspace       used 58192K, committed 59200K, reserved 131072K
  class space    used 8467K, committed 8960K, reserved 65536K
}
Event: 72.431 GC heap before
{Heap before GC invocations=163 (full 27):
 garbage-first heap   total 65536K, used 64557K [0x00000000fc000000, 0x0000000100000000)
  region size 1024K, 0 young (0K), 0 survivors (0K)
 Metaspace       used 58192K, committed 59200K, reserved 131072K
  class space    used 8467K, committed 8960K, reserved 65536K
}
Event: 72.610 GC heap after
{Heap after GC invocations=164 (full 28):
 garbage-first heap   total 65536K, used 62443K [0x00000000fc000000, 0x0000000100000000)
  region size 1024K, 0 young (0K), 0 survivors (0K)
 Metaspace       used 58192K, committed 59200K, reserved 131072K
  class space    used 8467K, committed 8960K, reserved 65536K
}
Event: 72.943 GC heap before
{Heap before GC invocations=164 (full 28):
 garbage-first heap   total 65536K, used 64491K [0x00000000fc000000, 0x0000000100000000)
  region size 1024K, 2 young (2048K), 0 survivors (0K)
 Metaspace       used 58231K, committed 59200K, reserved 131072K
  class space    used 8470K, committed 8960K, reserved 65536K
}
Event: 72.946 GC heap after
{Heap after GC invocations=165 (full 28):
 garbage-first heap   total 65536K, used 64491K [0x00000000fc000000, 0x0000000100000000)
  region size 1024K, 0 young (0K), 0 survivors (0K)
 Metaspace       used 58231K, committed 59200K, reserved 131072K
  class space    used 8470K, committed 8960K, reserved 65536K
}
Event: 72.946 GC heap before
{Heap before GC invocations=165 (full 28):
 garbage-first heap   total 65536K, used 64491K [0x00000000fc000000, 0x0000000100000000)
  region size 1024K, 0 young (0K), 0 survivors (0K)
 Metaspace       used 58231K, committed 59200K, reserved 131072K
  class space    used 8470K, committed 8960K, reserved 65536K
}
Event: 73.128 GC heap after
{Heap after GC invocations=166 (full 29):
 garbage-first heap   total 65536K, used 62890K [0x00000000fc000000, 0x0000000100000000)
  region size 1024K, 0 young (0K), 0 survivors (0K)
 Metaspace       used 58231K, committed 59200K, reserved 131072K
  class space    used 8470K, committed 8960K, reserved 65536K
}
Event: 73.805 GC heap before
{Heap before GC invocations=166 (full 29):
 garbage-first heap   total 65536K, used 64938K [0x00000000fc000000, 0x0000000100000000)
  region size 1024K, 2 young (2048K), 0 survivors (0K)
 Metaspace       used 58395K, committed 59392K, reserved 131072K
  class space    used 8497K, committed 8960K, reserved 65536K
}
Event: 73.809 GC heap after
{Heap after GC invocations=167 (full 29):
 garbage-first heap   total 65536K, used 64938K [0x00000000fc000000, 0x0000000100000000)
  region size 1024K, 0 young (0K), 0 survivors (0K)
 Metaspace       used 58395K, committed 59392K, reserved 131072K
  class space    used 8497K, committed 8960K, reserved 65536K
}
Event: 73.809 GC heap before
{Heap before GC invocations=167 (full 29):
 garbage-first heap   total 65536K, used 64938K [0x00000000fc000000, 0x0000000100000000)
  region size 1024K, 0 young (0K), 0 survivors (0K)
 Metaspace       used 58395K, committed 59392K, reserved 131072K
  class space    used 8497K, committed 8960K, reserved 65536K
}
Event: 73.966 GC heap after
{Heap after GC invocations=168 (full 30):
 garbage-first heap   total 65536K, used 62683K [0x00000000fc000000, 0x0000000100000000)
  region size 1024K, 0 young (0K), 0 survivors (0K)
 Metaspace       used 58385K, committed 59392K, reserved 131072K
  class space    used 8495K, committed 8960K, reserved 65536K
}
Event: 74.580 GC heap before
{Heap before GC invocations=168 (full 30):
 garbage-first heap   total 65536K, used 64731K [0x00000000fc000000, 0x0000000100000000)
  region size 1024K, 2 young (2048K), 0 survivors (0K)
 Metaspace       used 58606K, committed 59584K, reserved 131072K
  class space    used 8522K, committed 8960K, reserved 65536K
}
Event: 74.583 GC heap after
{Heap after GC invocations=169 (full 30):
 garbage-first heap   total 65536K, used 64731K [0x00000000fc000000, 0x0000000100000000)
  region size 1024K, 0 young (0K), 0 survivors (0K)
 Metaspace       used 58606K, committed 59584K, reserved 131072K
  class space    used 8522K, committed 8960K, reserved 65536K
}
Event: 74.583 GC heap before
{Heap before GC invocations=169 (full 30):
 garbage-first heap   total 65536K, used 64731K [0x00000000fc000000, 0x0000000100000000)
  region size 1024K, 0 young (0K), 0 survivors (0K)
 Metaspace       used 58606K, committed 59584K, reserved 131072K
  class space    used 8522K, committed 8960K, reserved 65536K
}

Dll operation events (15 events):
Event: 0.013 Loaded shared library C:\Users\DELL\.jdks\ms-21.0.11\bin\java.dll
Event: 0.047 Loaded shared library C:\Users\DELL\.jdks\ms-21.0.11\bin\jsvml.dll
Event: 0.084 Loaded shared library C:\Users\DELL\.jdks\ms-21.0.11\bin\zip.dll
Event: 0.088 Loaded shared library C:\Users\DELL\.jdks\ms-21.0.11\bin\instrument.dll
Event: 0.093 Loaded shared library C:\Users\DELL\.jdks\ms-21.0.11\bin\net.dll
Event: 0.095 Loaded shared library C:\Users\DELL\.jdks\ms-21.0.11\bin\nio.dll
Event: 0.099 Loaded shared library C:\Users\DELL\.jdks\ms-21.0.11\bin\zip.dll
Event: 0.409 Loaded shared library C:\Users\DELL\.jdks\ms-21.0.11\bin\jimage.dll
Event: 0.518 Loaded shared library C:\Users\DELL\.jdks\ms-21.0.11\bin\verify.dll
Event: 0.689 Loaded shared library C:\Users\DELL\.gradle\native\c067742578af261105cb4f569cf0c3c89f3d7b1fecec35dd04571415982c5e48\windows-amd64\native-platform.dll
Event: 0.695 Loaded shared library C:\Users\DELL\.gradle\native\100fb08df4bc3b14c8652ba06237920a3bd2aa13389f12d3474272988ae205f9\windows-amd64\native-platform-file-events.dll
Event: 1.913 Loaded shared library C:\Users\DELL\.jdks\ms-21.0.11\bin\management.dll
Event: 1.915 Loaded shared library C:\Users\DELL\.jdks\ms-21.0.11\bin\management_ext.dll
Event: 2.070 Loaded shared library C:\Users\DELL\.jdks\ms-21.0.11\bin\extnet.dll
Event: 2.569 Loaded shared library C:\Users\DELL\.jdks\ms-21.0.11\bin\sunmscapi.dll

Deoptimization events (20 events):
Event: 62.564 Thread 0x000001d4551cda30 Uncommon trap: trap_request=0xffffffc6 fr.pc=0x000001d4404ab96c relative=0x0000000000000b6c
Event: 62.564 Thread 0x000001d4551cda30 Uncommon trap: reason=bimorphic_or_optimized_type_check action=maybe_recompile pc=0x000001d4404ab96c method=java.io.DataOutputStream.writeLong(J)V @ 20 c2
Event: 62.564 Thread 0x000001d4551cda30 DEOPT PACKING pc=0x000001d4404ab96c sp=0x0000008967cfdfc0
Event: 62.564 Thread 0x000001d4551cda30 DEOPT UNPACKING pc=0x000001d43fdf4422 sp=0x0000008967cfdf98 mode 2
Event: 72.926 Thread 0x000001d455c967e0 Uncommon trap: trap_request=0xffffffc6 fr.pc=0x000001d4405e8790 relative=0x0000000000000230
Event: 72.926 Thread 0x000001d455c967e0 Uncommon trap: reason=bimorphic_or_optimized_type_check action=maybe_recompile pc=0x000001d4405e8790 method=org.codehaus.groovy.vmplugin.v9.Java9.checkCanSetAccessible(Ljava/lang/reflect/AccessibleObject;Ljava/lang/Class;)Z @ 119 c2
Event: 72.926 Thread 0x000001d455c967e0 DEOPT PACKING pc=0x000001d4405e8790 sp=0x0000008967ff9210
Event: 72.926 Thread 0x000001d455c967e0 DEOPT UNPACKING pc=0x000001d43fdf4422 sp=0x0000008967ff9180 mode 2
Event: 73.459 Thread 0x000001d455c967e0 Uncommon trap: trap_request=0xffffff45 fr.pc=0x000001d44038c1f0 relative=0x0000000000000490
Event: 73.459 Thread 0x000001d455c967e0 Uncommon trap: reason=unstable_if action=reinterpret pc=0x000001d44038c1f0 method=java.lang.Integer.stringSize(I)I @ 3 c2
Event: 73.459 Thread 0x000001d455c967e0 DEOPT PACKING pc=0x000001d44038c1f0 sp=0x0000008967ffb070
Event: 73.459 Thread 0x000001d455c967e0 DEOPT UNPACKING pc=0x000001d43fdf4422 sp=0x0000008967ffafb0 mode 2
Event: 74.128 Thread 0x000001d455c97500 Uncommon trap: trap_request=0xffffff76 fr.pc=0x000001d44070cf70 relative=0x0000000000000090
Event: 74.128 Thread 0x000001d455c97500 Uncommon trap: reason=predicate action=maybe_recompile pc=0x000001d44070cf70 method=java.util.TimSort.binarySort([Ljava/lang/Object;IIILjava/util/Comparator;)V @ 34 c2
Event: 74.128 Thread 0x000001d455c97500 DEOPT PACKING pc=0x000001d44070cf70 sp=0x00000089682fdc50
Event: 74.128 Thread 0x000001d455c97500 DEOPT UNPACKING pc=0x000001d43fdf4422 sp=0x00000089682fdc00 mode 2
Event: 74.229 Thread 0x000001d455c967e0 Uncommon trap: trap_request=0xffffff45 fr.pc=0x000001d440494404 relative=0x0000000000000164
Event: 74.229 Thread 0x000001d455c967e0 Uncommon trap: reason=unstable_if action=reinterpret pc=0x000001d440494404 method=java.util.Arrays.equals([Ljava/lang/Object;[Ljava/lang/Object;)Z @ 12 c2
Event: 74.229 Thread 0x000001d455c967e0 DEOPT PACKING pc=0x000001d440494404 sp=0x0000008967ffaa90
Event: 74.229 Thread 0x000001d455c967e0 DEOPT UNPACKING pc=0x000001d43fdf4422 sp=0x0000008967ffaa30 mode 2

Classes loaded (20 events):
Event: 48.488 Loading class java/io/ObjectOutputStream$HandleTable
Event: 48.488 Loading class java/io/ObjectOutputStream$HandleTable done
Event: 48.488 Loading class java/io/ObjectOutputStream$ReplaceTable
Event: 48.488 Loading class java/io/ObjectOutputStream$ReplaceTable done
Event: 50.525 Loading class java/util/TreeMap$KeySpliterator
Event: 50.525 Loading class java/util/TreeMap$TreeMapSpliterator
Event: 50.525 Loading class java/util/TreeMap$TreeMapSpliterator done
Event: 50.525 Loading class java/util/TreeMap$KeySpliterator done
Event: 50.562 Loading class java/util/concurrent/ConcurrentLinkedQueue$Itr
Event: 50.562 Loading class java/util/concurrent/ConcurrentLinkedQueue$Itr done
Event: 51.772 Loading class java/io/PushbackInputStream
Event: 51.772 Loading class java/io/PushbackInputStream done
Event: 60.898 Loading class java/text/MessageFormat
Event: 60.903 Loading class java/text/MessageFormat done
Event: 60.905 Loading class java/text/MessageFormat$Field
Event: 60.905 Loading class java/text/MessageFormat$Field done
Event: 62.226 Loading class jdk/internal/math/FormattedFPDecimal
Event: 62.226 Loading class jdk/internal/math/FormattedFPDecimal done
Event: 68.692 Loading class java/io/FilterReader
Event: 68.692 Loading class java/io/FilterReader done

Classes unloaded (20 events):
Event: 61.640 Thread 0x000001d4301fcae0 Unloading class 0x000001d44c87bc00 'java/lang/invoke/LambdaForm$MH+0x000001d44c87bc00'
Event: 61.640 Thread 0x000001d4301fcae0 Unloading class 0x000001d44c880400 'java/lang/invoke/LambdaForm$MH+0x000001d44c880400'
Event: 62.396 Thread 0x000001d4301fcae0 Unloading class 0x000001d44c861400 'java/lang/invoke/LambdaForm$MH+0x000001d44c861400'
Event: 62.396 Thread 0x000001d4301fcae0 Unloading class 0x000001d44c876000 'java/lang/invoke/LambdaForm$MH+0x000001d44c876000'
Event: 62.396 Thread 0x000001d4301fcae0 Unloading class 0x000001d44c87a000 'java/lang/invoke/LambdaForm$MH+0x000001d44c87a000'
Event: 62.396 Thread 0x000001d4301fcae0 Unloading class 0x000001d44c87a800 'java/lang/invoke/LambdaForm$MH+0x000001d44c87a800'
Event: 62.396 Thread 0x000001d4301fcae0 Unloading class 0x000001d44c880c00 'java/lang/invoke/LambdaForm$MH+0x000001d44c880c00'
Event: 62.396 Thread 0x000001d4301fcae0 Unloading class 0x000001d44c87b000 'java/lang/invoke/LambdaForm$MH+0x000001d44c87b000'
Event: 62.396 Thread 0x000001d4301fcae0 Unloading class 0x000001d44c88d800 'java/lang/invoke/LambdaForm$MH+0x000001d44c88d800'
Event: 62.396 Thread 0x000001d4301fcae0 Unloading class 0x000001d44c88e400 'java/lang/invoke/LambdaForm$MH+0x000001d44c88e400'
Event: 62.396 Thread 0x000001d4301fcae0 Unloading class 0x000001d44c88f000 'java/lang/invoke/LambdaForm$MH+0x000001d44c88f000'
Event: 64.261 Thread 0x000001d4301fcae0 Unloading class 0x000001d44c87a000 'java/lang/invoke/LambdaForm$MH+0x000001d44c87a000'
Event: 67.539 Thread 0x000001d4301fcae0 Unloading class 0x000001d44c8b4800 'java/lang/invoke/LambdaForm$MH+0x000001d44c8b4800'
Event: 67.539 Thread 0x000001d4301fcae0 Unloading class 0x000001d44c8b4400 'java/lang/invoke/LambdaForm$MH+0x000001d44c8b4400'
Event: 67.539 Thread 0x000001d4301fcae0 Unloading class 0x000001d44c8b4000 'java/lang/invoke/LambdaForm$MH+0x000001d44c8b4000'
Event: 73.849 Thread 0x000001d4301fcae0 Unloading class 0x000001d44c8b8000 'java/lang/invoke/LambdaForm$MH+0x000001d44c8b8000'
Event: 73.849 Thread 0x000001d4301fcae0 Unloading class 0x000001d44c8b5000 'java/lang/invoke/LambdaForm$MH+0x000001d44c8b5000'
Event: 73.849 Thread 0x000001d4301fcae0 Unloading class 0x000001d44c8b4c00 'java/lang/invoke/LambdaForm$MH+0x000001d44c8b4c00'
Event: 73.849 Thread 0x000001d4301fcae0 Unloading class 0x000001d44c8b4800 'java/lang/invoke/LambdaForm$MH+0x000001d44c8b4800'
Event: 73.849 Thread 0x000001d4301fcae0 Unloading class 0x000001d44c8b4400 'java/lang/invoke/LambdaForm$MH+0x000001d44c8b4400'

Classes redefined (0 events):
No events

Internal exceptions (20 events):
Event: 72.932 Thread 0x000001d455c967e0 Exception <a 'java/lang/ClassNotFoundException'{0x00000000ffe7c870}: org/gradle/api/file/SyncSpecBeanInfo> (0x00000000ffe7c870) 
thrown [s\src\hotspot\share\classfile\systemDictionary.cpp, line 313]
Event: 72.932 Thread 0x000001d455c967e0 Exception <a 'java/lang/ClassNotFoundException'{0x00000000ffe85078}: org/gradle/api/file/SyncSpecCustomizer> (0x00000000ffe85078) 
thrown [s\src\hotspot\share\classfile\systemDictionary.cpp, line 313]
Event: 72.938 Thread 0x000001d455c967e0 Exception <a 'java/lang/ClassNotFoundException'{0x00000000ffe9cac8}: org/gradle/api/file/CopySpecBeanInfo> (0x00000000ffe9cac8) 
thrown [s\src\hotspot\share\classfile\systemDictionary.cpp, line 313]
Event: 72.938 Thread 0x000001d455c967e0 Exception <a 'java/lang/ClassNotFoundException'{0x00000000ffea4ff8}: org/gradle/api/file/CopySpecCustomizer> (0x00000000ffea4ff8) 
thrown [s\src\hotspot\share\classfile\systemDictionary.cpp, line 313]
Event: 72.942 Thread 0x000001d455c967e0 Exception <a 'java/lang/ClassNotFoundException'{0x00000000ffef0810}: org/gradle/api/file/CopySourceSpecBeanInfo> (0x00000000ffef0810) 
thrown [s\src\hotspot\share\classfile\systemDictionary.cpp, line 313]
Event: 72.942 Thread 0x000001d455c967e0 Exception <a 'java/lang/ClassNotFoundException'{0x00000000ffef90d0}: org/gradle/api/file/CopySourceSpecCustomizer> (0x00000000ffef90d0) 
thrown [s\src\hotspot\share\classfile\systemDictionary.cpp, line 313]
Event: 73.202 Thread 0x000001d455c967e0 Exception <a 'java/lang/ClassNotFoundException'{0x00000000fff0fdb0}: org/gradle/api/file/CopyProcessingSpecBeanInfo> (0x00000000fff0fdb0) 
thrown [s\src\hotspot\share\classfile\systemDictionary.cpp, line 313]
Event: 73.209 Thread 0x000001d455c967e0 Exception <a 'java/lang/ClassNotFoundException'{0x00000000fff19178}: org/gradle/api/file/CopyProcessingSpecCustomizer> (0x00000000fff19178) 
thrown [s\src\hotspot\share\classfile\systemDictionary.cpp, line 313]
Event: 73.223 Thread 0x000001d455c967e0 Exception <a 'java/lang/ClassNotFoundException'{0x00000000fff372f8}: org/gradle/api/file/ContentFilterableBeanInfo> (0x00000000fff372f8) 
thrown [s\src\hotspot\share\classfile\systemDictionary.cpp, line 313]
Event: 73.223 Thread 0x000001d455c967e0 Exception <a 'java/lang/ClassNotFoundException'{0x00000000fff3fc70}: org/gradle/api/file/ContentFilterableCustomizer> (0x00000000fff3fc70) 
thrown [s\src\hotspot\share\classfile\systemDictionary.cpp, line 313]
Event: 73.226 Thread 0x000001d455c967e0 Exception <a 'java/lang/ClassNotFoundException'{0x00000000fff57628}: org/gradle/api/tasks/util/PatternFilterableBeanInfo> (0x00000000fff57628) 
thrown [s\src\hotspot\share\classfile\systemDictionary.cpp, line 313]
Event: 73.226 Thread 0x000001d455c967e0 Exception <a 'java/lang/ClassNotFoundException'{0x00000000fff60078}: org/gradle/api/tasks/util/PatternFilterableCustomizer> (0x00000000fff60078) 
thrown [s\src\hotspot\share\classfile\systemDictionary.cpp, line 313]
Event: 74.099 Thread 0x000001d455c97500 Exception <a 'java/lang/NoSuchMethodError'{0x00000000fff57d40}: static Lorg/gradle/tooling/internal/provider/serialization/StreamedValue;.<clinit>()V> (0x00000000fff57d40) 
thrown [s\src\hotspot\share\prims\jni.cpp, line 1111]
Event: 74.100 Thread 0x000001d455c97500 Exception <a 'java/lang/NoSuchMethodError'{0x00000000fff61968}: static Lorg/gradle/tooling/internal/provider/serialization/SerializedPayload;.<clinit>()V> (0x00000000fff61968) 
thrown [s\src\hotspot\share\prims\jni.cpp, line 1111]
Event: 74.125 Thread 0x000001d455c97500 Exception <a 'java/lang/NoSuchMethodError'{0x00000000fff8e350}: static Lorg/gradle/tooling/internal/provider/serialization/ClassLoaderDetails;.<clinit>()V> (0x00000000fff8e350) 
thrown [s\src\hotspot\share\prims\jni.cpp, line 1111]
Event: 74.128 Thread 0x000001d455c97500 Exception <a 'java/lang/NoSuchMethodError'{0x00000000fffd7618}: static Lorg/gradle/tooling/internal/provider/serialization/WellKnownClassLoaderRegistry$KnownClassLoaderSpec;.<clinit>()V> (0x00000000fffd7618) 
thrown [s\src\hotspot\share\prims\jni.cpp, line 1111]
Event: 74.128 Thread 0x000001d455c97500 Exception <a 'java/lang/NoSuchMethodError'{0x00000000fffddf68}: static Lorg/gradle/internal/classloader/ClassLoaderSpec;.<clinit>()V> (0x00000000fffddf68) 
thrown [s\src\hotspot\share\prims\jni.cpp, line 1111]
Event: 74.141 Thread 0x000001d455c97500 Exception <a 'java/lang/NoSuchMethodError'{0x00000000fffffad8}: static Lorg/gradle/tooling/internal/provider/serialization/ClientOwnedClassLoaderSpec;.<clinit>()V> (0x00000000fffffad8) 
thrown [s\src\hotspot\share\prims\jni.cpp, line 1111]
Event: 74.229 Thread 0x000001d455c967e0 Implicit null exception at 0x000001d4404942c9 to 0x000001d4404943f4
Event: 74.251 Thread 0x000001d455c97500 Exception <a 'java/lang/NoSuchMethodError'{0x00000000ffe281e8}: static [B.<clinit>()V> (0x00000000ffe281e8) 
thrown [s\src\hotspot\share\prims\jni.cpp, line 1111]

ZGC Phase Switch (0 events):
No events

VM Operations (20 events):
Event: 69.371 Executing safepoint VM operation: G1CollectForAllocation (G1 Evacuation Pause) done
Event: 69.594 Executing safepoint VM operation: G1CollectForAllocation (G1 Evacuation Pause)
Event: 69.761 Executing safepoint VM operation: G1CollectForAllocation (G1 Evacuation Pause) done
Event: 69.774 Executing safepoint VM operation: G1CollectForAllocation (G1 Evacuation Pause)
Event: 70.047 Executing safepoint VM operation: G1CollectForAllocation (G1 Evacuation Pause) done
Event: 70.813 Executing safepoint VM operation: G1CollectForAllocation (G1 Evacuation Pause)
Event: 71.052 Executing safepoint VM operation: G1CollectForAllocation (G1 Evacuation Pause) done
Event: 71.309 Executing safepoint VM operation: G1CollectForAllocation (G1 Evacuation Pause)
Event: 71.537 Executing safepoint VM operation: G1CollectForAllocation (G1 Evacuation Pause) done
Event: 71.738 Executing safepoint VM operation: G1CollectForAllocation (G1 Evacuation Pause)
Event: 71.858 Executing safepoint VM operation: G1CollectForAllocation (G1 Evacuation Pause) done
Event: 72.062 Executing safepoint VM operation: G1CollectForAllocation (G1 Evacuation Pause)
Event: 72.158 Executing safepoint VM operation: G1CollectForAllocation (G1 Evacuation Pause) done
Event: 72.429 Executing safepoint VM operation: G1CollectForAllocation (G1 Evacuation Pause)
Event: 72.610 Executing safepoint VM operation: G1CollectForAllocation (G1 Evacuation Pause) done
Event: 72.943 Executing safepoint VM operation: G1CollectForAllocation (G1 Evacuation Pause)
Event: 73.145 Executing safepoint VM operation: G1CollectForAllocation (G1 Evacuation Pause) done
Event: 73.805 Executing safepoint VM operation: G1CollectForAllocation (G1 Evacuation Pause)
Event: 73.966 Executing safepoint VM operation: G1CollectForAllocation (G1 Evacuation Pause) done
Event: 74.580 Executing safepoint VM operation: G1CollectForAllocation (G1 Evacuation Pause)

Memory protections (0 events):
No events

Nmethod flushes (20 events):
Event: 69.662 Thread 0x000001d4301fcae0 flushing  nmethod 0x000001d438fe9c10
Event: 69.662 Thread 0x000001d4301fcae0 flushing  nmethod 0x000001d438873b90
Event: 69.662 Thread 0x000001d4301fcae0 flushing  nmethod 0x000001d43893e810
Event: 69.662 Thread 0x000001d4301fcae0 flushing  nmethod 0x000001d438a97d90
Event: 69.662 Thread 0x000001d4301fcae0 flushing  nmethod 0x000001d438bd4490
Event: 69.972 Thread 0x000001d4301fcae0 flushing  nmethod 0x000001d4388e0490
Event: 71.488 Thread 0x000001d4301fcae0 flushing  nmethod 0x000001d438d91d10
Event: 71.488 Thread 0x000001d4301fcae0 flushing  nmethod 0x000001d4388fae90
Event: 71.488 Thread 0x000001d4301fcae0 flushing  nmethod 0x000001d439196e10
Event: 71.488 Thread 0x000001d4301fcae0 flushing  nmethod 0x000001d438e8f990
Event: 71.808 Thread 0x000001d4301fcae0 flushing  nmethod 0x000001d438cc8910
Event: 71.808 Thread 0x000001d4301fcae0 flushing  nmethod 0x000001d438a87110
Event: 72.498 Thread 0x000001d4301fcae0 flushing  nmethod 0x000001d438f41790
Event: 73.056 Thread 0x000001d4301fcae0 flushing  nmethod 0x000001d438f9af90
Event: 73.056 Thread 0x000001d4301fcae0 flushing  nmethod 0x000001d43918c090
Event: 73.056 Thread 0x000001d4301fcae0 flushing  nmethod 0x000001d438a66f10
Event: 73.056 Thread 0x000001d4301fcae0 flushing  nmethod 0x000001d4389ab810
Event: 73.870 Thread 0x000001d4301fcae0 flushing  nmethod 0x000001d438bec410
Event: 73.870 Thread 0x000001d4301fcae0 flushing  nmethod 0x000001d438e6f110
Event: 73.870 Thread 0x000001d4301fcae0 flushing  nmethod 0x000001d4388e7090

Events (20 events):
Event: 49.745 Thread 0x000001d455d57d50 Thread added: 0x000001d455d5a4b0
Event: 49.745 Thread 0x000001d455d57d50 Thread added: 0x000001d455d5c580
Event: 49.745 Thread 0x000001d455d57d50 Thread added: 0x000001d455d59100
Event: 49.745 Thread 0x000001d455d57d50 Thread added: 0x000001d455d59790
Event: 49.748 Thread 0x000001d455d57d50 Thread added: 0x000001d455d59e20
Event: 49.748 Thread 0x000001d455d57d50 Thread added: 0x000001d455d5b860
Event: 49.748 Thread 0x000001d455d57d50 Thread added: 0x000001d455d5ab40
Event: 49.748 Thread 0x000001d455d57d50 Thread added: 0x000001d455d5b1d0
Event: 49.748 Thread 0x000001d455d57d50 Thread added: 0x000001d457fdbef0
Event: 49.748 Thread 0x000001d455d57d50 Thread added: 0x000001d457fdb1d0
Event: 49.853 Thread 0x000001d455d5c580 Thread added: 0x000001d457fd8a70
Event: 51.698 Thread 0x000001d455c967e0 Thread added: 0x000001d457fdb860
Event: 54.948 Thread 0x000001d44aab84c0 Thread added: 0x000001d4545579f0
Event: 54.948 Thread 0x000001d44aab84c0 Thread added: 0x000001d454555110
Event: 55.095 Thread 0x000001d454555110 Thread exited: 0x000001d454555110
Event: 55.348 Thread 0x000001d4545579f0 Thread exited: 0x000001d4545579f0
Event: 62.224 Thread 0x000001d44aab4a00 Thread added: 0x000001d454555eb0
Event: 62.226 Thread 0x000001d44aab84c0 Thread added: 0x000001d454557320
Event: 62.679 Thread 0x000001d454557320 Thread exited: 0x000001d454557320
Event: 62.679 Thread 0x000001d454555eb0 Thread exited: 0x000001d454555eb0


Dynamic libraries:
0x00007ff64e950000 - 0x00007ff64e95e000 	C:\Users\DELL\.jdks\ms-21.0.11\bin\java.exe
0x00007ff91b8e0000 - 0x00007ff91bb47000 	C:\WINDOWS\SYSTEM32\ntdll.dll
0x00007ff91b570000 - 0x00007ff91b639000 	C:\WINDOWS\System32\KERNEL32.DLL
0x00007ff918740000 - 0x00007ff918b37000 	C:\WINDOWS\System32\KERNELBASE.dll
0x00007ff919510000 - 0x00007ff91965b000 	C:\WINDOWS\System32\ucrtbase.dll
0x00007ff913540000 - 0x00007ff91355e000 	C:\Users\DELL\.jdks\ms-21.0.11\bin\VCRUNTIME140.dll
0x00007ff904990000 - 0x00007ff9049a8000 	C:\Users\DELL\.jdks\ms-21.0.11\bin\jli.dll
0x00007ff91aa40000 - 0x00007ff91ac06000 	C:\WINDOWS\System32\USER32.dll
0x00007ff8fc670000 - 0x00007ff8fc902000 	C:\WINDOWS\WinSxS\amd64_microsoft.windows.common-controls_6595b64144ccf1df_6.0.26100.8457_none_3e0b2faee331e92d\COMCTL32.dll
0x00007ff918b40000 - 0x00007ff918b67000 	C:\WINDOWS\System32\win32u.dll
0x00007ff919e60000 - 0x00007ff919f09000 	C:\WINDOWS\System32\msvcrt.dll
0x00007ff91b640000 - 0x00007ff91b66b000 	C:\WINDOWS\System32\GDI32.dll
0x00007ff918b70000 - 0x00007ff918c9c000 	C:\WINDOWS\System32\gdi32full.dll
0x00007ff918310000 - 0x00007ff9183b3000 	C:\WINDOWS\System32\msvcp_win.dll
0x00007ff91b670000 - 0x00007ff91b6a2000 	C:\WINDOWS\System32\IMM32.DLL
0x00007ff9135f0000 - 0x00007ff9135fc000 	C:\Users\DELL\.jdks\ms-21.0.11\bin\vcruntime140_1.dll
0x00007ff902660000 - 0x00007ff9026e9000 	C:\Users\DELL\.jdks\ms-21.0.11\bin\msvcp140.dll
0x00007ff88b450000 - 0x00007ff88c1fe000 	C:\Users\DELL\.jdks\ms-21.0.11\bin\server\jvm.dll
0x00007ff91acf0000 - 0x00007ff91ada6000 	C:\WINDOWS\System32\ADVAPI32.dll
0x00007ff919920000 - 0x00007ff9199c7000 	C:\WINDOWS\System32\sechost.dll
0x00007ff91a920000 - 0x00007ff91aa38000 	C:\WINDOWS\System32\RPCRT4.dll
0x00007ff91b420000 - 0x00007ff91b4a0000 	C:\WINDOWS\System32\WS2_32.dll
0x00007ff918170000 - 0x00007ff9181ce000 	C:\WINDOWS\SYSTEM32\POWRPROF.dll
0x00007ff902c50000 - 0x00007ff902c5b000 	C:\WINDOWS\SYSTEM32\VERSION.dll
0x00007ff911440000 - 0x00007ff911476000 	C:\WINDOWS\SYSTEM32\WINMM.dll
0x00007ff918150000 - 0x00007ff918164000 	C:\WINDOWS\SYSTEM32\UMPDC.dll
0x00007ff9170a0000 - 0x00007ff9170bb000 	C:\WINDOWS\SYSTEM32\kernel.appcore.dll
0x00007ff913530000 - 0x00007ff91353a000 	C:\Users\DELL\.jdks\ms-21.0.11\bin\jimage.dll
0x00007ff9161c0000 - 0x00007ff916402000 	C:\WINDOWS\SYSTEM32\DBGHELP.DLL
0x00007ff919ad0000 - 0x00007ff919e53000 	C:\WINDOWS\System32\combase.dll
0x00007ff91ac10000 - 0x00007ff91ace9000 	C:\WINDOWS\System32\OLEAUT32.dll
0x00007ff8fb850000 - 0x00007ff8fb88b000 	C:\WINDOWS\SYSTEM32\dbgcore.DLL
0x00007ff918450000 - 0x00007ff9184f8000 	C:\WINDOWS\System32\bcryptPrimitives.dll
0x00007ff9134c0000 - 0x00007ff9134d0000 	C:\Users\DELL\.jdks\ms-21.0.11\bin\instrument.dll
0x00007ff903b70000 - 0x00007ff903b91000 	C:\Users\DELL\.jdks\ms-21.0.11\bin\java.dll
0x00007ff919f10000 - 0x00007ff91a67e000 	C:\WINDOWS\System32\SHELL32.dll
0x00007ff918ca0000 - 0x00007ff91950c000 	C:\WINDOWS\System32\windows.storage.dll
0x00007ff9199d0000 - 0x00007ff919ac6000 	C:\WINDOWS\System32\SHCORE.dll
0x00007ff919710000 - 0x00007ff919776000 	C:\WINDOWS\System32\shlwapi.dll
0x00007ff918230000 - 0x00007ff918259000 	C:\WINDOWS\SYSTEM32\profapi.dll
0x00007ff8e33c0000 - 0x00007ff8e3496000 	C:\Users\DELL\.jdks\ms-21.0.11\bin\jsvml.dll
0x00007ff9048b0000 - 0x00007ff9048c8000 	C:\Users\DELL\.jdks\ms-21.0.11\bin\zip.dll
0x00007ff8f7500000 - 0x00007ff8f7511000 	C:\Users\DELL\.jdks\ms-21.0.11\bin\net.dll
0x00007ff9112f0000 - 0x00007ff911419000 	C:\WINDOWS\SYSTEM32\WINHTTP.dll
0x00007ff917610000 - 0x00007ff91767c000 	C:\WINDOWS\system32\mswsock.dll
0x00007ff8f74e0000 - 0x00007ff8f74f6000 	C:\Users\DELL\.jdks\ms-21.0.11\bin\nio.dll
0x00007ff905940000 - 0x00007ff905950000 	C:\Users\DELL\.jdks\ms-21.0.11\bin\verify.dll
0x00007ff903f20000 - 0x00007ff903f47000 	C:\Users\DELL\.gradle\native\c067742578af261105cb4f569cf0c3c89f3d7b1fecec35dd04571415982c5e48\windows-amd64\native-platform.dll
0x00007ff8aad80000 - 0x00007ff8aaec4000 	C:\Users\DELL\.gradle\native\100fb08df4bc3b14c8652ba06237920a3bd2aa13389f12d3474272988ae205f9\windows-amd64\native-platform-file-events.dll
0x00007ff9041e0000 - 0x00007ff9041ea000 	C:\Users\DELL\.jdks\ms-21.0.11\bin\management.dll
0x00007ff903e10000 - 0x00007ff903e1c000 	C:\Users\DELL\.jdks\ms-21.0.11\bin\management_ext.dll
0x00007ff91b880000 - 0x00007ff91b888000 	C:\WINDOWS\System32\PSAPI.DLL
0x00007ff9178f0000 - 0x00007ff91790b000 	C:\WINDOWS\SYSTEM32\CRYPTSP.dll
0x00007ff917000000 - 0x00007ff917039000 	C:\WINDOWS\system32\rsaenh.dll
0x00007ff9176c0000 - 0x00007ff9176f3000 	C:\WINDOWS\SYSTEM32\USERENV.dll
0x00007ff918200000 - 0x00007ff91822a000 	C:\WINDOWS\SYSTEM32\bcrypt.dll
0x00007ff917910000 - 0x00007ff91791c000 	C:\WINDOWS\SYSTEM32\CRYPTBASE.dll
0x00007ff916b60000 - 0x00007ff916b92000 	C:\WINDOWS\SYSTEM32\IPHLPAPI.DLL
0x00007ff91b6b0000 - 0x00007ff91b6ba000 	C:\WINDOWS\System32\NSI.dll
0x00007ff903e00000 - 0x00007ff903e09000 	C:\Users\DELL\.jdks\ms-21.0.11\bin\extnet.dll
0x00007ff903b30000 - 0x00007ff903b3e000 	C:\Users\DELL\.jdks\ms-21.0.11\bin\sunmscapi.dll
0x00007ff9185c0000 - 0x00007ff918738000 	C:\WINDOWS\System32\CRYPT32.dll
0x00007ff917b10000 - 0x00007ff917b40000 	C:\WINDOWS\SYSTEM32\ncrypt.dll
0x00007ff917ac0000 - 0x00007ff917aff000 	C:\WINDOWS\SYSTEM32\NTASN1.dll
0x00007ff8ef8a0000 - 0x00007ff8ef8a8000 	C:\WINDOWS\system32\wshunix.dll

JVMTI agents:
C:\Users\DELL\.gradle\wrapper\dists\gradle-8.8-bin\dl7vupf4psengwqhwktix4v1\gradle-8.8\lib\agents\gradle-instrumentation-agent-8.8.jar path:C:\Users\DELL\.jdks\ms-21.0.11\bin\instrument.dll, loaded, initialized, instrumentlib options:none

dbghelp: loaded successfully - version: 4.0.5 - missing functions: none
symbol engine: initialized successfully - sym options: 0x614 - pdb path: .;C:\Users\DELL\.jdks\ms-21.0.11\bin;C:\WINDOWS\SYSTEM32;C:\WINDOWS\WinSxS\amd64_microsoft.windows.common-controls_6595b64144ccf1df_6.0.26100.8457_none_3e0b2faee331e92d;C:\Users\DELL\.jdks\ms-21.0.11\bin\server;C:\Users\DELL\.gradle\native\c067742578af261105cb4f569cf0c3c89f3d7b1fecec35dd04571415982c5e48\windows-amd64;C:\Users\DELL\.gradle\native\100fb08df4bc3b14c8652ba06237920a3bd2aa13389f12d3474272988ae205f9\windows-amd64

VM Arguments:
jvm_args: -XX:MaxMetaspaceSize=64m --add-opens=java.base/java.util=ALL-UNNAMED --add-opens=java.base/java.lang=ALL-UNNAMED --add-opens=java.base/java.lang.invoke=ALL-UNNAMED --add-opens=java.prefs/java.util.prefs=ALL-UNNAMED --add-opens=java.base/java.nio.charset=ALL-UNNAMED --add-opens=java.base/java.net=ALL-UNNAMED --add-opens=java.base/java.util.concurrent.atomic=ALL-UNNAMED -Xms64m -Xmx64m -Dfile.encoding=UTF-8 -Duser.country -Duser.language=en -Duser.variant -javaagent:C:\Users\DELL\.gradle\wrapper\dists\gradle-8.8-bin\dl7vupf4psengwqhwktix4v1\gradle-8.8\lib\agents\gradle-instrumentation-agent-8.8.jar 
java_command: org.gradle.launcher.daemon.bootstrap.GradleDaemon 8.8
java_class_path (initial): C:\Users\DELL\.gradle\wrapper\dists\gradle-8.8-bin\dl7vupf4psengwqhwktix4v1\gradle-8.8\lib\gradle-launcher-8.8.jar
Launcher Type: SUN_STANDARD

[Global flags]
     intx CICompilerCount                          = 4                                         {product} {ergonomic}
   size_t CompressedClassSpaceSize                 = 67108864                                  {product} {ergonomic}
     uint ConcGCThreads                            = 3                                         {product} {ergonomic}
     uint G1ConcRefinementThreads                  = 10                                        {product} {ergonomic}
   size_t G1HeapRegionSize                         = 1048576                                   {product} {ergonomic}
    uintx GCDrainStackTargetSize                   = 64                                        {product} {ergonomic}
   size_t InitialHeapSize                          = 67108864                                  {product} {command line}
   size_t MarkStackSize                            = 4194304                                   {product} {ergonomic}
   size_t MaxHeapSize                              = 67108864                                  {product} {command line}
   size_t MaxMetaspaceSize                         = 67108864                                  {product} {command line}
   size_t MaxNewSize                               = 39845888                                  {product} {ergonomic}
   size_t MinHeapDeltaBytes                        = 1048576                                   {product} {ergonomic}
   size_t MinHeapSize                              = 67108864                                  {product} {command line}
    uintx NonNMethodCodeHeapSize                   = 5839372                                {pd product} {ergonomic}
    uintx NonProfiledCodeHeapSize                  = 122909434                              {pd product} {ergonomic}
    uintx ProfiledCodeHeapSize                     = 122909434                              {pd product} {ergonomic}
    uintx ReservedCodeCacheSize                    = 251658240                              {pd product} {ergonomic}
     bool SegmentedCodeCache                       = true                                      {product} {ergonomic}
   size_t SoftMaxHeapSize                          = 67108864                               {manageable} {ergonomic}
     bool UseCompressedOops                        = true                           {product lp64_product} {ergonomic}
     bool UseG1GC                                  = true                                      {product} {ergonomic}
     bool UseLargePagesIndividualAllocation        = false                                  {pd product} {ergonomic}

Logging:
Log output configuration:
 #0: stdout all=warning uptime,level,tags foldmultilines=false
 #1: stderr all=off uptime,level,tags foldmultilines=false

Release file:
IMPLEMENTOR="Microsoft" 
IMPLEMENTOR_VERSION="Microsoft-13877171" 
JAVA_RUNTIME_VERSION="21.0.11+10-LTS" 
JAVA_VERSION="21.0.11" 
JAVA_VERSION_DATE="2026-04-21" 
LIBC="default" 
MODULES="java.base java.compiler java.datatransfer java.xml java.prefs java.desktop java.instrument java.logging java.management java.security.sasl java.naming java.rmi java.management.rmi java.net.http java.scripting java.security.jgss java.transaction.xa java.sql java.sql.rowset java.xml.crypto java.se java.smartcardio jdk.accessibility jdk.internal.jvmstat jdk.attach jdk.charsets jdk.internal.opt jdk.zipfs jdk.compiler jdk.crypto.ec jdk.crypto.cryptoki jdk.crypto.mscapi jdk.dynalink jdk.internal.ed jdk.editpad jdk.hotspot.agent jdk.httpserver jdk.incubator.vector jdk.internal.le jdk.internal.vm.ci jdk.internal.vm.compiler jdk.internal.vm.compiler.management jdk.jartool jdk.javadoc jdk.jcmd jdk.management jdk.management.agent jdk.jconsole jdk.jdeps jdk.jdwp.agent jdk.jdi jdk.jfr jdk.jlink jdk.jpackage jdk.jshell jdk.jsobject jdk.jstatd jdk.localedata jdk.management.jfr jdk.naming.dns jdk.naming.rmi jdk.net jdk.nio.mapmode jdk.random jdk.sctp jdk.security.auth jdk.security.jgss jdk.unsupported jdk.unsupported.desktop jdk.xml.dom" 
OS_ARCH="x86_64" 
OS_NAME="Windows" 
SOURCE=".:git:87e312d67249" 

Environment Variables:
PATH=C:\WINDOWS\system32;C:\WINDOWS;C:\WINDOWS\System32\Wbem;C:\WINDOWS\System32\WindowsPowerShell\v1.0\;C:\WINDOWS\System32\OpenSSH\;C:\Program Files\dotnet\;C:\Program Files\Git\cmd;D:\;C:\Program Files\MySQL\MySQL Shell 8.0\bin\;C:\Users\DELL\AppData\Local\Microsoft\WindowsApps;C:\Users\DELL\AppData\Local\Programs\Microsoft VS Code\bin;;C:\Users\DELL\.local\bin;C:\Users\DELL\AppData\Roaming\npm
USERNAME=DELL
OS=Windows_NT
PROCESSOR_IDENTIFIER=Intel64 Family 6 Model 186 Stepping 3, GenuineIntel
TMP=C:\Users\DELL\AppData\Local\Temp
TEMP=C:\Users\DELL\AppData\Local\Temp




Periodic native trim disabled

---------------  S Y S T E M  ---------------

OS:
 Windows 11 , 64 bit Build 26100 (10.0.26100.8328)
OS uptime: 0 days 0:55 hours

CPU: total 12 (initial active 12) (6 cores per cpu, 2 threads per core) family 6 model 186 stepping 3 microcode 0x6134, cx8, cmov, fxsr, ht, mmx, 3dnowpref, sse, sse2, sse3, ssse3, sse4.1, sse4.2, popcnt, lzcnt, tsc, tscinvbit, avx, avx2, aes, erms, clmul, bmi1, bmi2, adx, sha, fma, vzeroupper, clflush, clflushopt, clwb, serialize, rdtscp, rdpid, fsrm, f16c, pku, cet_ibt, cet_ss
Processor Information for processor 0
  Max Mhz: 1700, Current Mhz: 1700, Mhz Limit: 1700
Processor Information for processor 1
  Max Mhz: 1700, Current Mhz: 1700, Mhz Limit: 1700
Processor Information for processor 2
  Max Mhz: 1700, Current Mhz: 1700, Mhz Limit: 1700
Processor Information for processor 3
  Max Mhz: 1700, Current Mhz: 1700, Mhz Limit: 1700
Processor Information for processor 4
  Max Mhz: 1700, Current Mhz: 1700, Mhz Limit: 1700
Processor Information for processor 5
  Max Mhz: 1700, Current Mhz: 1700, Mhz Limit: 1700
Processor Information for processor 6
  Max Mhz: 1700, Current Mhz: 1700, Mhz Limit: 1700
Processor Information for processor 7
  Max Mhz: 1700, Current Mhz: 1700, Mhz Limit: 1700
Processor Information for processor 8
  Max Mhz: 1700, Current Mhz: 1558, Mhz Limit: 1700
Processor Information for processor 9
  Max Mhz: 1700, Current Mhz: 1700, Mhz Limit: 1700
Processor Information for processor 10
  Max Mhz: 1700, Current Mhz: 1558, Mhz Limit: 1700
Processor Information for processor 11
  Max Mhz: 1700, Current Mhz: 1558, Mhz Limit: 1700

Memory: 4k page, system-wide physical 16068M (4816M free)
TotalPageFile size 18972M (AvailPageFile size 6M)
current process WorkingSet (physical memory assigned to process): 237M, peak: 257M
current process commit charge ("private bytes"): 292M, peak: 310M

vm_info: OpenJDK 64-Bit Server VM (21.0.11+10-LTS) for windows-amd64 JRE (21.0.11+10-LTS), built on 2026-04-18T18:13:49Z by "MicrosoftCorporation" with MS VC++ 17.14 (VS2022)

END.
