#
# There is insufficient memory for the Java Runtime Environment to continue.
# Native memory allocation (malloc) failed to allocate 1869312 bytes. Error detail: Chunk::new
# Possible reasons:
#   The system is out of physical RAM or swap space
#   This process is running with CompressedOops enabled, and the Java Heap may be blocking the growth of the native heap
# Possible solutions:
#   Reduce memory load on the system
#   Increase physical memory or swap space
#   Check if swap backing store is full
#   Decrease Java heap size (-Xmx/-Xms)
#   Decrease number of Java threads
#   Decrease Java thread stack sizes (-Xss)
#   Set larger code cache with -XX:ReservedCodeCacheSize=
#   JVM is running with Unscaled Compressed Oops mode in which the Java heap is
#     placed in the first 4GB address space. The Java Heap base address is the
#     maximum limit for the native heap growth. Please use -XX:HeapBaseMinAddress
#     to set the Java Heap base and to place the Java Heap above 4GB virtual address.
# This output file may be truncated or incomplete.
#
#  Out of Memory Error (arena.cpp:168), pid=4268, tid=23856
#
# JRE version: OpenJDK Runtime Environment Microsoft-13877171 (21.0.11+10) (build 21.0.11+10-LTS)
# Java VM: OpenJDK 64-Bit Server VM Microsoft-13877171 (21.0.11+10-LTS, mixed mode, sharing, tiered, compressed oops, compressed class ptrs, g1 gc, windows-amd64)
# No core dump will be written. Minidumps are not enabled by default on client versions of Windows
#

---------------  S U M M A R Y ------------

Command Line: -XX:MaxMetaspaceSize=64m --add-opens=java.base/java.util=ALL-UNNAMED --add-opens=java.base/java.lang=ALL-UNNAMED --add-opens=java.base/java.lang.invoke=ALL-UNNAMED --add-opens=java.prefs/java.util.prefs=ALL-UNNAMED --add-opens=java.base/java.nio.charset=ALL-UNNAMED --add-opens=java.base/java.net=ALL-UNNAMED --add-opens=java.base/java.util.concurrent.atomic=ALL-UNNAMED -Xms64m -Xmx64m -Dfile.encoding=UTF-8 -Duser.country -Duser.language=en -Duser.variant -javaagent:C:\Users\DELL\.gradle\wrapper\dists\gradle-8.8-bin\dl7vupf4psengwqhwktix4v1\gradle-8.8\lib\agents\gradle-instrumentation-agent-8.8.jar org.gradle.launcher.daemon.bootstrap.GradleDaemon 8.8

Host: 13th Gen Intel(R) Core(TM) i7-1355U, 12 cores, 15G,  Windows 11 , 64 bit Build 26100 (10.0.26100.8328)
Time: Mon May 25 08:30:11 2026 SE Asia Standard Time elapsed time: 47.505790 seconds (0d 0h 0m 47s)

---------------  T H R E A D  ---------------

Current thread (0x0000020852551e00):  JavaThread "C2 CompilerThread1" daemon [_thread_in_native, id=23856, stack(0x000000a87d000000,0x000000a87d100000) (1024K)]


Current CompileTask:
C2:47505 8600       4       org.gradle.internal.instantiation.generator.AbstractClassGenerator::inspectType (560 bytes)

Stack: [0x000000a87d000000,0x000000a87d100000]
Native frames: (J=compiled Java code, j=interpreted, Vv=VM code, C=native code)
V  [jvm.dll+0x6e0429]  (no source info available)
V  [jvm.dll+0x8c057b]  (no source info available)
V  [jvm.dll+0x8c2b0a]  (no source info available)
V  [jvm.dll+0x8c31e3]  (no source info available)
V  [jvm.dll+0x28ac66]  (no source info available)
V  [jvm.dll+0xc91cd]  (no source info available)
V  [jvm.dll+0xc971c]  (no source info available)
V  [jvm.dll+0x3c859c]  (no source info available)
V  [jvm.dll+0x394bb2]  (no source info available)
V  [jvm.dll+0x39400a]  (no source info available)
V  [jvm.dll+0x252840]  (no source info available)
V  [jvm.dll+0x251e6c]  (no source info available)
V  [jvm.dll+0x1d1c5f]  (no source info available)
V  [jvm.dll+0x261bda]  (no source info available)
V  [jvm.dll+0x25ff45]  (no source info available)
V  [jvm.dll+0x4022c5]  (no source info available)
V  [jvm.dll+0x86b2bd]  (no source info available)
V  [jvm.dll+0x6e19dd]  (no source info available)
C  [ucrtbase.dll+0x37b0]  (no source info available)
C  [KERNEL32.DLL+0x2e957]  (no source info available)
C  [ntdll.dll+0x427c]  (no source info available)


---------------  P R O C E S S  ---------------

Threads class SMR info:
_java_thread_list=0x000002084f08b6c0, length=116, elements={
0x000002082842f760, 0x0000020842d95260, 0x0000020842d99ce0, 0x0000020842da0940,
0x0000020842da3520, 0x0000020842da4720, 0x0000020842da27a0, 0x0000020842db1470,
0x0000020842db2420, 0x000002084c11f050, 0x000002084c17dd10, 0x000002084d8c4de0,
0x000002084dc0e600, 0x000002084ca5d750, 0x000002084da71aa0, 0x000002084dd5ec50,
0x000002084dd5d8a0, 0x000002084dd5c4f0, 0x000002084dd5d210, 0x000002084e077bd0,
0x000002084e076820, 0x000002084e0788f0, 0x000002084e078f80, 0x000002084e079ca0,
0x000002084e076eb0, 0x0000020852213f20, 0x000002084f6e7230, 0x000002084f6e85e0,
0x000002084f6ea020, 0x000002084c0ffec0, 0x000002084c0fe480, 0x000002085210b030,
0x0000020852109c80, 0x00000208521112a0, 0x000002085210d790, 0x000002084e076190,
0x000002084e07c400, 0x0000020852551e00, 0x000002084e077540, 0x000002084e075470,
0x000002084e07b050, 0x000002084e07b6e0, 0x000002084e078260, 0x000002085220f060,
0x00000208522124e0, 0x0000020852210410, 0x0000020852211e50, 0x000002085220f6f0,
0x0000020852210aa0, 0x0000020852213890, 0x0000020852211130, 0x0000020852215960,
0x0000020852215ff0, 0x0000020852213200, 0x0000020852212b70, 0x0000020852214c40,
0x00000208522145b0, 0x00000208522152d0, 0x000002084c100550, 0x000002084c0fd760,
0x000002084c0fd0d0, 0x000002084c0fddf0, 0x000002084c101900, 0x000002084c101f90,
0x000002084c0ff1a0, 0x000002084c101270, 0x000002084c0ff830, 0x000002084c0feb10,
0x000002084c1039d0, 0x000002084c102620, 0x000002084c102cb0, 0x000002084c103340,
0x000002084c104060, 0x000002084c100be0, 0x000002084c1046f0, 0x000002084f6e4ad0,
0x000002084f6e5160, 0x000002084f6e57f0, 0x000002084f6e5e80, 0x000002084f6e6510,
0x000002084f6e6ba0, 0x000002084f6e78c0, 0x000002084f6e4440, 0x000002084f6ea6b0,
0x000002084f6e8c70, 0x000002084f6e9300, 0x000002084f6ead40, 0x000002084f6e9990,
0x000002084f6eb3d0, 0x000002084f6e7f50, 0x000002084f6eba60, 0x000002085210ca70,
0x000002085210d100, 0x000002085210b6c0, 0x000002085210a310, 0x000002085210bd50,
0x000002085210a9a0, 0x000002085210f1d0, 0x000002085210c3e0, 0x0000020852110c10,
0x0000020852110580, 0x000002085210fef0, 0x000002084fcb5bf0, 0x000002084fcb4840,
0x000002084fcb6280, 0x000002084fcb6910, 0x000002084fcb6fa0, 0x000002084fcb4ed0,
0x000002084fcb5560, 0x000002084fcb3b20, 0x000002085220fd80, 0x00000208522117c0,
0x000002085220e9d0, 0x000002084dd5be60, 0x000002084dd5cb80, 0x0000020852d8e1d0
}

Java Threads: ( => current thread )
  0x000002082842f760 JavaThread "main"                              [_thread_blocked, id=16288, stack(0x000000a874500000,0x000000a874600000) (1024K)]
  0x0000020842d95260 JavaThread "Reference Handler"          daemon [_thread_blocked, id=21764, stack(0x000000a874d00000,0x000000a874e00000) (1024K)]
  0x0000020842d99ce0 JavaThread "Finalizer"                  daemon [_thread_blocked, id=9756, stack(0x000000a874e00000,0x000000a874f00000) (1024K)]
  0x0000020842da0940 JavaThread "Signal Dispatcher"          daemon [_thread_blocked, id=17824, stack(0x000000a874f00000,0x000000a875000000) (1024K)]
  0x0000020842da3520 JavaThread "Attach Listener"            daemon [_thread_blocked, id=5800, stack(0x000000a875000000,0x000000a875100000) (1024K)]
  0x0000020842da4720 JavaThread "Service Thread"             daemon [_thread_blocked, id=25056, stack(0x000000a875100000,0x000000a875200000) (1024K)]
  0x0000020842da27a0 JavaThread "Monitor Deflation Thread"   daemon [_thread_blocked, id=25772, stack(0x000000a875200000,0x000000a875300000) (1024K)]
  0x0000020842db1470 JavaThread "C2 CompilerThread0"         daemon [_thread_in_native, id=6904, stack(0x000000a875300000,0x000000a875400000) (1024K)]
  0x0000020842db2420 JavaThread "C1 CompilerThread0"         daemon [_thread_blocked, id=20324, stack(0x000000a875400000,0x000000a875500000) (1024K)]
  0x000002084c11f050 JavaThread "Common-Cleaner"             daemon [_thread_blocked, id=22028, stack(0x000000a875500000,0x000000a875600000) (1024K)]
  0x000002084c17dd10 JavaThread "Notification Thread"        daemon [_thread_blocked, id=20420, stack(0x000000a875600000,0x000000a875700000) (1024K)]
  0x000002084d8c4de0 JavaThread "Daemon health stats"               [_thread_blocked, id=24380, stack(0x000000a875d00000,0x000000a875e00000) (1024K)]
  0x000002084dc0e600 JavaThread "Incoming local TCP Connector on port 60637"        [_thread_in_native, id=18688, stack(0x000000a875700000,0x000000a875800000) (1024K)]
  0x000002084ca5d750 JavaThread "Daemon periodic checks"            [_thread_blocked, id=6104, stack(0x000000a875e00000,0x000000a875f00000) (1024K)]
  0x000002084da71aa0 JavaThread "Daemon"                            [_thread_blocked, id=14852, stack(0x000000a875f00000,0x000000a876000000) (1024K)]
  0x000002084dd5ec50 JavaThread "Daemon worker"                     [_thread_blocked, id=9716, stack(0x000000a876200000,0x000000a876300000) (1024K)]
  0x000002084dd5d8a0 JavaThread "Cache worker for journal cache (C:\Users\DELL\.gradle\caches\journal-1)"        [_thread_blocked, id=4160, stack(0x000000a876a00000,0x000000a876b00000) (1024K)]
  0x000002084dd5c4f0 JavaThread "File lock request listener"        [_thread_in_native, id=25812, stack(0x000000a876b00000,0x000000a876c00000) (1024K)]
  0x000002084dd5d210 JavaThread "Cache worker for file hash cache (C:\Users\DELL\.gradle\caches\8.8\fileHashes)"        [_thread_blocked, id=24388, stack(0x000000a876c00000,0x000000a876d00000) (1024K)]
  0x000002084e077bd0 JavaThread "File watcher server"        daemon [_thread_blocked, id=25744, stack(0x000000a877000000,0x000000a877100000) (1024K)]
  0x000002084e076820 JavaThread "File watcher consumer"      daemon [_thread_blocked, id=22624, stack(0x000000a877100000,0x000000a877200000) (1024K)]
  0x000002084e0788f0 JavaThread "Cache worker for file content cache (C:\Users\DELL\.gradle\caches\8.8\fileContent)"        [_thread_blocked, id=17228, stack(0x000000a877200000,0x000000a877300000) (1024K)]
  0x000002084e078f80 JavaThread "jar transforms"                    [_thread_blocked, id=24940, stack(0x000000a877600000,0x000000a877700000) (1024K)]
  0x000002084e079ca0 JavaThread "jar transforms Thread 2"           [_thread_blocked, id=10400, stack(0x000000a877700000,0x000000a877800000) (1024K)]
  0x000002084e076eb0 JavaThread "jar transforms Thread 3"           [_thread_blocked, id=5796, stack(0x000000a877900000,0x000000a877a00000) (1024K)]
  0x0000020852213f20 JavaThread "jar transforms Thread 4"           [_thread_blocked, id=14484, stack(0x000000a878f00000,0x000000a879000000) (1024K)]
  0x000002084f6e7230 JavaThread "jar transforms Thread 5"           [_thread_blocked, id=12140, stack(0x000000a878300000,0x000000a878400000) (1024K)]
  0x000002084f6e85e0 JavaThread "jar transforms Thread 6"           [_thread_blocked, id=15636, stack(0x000000a879b00000,0x000000a879c00000) (1024K)]
  0x000002084f6ea020 JavaThread "jar transforms Thread 7"           [_thread_blocked, id=25476, stack(0x000000a879c00000,0x000000a879d00000) (1024K)]
  0x000002084c0ffec0 JavaThread "jar transforms Thread 8"           [_thread_blocked, id=18052, stack(0x000000a87a800000,0x000000a87a900000) (1024K)]
  0x000002084c0fe480 JavaThread "jar transforms Thread 9"           [_thread_blocked, id=25652, stack(0x000000a87a900000,0x000000a87aa00000) (1024K)]
  0x000002085210b030 JavaThread "jar transforms Thread 10"          [_thread_blocked, id=7284, stack(0x000000a87b500000,0x000000a87b600000) (1024K)]
  0x0000020852109c80 JavaThread "jar transforms Thread 11"          [_thread_blocked, id=7080, stack(0x000000a87b600000,0x000000a87b700000) (1024K)]
  0x00000208521112a0 JavaThread "jar transforms Thread 12"          [_thread_blocked, id=11872, stack(0x000000a87c300000,0x000000a87c400000) (1024K)]
  0x000002085210d790 JavaThread "VFS cleanup"                       [_thread_blocked, id=20624, stack(0x000000a876400000,0x000000a876500000) (1024K)]
  0x000002084e076190 JavaThread "Memory manager"                    [_thread_blocked, id=23840, stack(0x000000a87bb00000,0x000000a87bc00000) (1024K)]
  0x000002084e07c400 JavaThread "included builds"                   [_thread_blocked, id=19228, stack(0x000000a87bd00000,0x000000a87be00000) (1024K)]
=>0x0000020852551e00 JavaThread "C2 CompilerThread1"         daemon [_thread_in_native, id=23856, stack(0x000000a87d000000,0x000000a87d100000) (1024K)]
  0x000002084e077540 JavaThread "Handler for socket connection from /127.0.0.1:60637 to /127.0.0.1:64704"        [_thread_in_native, id=23788, stack(0x000000a876000000,0x000000a876100000) (1024K)]
  0x000002084e075470 JavaThread "Cancel handler"                    [_thread_blocked, id=22652, stack(0x000000a876100000,0x000000a876200000) (1024K)]
  0x000002084e07b050 JavaThread "Asynchronous log dispatcher for DefaultDaemonConnection: socket connection from /127.0.0.1:60637 to /127.0.0.1:64704"        [_thread_blocked, id=25876, stack(0x000000a876500000,0x000000a876600000) (1024K)]
  0x000002084e07b6e0 JavaThread "Stdin handler"                     [_thread_blocked, id=22168, stack(0x000000a876e00000,0x000000a876f00000) (1024K)]
  0x000002084e078260 JavaThread "Daemon client event forwarder"        [_thread_blocked, id=4480, stack(0x000000a876f00000,0x000000a877000000) (1024K)]
  0x000002085220f060 JavaThread "Cache worker for file hash cache (C:\Users\DELL\Downloads\lesson1\IgMini\.gradle\8.8\fileHashes)"        [_thread_blocked, id=24620, stack(0x000000a877300000,0x000000a877400000) (1024K)]
  0x00000208522124e0 JavaThread "Cache worker for checksums cache (C:\Users\DELL\Downloads\lesson1\IgMini\.gradle\8.8\checksums)"        [_thread_blocked, id=17892, stack(0x000000a877400000,0x000000a877500000) (1024K)]
  0x0000020852210410 JavaThread "Cache worker for cache directory md-rule (C:\Users\DELL\.gradle\caches\8.8\md-rule)"        [_thread_blocked, id=24468, stack(0x000000a877500000,0x000000a877600000) (1024K)]
  0x0000020852211e50 JavaThread "Cache worker for cache directory md-supplier (C:\Users\DELL\.gradle\caches\8.8\md-supplier)"        [_thread_blocked, id=22184, stack(0x000000a877800000,0x000000a877900000) (1024K)]
  0x000002085220f6f0 JavaThread "Unconstrained build operations"        [_thread_blocked, id=8412, stack(0x000000a877a00000,0x000000a877b00000) (1024K)]
  0x0000020852210aa0 JavaThread "Unconstrained build operations Thread 2"        [_thread_blocked, id=15164, stack(0x000000a877b00000,0x000000a877c00000) (1024K)]
  0x0000020852213890 JavaThread "Unconstrained build operations Thread 3"        [_thread_blocked, id=22648, stack(0x000000a877c00000,0x000000a877d00000) (1024K)]
  0x0000020852211130 JavaThread "Unconstrained build operations Thread 4"        [_thread_blocked, id=2804, stack(0x000000a877d00000,0x000000a877e00000) (1024K)]
  0x0000020852215960 JavaThread "Unconstrained build operations Thread 5"        [_thread_blocked, id=21728, stack(0x000000a877e00000,0x000000a877f00000) (1024K)]
  0x0000020852215ff0 JavaThread "Unconstrained build operations Thread 6"        [_thread_blocked, id=22392, stack(0x000000a877f00000,0x000000a878000000) (1024K)]
  0x0000020852213200 JavaThread "Unconstrained build operations Thread 7"        [_thread_blocked, id=15556, stack(0x000000a878000000,0x000000a878100000) (1024K)]
  0x0000020852212b70 JavaThread "Unconstrained build operations Thread 8"        [_thread_blocked, id=19480, stack(0x000000a878100000,0x000000a878200000) (1024K)]
  0x0000020852214c40 JavaThread "Unconstrained build operations Thread 9"        [_thread_blocked, id=26428, stack(0x000000a878200000,0x000000a878300000) (1024K)]
  0x00000208522145b0 JavaThread "Unconstrained build operations Thread 10"        [_thread_blocked, id=22288, stack(0x000000a878400000,0x000000a878500000) (1024K)]
  0x00000208522152d0 JavaThread "Unconstrained build operations Thread 11"        [_thread_blocked, id=24260, stack(0x000000a878500000,0x000000a878600000) (1024K)]
  0x000002084c100550 JavaThread "Unconstrained build operations Thread 12"        [_thread_blocked, id=436, stack(0x000000a878600000,0x000000a878700000) (1024K)]
  0x000002084c0fd760 JavaThread "Unconstrained build operations Thread 13"        [_thread_blocked, id=20016, stack(0x000000a878700000,0x000000a878800000) (1024K)]
  0x000002084c0fd0d0 JavaThread "Unconstrained build operations Thread 14"        [_thread_blocked, id=26360, stack(0x000000a878800000,0x000000a878900000) (1024K)]
  0x000002084c0fddf0 JavaThread "Unconstrained build operations Thread 15"        [_thread_blocked, id=15240, stack(0x000000a878900000,0x000000a878a00000) (1024K)]
  0x000002084c101900 JavaThread "Unconstrained build operations Thread 16"        [_thread_blocked, id=26540, stack(0x000000a878a00000,0x000000a878b00000) (1024K)]
  0x000002084c101f90 JavaThread "Unconstrained build operations Thread 17"        [_thread_blocked, id=4068, stack(0x000000a878b00000,0x000000a878c00000) (1024K)]
  0x000002084c0ff1a0 JavaThread "Unconstrained build operations Thread 18"        [_thread_blocked, id=14432, stack(0x000000a878c00000,0x000000a878d00000) (1024K)]
  0x000002084c101270 JavaThread "Unconstrained build operations Thread 19"        [_thread_blocked, id=17920, stack(0x000000a878d00000,0x000000a878e00000) (1024K)]
  0x000002084c0ff830 JavaThread "Unconstrained build operations Thread 20"        [_thread_blocked, id=14516, stack(0x000000a878e00000,0x000000a878f00000) (1024K)]
  0x000002084c0feb10 JavaThread "Unconstrained build operations Thread 21"        [_thread_blocked, id=25420, stack(0x000000a879000000,0x000000a879100000) (1024K)]
  0x000002084c1039d0 JavaThread "Unconstrained build operations Thread 22"        [_thread_blocked, id=18280, stack(0x000000a879100000,0x000000a879200000) (1024K)]
  0x000002084c102620 JavaThread "Unconstrained build operations Thread 23"        [_thread_blocked, id=24572, stack(0x000000a879200000,0x000000a879300000) (1024K)]
  0x000002084c102cb0 JavaThread "Unconstrained build operations Thread 24"        [_thread_blocked, id=21688, stack(0x000000a879300000,0x000000a879400000) (1024K)]
  0x000002084c103340 JavaThread "Unconstrained build operations Thread 25"        [_thread_blocked, id=16736, stack(0x000000a879400000,0x000000a879500000) (1024K)]
  0x000002084c104060 JavaThread "Unconstrained build operations Thread 26"        [_thread_blocked, id=26544, stack(0x000000a879500000,0x000000a879600000) (1024K)]
  0x000002084c100be0 JavaThread "Unconstrained build operations Thread 27"        [_thread_blocked, id=19660, stack(0x000000a879600000,0x000000a879700000) (1024K)]
  0x000002084c1046f0 JavaThread "Unconstrained build operations Thread 28"        [_thread_blocked, id=24060, stack(0x000000a879700000,0x000000a879800000) (1024K)]
  0x000002084f6e4ad0 JavaThread "Unconstrained build operations Thread 29"        [_thread_blocked, id=21644, stack(0x000000a879800000,0x000000a879900000) (1024K)]
  0x000002084f6e5160 JavaThread "Unconstrained build operations Thread 30"        [_thread_blocked, id=22472, stack(0x000000a879900000,0x000000a879a00000) (1024K)]
  0x000002084f6e57f0 JavaThread "Unconstrained build operations Thread 31"        [_thread_blocked, id=2800, stack(0x000000a879a00000,0x000000a879b00000) (1024K)]
  0x000002084f6e5e80 JavaThread "Unconstrained build operations Thread 32"        [_thread_blocked, id=7028, stack(0x000000a879d00000,0x000000a879e00000) (1024K)]
  0x000002084f6e6510 JavaThread "Unconstrained build operations Thread 33"        [_thread_blocked, id=15396, stack(0x000000a879e00000,0x000000a879f00000) (1024K)]
  0x000002084f6e6ba0 JavaThread "Unconstrained build operations Thread 34"        [_thread_blocked, id=12540, stack(0x000000a879f00000,0x000000a87a000000) (1024K)]
  0x000002084f6e78c0 JavaThread "Unconstrained build operations Thread 35"        [_thread_blocked, id=11996, stack(0x000000a87a000000,0x000000a87a100000) (1024K)]
  0x000002084f6e4440 JavaThread "Unconstrained build operations Thread 36"        [_thread_blocked, id=14736, stack(0x000000a87a100000,0x000000a87a200000) (1024K)]
  0x000002084f6ea6b0 JavaThread "Unconstrained build operations Thread 37"        [_thread_blocked, id=2468, stack(0x000000a87a200000,0x000000a87a300000) (1024K)]
  0x000002084f6e8c70 JavaThread "Unconstrained build operations Thread 38"        [_thread_blocked, id=25308, stack(0x000000a87a300000,0x000000a87a400000) (1024K)]
  0x000002084f6e9300 JavaThread "Unconstrained build operations Thread 39"        [_thread_blocked, id=4736, stack(0x000000a87a400000,0x000000a87a500000) (1024K)]
  0x000002084f6ead40 JavaThread "Unconstrained build operations Thread 40"        [_thread_blocked, id=19584, stack(0x000000a87a500000,0x000000a87a600000) (1024K)]
  0x000002084f6e9990 JavaThread "Unconstrained build operations Thread 41"        [_thread_blocked, id=2336, stack(0x000000a87a600000,0x000000a87a700000) (1024K)]
  0x000002084f6eb3d0 JavaThread "Unconstrained build operations Thread 42"        [_thread_blocked, id=20012, stack(0x000000a87a700000,0x000000a87a800000) (1024K)]
  0x000002084f6e7f50 JavaThread "Unconstrained build operations Thread 43"        [_thread_blocked, id=15936, stack(0x000000a87aa00000,0x000000a87ab00000) (1024K)]
  0x000002084f6eba60 JavaThread "Unconstrained build operations Thread 44"        [_thread_blocked, id=5168, stack(0x000000a87ab00000,0x000000a87ac00000) (1024K)]
  0x000002085210ca70 JavaThread "Unconstrained build operations Thread 45"        [_thread_blocked, id=14320, stack(0x000000a87ac00000,0x000000a87ad00000) (1024K)]
  0x000002085210d100 JavaThread "Unconstrained build operations Thread 46"        [_thread_blocked, id=22916, stack(0x000000a87ad00000,0x000000a87ae00000) (1024K)]
  0x000002085210b6c0 JavaThread "Unconstrained build operations Thread 47"        [_thread_blocked, id=14524, stack(0x000000a87ae00000,0x000000a87af00000) (1024K)]
  0x000002085210a310 JavaThread "Unconstrained build operations Thread 48"        [_thread_blocked, id=7644, stack(0x000000a87af00000,0x000000a87b000000) (1024K)]
  0x000002085210bd50 JavaThread "Unconstrained build operations Thread 49"        [_thread_blocked, id=8080, stack(0x000000a87b000000,0x000000a87b100000) (1024K)]
  0x000002085210a9a0 JavaThread "Unconstrained build operations Thread 50"        [_thread_blocked, id=23504, stack(0x000000a87b100000,0x000000a87b200000) (1024K)]
  0x000002085210f1d0 JavaThread "Unconstrained build operations Thread 51"        [_thread_blocked, id=7828, stack(0x000000a87b200000,0x000000a87b300000) (1024K)]
  0x000002085210c3e0 JavaThread "Unconstrained build operations Thread 52"        [_thread_blocked, id=3964, stack(0x000000a87b300000,0x000000a87b400000) (1024K)]
  0x0000020852110c10 JavaThread "Unconstrained build operations Thread 53"        [_thread_blocked, id=16448, stack(0x000000a87b400000,0x000000a87b500000) (1024K)]
  0x0000020852110580 JavaThread "Unconstrained build operations Thread 54"        [_thread_blocked, id=10360, stack(0x000000a87b700000,0x000000a87b800000) (1024K)]
  0x000002085210fef0 JavaThread "Unconstrained build operations Thread 55"        [_thread_blocked, id=26424, stack(0x000000a87b800000,0x000000a87b900000) (1024K)]
  0x000002084fcb5bf0 JavaThread "Cache worker for Build Output Cleanup Cache (C:\Users\DELL\Downloads\lesson1\IgMini\.gradle\buildOutputCleanup)"        [_thread_blocked, id=16468, stack(0x000000a87b900000,0x000000a87ba00000) (1024K)]
  0x000002084fcb4840 JavaThread "included builds"                   [_thread_blocked, id=21780, stack(0x000000a87ba00000,0x000000a87bb00000) (1024K)]
  0x000002084fcb6280 JavaThread "Execution worker"                  [_thread_in_native, id=23516, stack(0x000000a87bc00000,0x000000a87bd00000) (1024K)]
  0x000002084fcb6910 JavaThread "Execution worker Thread 2"         [_thread_blocked, id=21660, stack(0x000000a87be00000,0x000000a87bf00000) (1024K)]
  0x000002084fcb6fa0 JavaThread "Execution worker Thread 3"         [_thread_blocked, id=14796, stack(0x000000a87bf00000,0x000000a87c000000) (1024K)]
  0x000002084fcb4ed0 JavaThread "Execution worker Thread 4"         [_thread_blocked, id=15008, stack(0x000000a87c000000,0x000000a87c100000) (1024K)]
  0x000002084fcb5560 JavaThread "Execution worker Thread 5"         [_thread_blocked, id=592, stack(0x000000a87c100000,0x000000a87c200000) (1024K)]
  0x000002084fcb3b20 JavaThread "Execution worker Thread 6"         [_thread_blocked, id=13288, stack(0x000000a87c200000,0x000000a87c300000) (1024K)]
  0x000002085220fd80 JavaThread "Execution worker Thread 7"         [_thread_blocked, id=26032, stack(0x000000a87c400000,0x000000a87c500000) (1024K)]
  0x00000208522117c0 JavaThread "Execution worker Thread 8"         [_thread_blocked, id=24080, stack(0x000000a87c500000,0x000000a87c600000) (1024K)]
  0x000002085220e9d0 JavaThread "Execution worker Thread 9"         [_thread_blocked, id=22524, stack(0x000000a87c600000,0x000000a87c700000) (1024K)]
  0x000002084dd5be60 JavaThread "Execution worker Thread 10"        [_thread_blocked, id=17728, stack(0x000000a87c700000,0x000000a87c800000) (1024K)]
  0x000002084dd5cb80 JavaThread "Execution worker Thread 11"        [_thread_blocked, id=19536, stack(0x000000a87c800000,0x000000a87c900000) (1024K)]
  0x0000020852d8e1d0 JavaThread "Cache worker for execution history cache (C:\Users\DELL\Downloads\lesson1\IgMini\.gradle\8.8\executionHistory)"        [_thread_blocked, id=24904, stack(0x000000a87c900000,0x000000a87ca00000) (1024K)]
Total: 116

Other Threads:
  0x00000208284e6e10 VMThread "VM Thread"                           [id=23932, stack(0x000000a874c00000,0x000000a874d00000) (1024K)]
  0x00000208284d7b80 WatcherThread "VM Periodic Task Thread"        [id=5988, stack(0x000000a874b00000,0x000000a874c00000) (1024K)]
  0x000002082844caf0 WorkerThread "GC Thread#0"                     [id=4728, stack(0x000000a874600000,0x000000a874700000) (1024K)]
  0x000002084c99f3b0 WorkerThread "GC Thread#1"                     [id=16136, stack(0x000000a875800000,0x000000a875900000) (1024K)]
  0x000002084c79fe90 WorkerThread "GC Thread#2"                     [id=8320, stack(0x000000a875900000,0x000000a875a00000) (1024K)]
  0x000002084c7a0240 WorkerThread "GC Thread#3"                     [id=4316, stack(0x000000a875a00000,0x000000a875b00000) (1024K)]
  0x000002084cbf4460 WorkerThread "GC Thread#4"                     [id=13172, stack(0x000000a875b00000,0x000000a875c00000) (1024K)]
  0x000002084da11a10 WorkerThread "GC Thread#5"                     [id=15340, stack(0x000000a875c00000,0x000000a875d00000) (1024K)]
  0x000002084de23930 WorkerThread "GC Thread#6"                     [id=19128, stack(0x000000a876600000,0x000000a876700000) (1024K)]
  0x000002084de231d0 WorkerThread "GC Thread#7"                     [id=5708, stack(0x000000a876700000,0x000000a876800000) (1024K)]
  0x000002084de22310 WorkerThread "GC Thread#8"                     [id=19616, stack(0x000000a876800000,0x000000a876900000) (1024K)]
  0x000002084de23580 WorkerThread "GC Thread#9"                     [id=2816, stack(0x000000a876900000,0x000000a876a00000) (1024K)]
  0x000002082844e1f0 ConcurrentGCThread "G1 Main Marker"            [id=9424, stack(0x000000a874700000,0x000000a874800000) (1024K)]
  0x000002082844fa90 WorkerThread "G1 Conc#0"                       [id=18032, stack(0x000000a874800000,0x000000a874900000) (1024K)]
  0x000002084f5f58f0 WorkerThread "G1 Conc#1"                       [id=20116, stack(0x000000a876300000,0x000000a876400000) (1024K)]
  0x000002084f5f5ca0 WorkerThread "G1 Conc#2"                       [id=5760, stack(0x000000a876d00000,0x000000a876e00000) (1024K)]
  0x00000208284c7260 ConcurrentGCThread "G1 Refine#0"               [id=11536, stack(0x000000a874900000,0x000000a874a00000) (1024K)]
  0x00000208284c7cf0 ConcurrentGCThread "G1 Service"                [id=22588, stack(0x000000a874a00000,0x000000a874b00000) (1024K)]
Total: 18

Threads with active compile tasks:
C2 CompilerThread1  47521 8600       4       org.gradle.internal.instantiation.generator.AbstractClassGenerator::inspectType (560 bytes)
Total: 1

VM state: not at safepoint (normal execution)

VM Mutex/Monitor currently owned by a thread: None

Heap address: 0x00000000fc000000, size: 64 MB, Compressed Oops mode: 32-bit

CDS archive(s) mapped at: [0x0000020843000000-0x0000020843c80000-0x0000020843c80000), size 13107200, SharedBaseAddress: 0x0000020843000000, ArchiveRelocationMode: 1.
Compressed class space mapped at: 0x0000020844000000-0x0000020848000000, reserved size: 67108864
Narrow klass base: 0x0000020843000000, Narrow klass shift: 0, Narrow klass range: 0x100000000

GC Precious Log:
 CardTable entry size: 512
 Card Set container configuration: InlinePtr #cards 5 size 8 Array Of Cards #cards 12 size 40 Howl #buckets 4 coarsen threshold 1843 Howl Bitmap #cards 512 size 80 coarsen threshold 460 Card regions per heap region 1 cards per card region 2048
 CPUs: 12 total, 12 available
 Memory: 16068M
 Large Page Support: Disabled
 NUMA Support: Disabled
 Compressed Oops: Enabled (32-bit)
 Heap Region Size: 1M
 Heap Min Capacity: 64M
 Heap Initial Capacity: 64M
 Heap Max Capacity: 64M
 Pre-touch: Disabled
 Parallel Workers: 10
 Concurrent Workers: 3
 Concurrent Refinement Workers: 10
 Periodic GC: Disabled

Heap:
 garbage-first heap   total 65536K, used 57988K [0x00000000fc000000, 0x0000000100000000)
  region size 1024K, 4 young (4096K), 1 survivors (1024K)
 Metaspace       used 59418K, committed 60864K, reserved 131072K
  class space    used 8731K, committed 9408K, reserved 65536K

Heap Regions: E=young(eden), S=young(survivor), O=old, HS=humongous(starts), HC=humongous(continues), CS=collection set, F=free, TAMS=top-at-mark-start, PB=parsable bottom
|   0|0x00000000fc000000, 0x00000000fc100000, 0x00000000fc100000|100%|HS|  |TAMS 0x00000000fc000000| PB 0x00000000fc000000| Complete 
|   1|0x00000000fc100000, 0x00000000fc200000, 0x00000000fc200000|100%|HC|  |TAMS 0x00000000fc100000| PB 0x00000000fc100000| Complete 
|   2|0x00000000fc200000, 0x00000000fc300000, 0x00000000fc300000|100%|HC|  |TAMS 0x00000000fc200000| PB 0x00000000fc200000| Complete 
|   3|0x00000000fc300000, 0x00000000fc400000, 0x00000000fc400000|100%|HC|  |TAMS 0x00000000fc300000| PB 0x00000000fc300000| Complete 
|   4|0x00000000fc400000, 0x00000000fc4f1be8, 0x00000000fc500000| 94%| O|  |TAMS 0x00000000fc400000| PB 0x00000000fc400000| Untracked 
|   5|0x00000000fc500000, 0x00000000fc600000, 0x00000000fc600000|100%| O|  |TAMS 0x00000000fc500000| PB 0x00000000fc500000| Untracked 
|   6|0x00000000fc600000, 0x00000000fc700000, 0x00000000fc700000|100%| O|  |TAMS 0x00000000fc600000| PB 0x00000000fc600000| Untracked 
|   7|0x00000000fc700000, 0x00000000fc7f5b28, 0x00000000fc800000| 95%| O|  |TAMS 0x00000000fc700000| PB 0x00000000fc700000| Untracked 
|   8|0x00000000fc800000, 0x00000000fc8fffe0, 0x00000000fc900000| 99%| O|  |TAMS 0x00000000fc800000| PB 0x00000000fc800000| Untracked 
|   9|0x00000000fc900000, 0x00000000fc9ffff0, 0x00000000fca00000| 99%| O|  |TAMS 0x00000000fc900000| PB 0x00000000fc900000| Untracked 
|  10|0x00000000fca00000, 0x00000000fcaffff8, 0x00000000fcb00000| 99%| O|  |TAMS 0x00000000fca00000| PB 0x00000000fca00000| Untracked 
|  11|0x00000000fcb00000, 0x00000000fcc00000, 0x00000000fcc00000|100%|HS|  |TAMS 0x00000000fcb00000| PB 0x00000000fcb00000| Complete 
|  12|0x00000000fcc00000, 0x00000000fcd00000, 0x00000000fcd00000|100%| O|  |TAMS 0x00000000fcc00000| PB 0x00000000fcc00000| Untracked 
|  13|0x00000000fcd00000, 0x00000000fce00000, 0x00000000fce00000|100%| O|  |TAMS 0x00000000fcd00000| PB 0x00000000fcd00000| Untracked 
|  14|0x00000000fce00000, 0x00000000fcf00000, 0x00000000fcf00000|100%| O|  |TAMS 0x00000000fce00000| PB 0x00000000fce00000| Untracked 
|  15|0x00000000fcf00000, 0x00000000fcfffff0, 0x00000000fd000000| 99%| O|  |TAMS 0x00000000fcf00000| PB 0x00000000fcf00000| Untracked 
|  16|0x00000000fd000000, 0x00000000fd0fffb8, 0x00000000fd100000| 99%| O|  |TAMS 0x00000000fd000000| PB 0x00000000fd000000| Untracked 
|  17|0x00000000fd100000, 0x00000000fd1fffe8, 0x00000000fd200000| 99%| O|  |TAMS 0x00000000fd100000| PB 0x00000000fd100000| Untracked 
|  18|0x00000000fd200000, 0x00000000fd300000, 0x00000000fd300000|100%| O|  |TAMS 0x00000000fd200000| PB 0x00000000fd200000| Untracked 
|  19|0x00000000fd300000, 0x00000000fd3fffd0, 0x00000000fd400000| 99%| O|  |TAMS 0x00000000fd300000| PB 0x00000000fd300000| Untracked 
|  20|0x00000000fd400000, 0x00000000fd4fffb8, 0x00000000fd500000| 99%| O|  |TAMS 0x00000000fd400000| PB 0x00000000fd400000| Untracked 
|  21|0x00000000fd500000, 0x00000000fd600000, 0x00000000fd600000|100%| O|  |TAMS 0x00000000fd500000| PB 0x00000000fd500000| Untracked 
|  22|0x00000000fd600000, 0x00000000fd6e8d78, 0x00000000fd700000| 90%| O|  |TAMS 0x00000000fd600000| PB 0x00000000fd600000| Untracked 
|  23|0x00000000fd700000, 0x00000000fd7ffff0, 0x00000000fd800000| 99%| O|  |TAMS 0x00000000fd700000| PB 0x00000000fd700000| Untracked 
|  24|0x00000000fd800000, 0x00000000fd900000, 0x00000000fd900000|100%| O|  |TAMS 0x00000000fd800000| PB 0x00000000fd800000| Untracked 
|  25|0x00000000fd900000, 0x00000000fd9f7f80, 0x00000000fda00000| 96%| O|  |TAMS 0x00000000fd900000| PB 0x00000000fd900000| Untracked 
|  26|0x00000000fda00000, 0x00000000fda93210, 0x00000000fdb00000| 57%| O|  |TAMS 0x00000000fda00000| PB 0x00000000fda00000| Untracked 
|  27|0x00000000fdb00000, 0x00000000fdbfffe0, 0x00000000fdc00000| 99%| O|  |TAMS 0x00000000fdb00000| PB 0x00000000fdb00000| Untracked 
|  28|0x00000000fdc00000, 0x00000000fdd00000, 0x00000000fdd00000|100%| O|  |TAMS 0x00000000fdc00000| PB 0x00000000fdc00000| Untracked 
|  29|0x00000000fdd00000, 0x00000000fde00000, 0x00000000fde00000|100%| O|  |TAMS 0x00000000fdd00000| PB 0x00000000fdd00000| Untracked 
|  30|0x00000000fde00000, 0x00000000fdf00000, 0x00000000fdf00000|100%| O|  |TAMS 0x00000000fde00000| PB 0x00000000fde00000| Untracked 
|  31|0x00000000fdf00000, 0x00000000fe000000, 0x00000000fe000000|100%| O|  |TAMS 0x00000000fdf00000| PB 0x00000000fdf00000| Untracked 
|  32|0x00000000fe000000, 0x00000000fe100000, 0x00000000fe100000|100%| O|  |TAMS 0x00000000fe000000| PB 0x00000000fe000000| Untracked 
|  33|0x00000000fe100000, 0x00000000fe200000, 0x00000000fe200000|100%| O|  |TAMS 0x00000000fe100000| PB 0x00000000fe100000| Untracked 
|  34|0x00000000fe200000, 0x00000000fe300000, 0x00000000fe300000|100%| O|  |TAMS 0x00000000fe200000| PB 0x00000000fe200000| Untracked 
|  35|0x00000000fe300000, 0x00000000fe400000, 0x00000000fe400000|100%| O|Cm|TAMS 0x00000000fe300000| PB 0x00000000fe300000| Complete 
|  36|0x00000000fe400000, 0x00000000fe500000, 0x00000000fe500000|100%| O|  |TAMS 0x00000000fe400000| PB 0x00000000fe400000| Untracked 
|  37|0x00000000fe500000, 0x00000000fe600000, 0x00000000fe600000|100%| O|  |TAMS 0x00000000fe500000| PB 0x00000000fe500000| Untracked 
|  38|0x00000000fe600000, 0x00000000fe700000, 0x00000000fe700000|100%| O|  |TAMS 0x00000000fe600000| PB 0x00000000fe600000| Untracked 
|  39|0x00000000fe700000, 0x00000000fe800000, 0x00000000fe800000|100%| O|Cm|TAMS 0x00000000fe700000| PB 0x00000000fe700000| Complete 
|  40|0x00000000fe800000, 0x00000000fe900000, 0x00000000fe900000|100%| O|  |TAMS 0x00000000fe800000| PB 0x00000000fe800000| Untracked 
|  41|0x00000000fe900000, 0x00000000fea00000, 0x00000000fea00000|100%| O|  |TAMS 0x00000000fe900000| PB 0x00000000fe900000| Untracked 
|  42|0x00000000fea00000, 0x00000000fea4a6e0, 0x00000000feb00000| 29%| O|  |TAMS 0x00000000fea00000| PB 0x00000000fea00000| Untracked 
|  43|0x00000000feb00000, 0x00000000fec00000, 0x00000000fec00000|100%| O|  |TAMS 0x00000000feb00000| PB 0x00000000feb00000| Untracked 
|  44|0x00000000fec00000, 0x00000000fed00000, 0x00000000fed00000|100%| O|  |TAMS 0x00000000fec00000| PB 0x00000000fec00000| Untracked 
|  45|0x00000000fed00000, 0x00000000fee00000, 0x00000000fee00000|100%| O|  |TAMS 0x00000000fed00000| PB 0x00000000fed00000| Untracked 
|  46|0x00000000fee00000, 0x00000000fef00000, 0x00000000fef00000|100%| O|  |TAMS 0x00000000fee00000| PB 0x00000000fee00000| Untracked 
|  47|0x00000000fef00000, 0x00000000ff000000, 0x00000000ff000000|100%| O|  |TAMS 0x00000000fef00000| PB 0x00000000fef00000| Untracked 
|  48|0x00000000ff000000, 0x00000000ff100000, 0x00000000ff100000|100%| O|  |TAMS 0x00000000ff000000| PB 0x00000000ff000000| Untracked 
|  49|0x00000000ff100000, 0x00000000ff200000, 0x00000000ff200000|100%| O|  |TAMS 0x00000000ff100000| PB 0x00000000ff100000| Untracked 
|  50|0x00000000ff200000, 0x00000000ff300000, 0x00000000ff300000|100%| O|  |TAMS 0x00000000ff200000| PB 0x00000000ff200000| Untracked 
|  51|0x00000000ff300000, 0x00000000ff400000, 0x00000000ff400000|100%| O|  |TAMS 0x00000000ff300000| PB 0x00000000ff300000| Untracked 
|  52|0x00000000ff400000, 0x00000000ff500000, 0x00000000ff500000|100%| O|  |TAMS 0x00000000ff400000| PB 0x00000000ff400000| Untracked 
|  53|0x00000000ff500000, 0x00000000ff500000, 0x00000000ff600000|  0%| F|  |TAMS 0x00000000ff500000| PB 0x00000000ff500000| Untracked 
|  54|0x00000000ff600000, 0x00000000ff700000, 0x00000000ff700000|100%| O|  |TAMS 0x00000000ff600000| PB 0x00000000ff600000| Untracked 
|  55|0x00000000ff700000, 0x00000000ff800000, 0x00000000ff800000|100%| O|  |TAMS 0x00000000ff700000| PB 0x00000000ff700000| Untracked 
|  56|0x00000000ff800000, 0x00000000ff800000, 0x00000000ff900000|  0%| F|  |TAMS 0x00000000ff800000| PB 0x00000000ff800000| Untracked 
|  57|0x00000000ff900000, 0x00000000ff900000, 0x00000000ffa00000|  0%| F|  |TAMS 0x00000000ff900000| PB 0x00000000ff900000| Untracked 
|  58|0x00000000ffa00000, 0x00000000ffa00000, 0x00000000ffb00000|  0%| F|  |TAMS 0x00000000ffa00000| PB 0x00000000ffa00000| Untracked 
|  59|0x00000000ffb00000, 0x00000000ffbfb698, 0x00000000ffc00000| 98%| S|CS|TAMS 0x00000000ffb00000| PB 0x00000000ffb00000| Complete 
|  60|0x00000000ffc00000, 0x00000000ffc00000, 0x00000000ffd00000|  0%| F|  |TAMS 0x00000000ffc00000| PB 0x00000000ffc00000| Untracked 
|  61|0x00000000ffd00000, 0x00000000ffd851e8, 0x00000000ffe00000| 51%| E|  |TAMS 0x00000000ffd00000| PB 0x00000000ffd00000| Complete 
|  62|0x00000000ffe00000, 0x00000000fff00000, 0x00000000fff00000|100%| E|CS|TAMS 0x00000000ffe00000| PB 0x00000000ffe00000| Complete 
|  63|0x00000000fff00000, 0x0000000100000000, 0x0000000100000000|100%| E|CS|TAMS 0x00000000fff00000| PB 0x00000000fff00000| Complete 

Card table byte_map: [0x0000020826220000,0x0000020826240000] _byte_map_base: 0x0000020825a40000

Marking Bits: (CMBitMap*) 0x000002082844d110
 Bits: [0x00000208400b0000, 0x00000208401b0000)

Polling page: 0x00000208261d0000

Metaspace:

Usage:
  Non-class:     49.50 MB used.
      Class:      8.53 MB used.
       Both:     58.03 MB used.

Virtual space:
  Non-class space:       64.00 MB reserved,      50.25 MB ( 79%) committed,  1 nodes.
      Class space:       64.00 MB reserved,       9.19 MB ( 14%) committed,  1 nodes.
             Both:      128.00 MB reserved,      59.44 MB ( 46%) committed. 

Chunk freelists:
   Non-Class:  12.91 MB
       Class:  6.77 MB
        Both:  19.68 MB

MaxMetaspaceSize: 64.00 MB
CompressedClassSpaceSize: 64.00 MB
Initial GC threshold: 21.00 MB
Current GC threshold: 64.00 MB
CDS: on
 - commit_granule_bytes: 65536.
 - commit_granule_words: 8192.
 - virtual_space_node_default_size: 8388608.
 - enlarge_chunks_in_place: 1.
 - use_allocation_guard: 0.


Internal statistics:

num_allocs_failed_limit: 6.
num_arena_births: 4176.
num_arena_deaths: 1868.
num_vsnodes_births: 2.
num_vsnodes_deaths: 0.
num_space_committed: 951.
num_space_uncommitted: 0.
num_chunks_returned_to_freelist: 2141.
num_chunks_taken_from_freelist: 8124.
num_chunk_merges: 691.
num_chunk_splits: 4455.
num_chunks_enlarged: 2559.
num_inconsistent_stats: 0.

CodeHeap 'non-profiled nmethods': size=120000Kb used=4200Kb max_used=4274Kb free=115799Kb
 bounds [0x0000020838630000, 0x0000020838a60000, 0x000002083fb60000]
CodeHeap 'profiled nmethods': size=120000Kb used=13645Kb max_used=13657Kb free=106354Kb
 bounds [0x0000020830b60000, 0x00000208318c0000, 0x0000020838090000]
CodeHeap 'non-nmethods': size=5760Kb used=2603Kb max_used=2653Kb free=3156Kb
 bounds [0x0000020838090000, 0x0000020838330000, 0x0000020838630000]
CodeCache: size=245760Kb, used=20448Kb, max_used=20584Kb, free=225309Kb
 total_blobs=8157, nmethods=7285, adapters=776, full_count=0
Compilation: enabled, stopped_count=0, restarted_count=0

Compilation events (20 events):
Event: 46.486 Thread 0x0000020842db2420 8699       3       org.gradle.internal.properties.PropertyVisitor::visitInputProperty (1 bytes)
Event: 46.486 Thread 0x0000020842db2420 nmethod 8699 0x0000020830eb0d10 code [0x0000020830eb0ea0, 0x0000020830eb0fa8]
Event: 46.486 Thread 0x0000020842db2420 8700       3       java.lang.Thread::<init> (11 bytes)
Event: 46.486 Thread 0x0000020842db2420 nmethod 8700 0x0000020830f6f190 code [0x0000020830f6f340, 0x0000020830f6f4a8]
Event: 46.487 Thread 0x0000020842db2420 8701       3       java.lang.Thread::run (23 bytes)
Event: 46.487 Thread 0x0000020842db2420 nmethod 8701 0x0000020830d1c010 code [0x0000020830d1c1e0, 0x0000020830d1c560]
Event: 46.487 Thread 0x0000020842db2420 8702       3       java.lang.Thread::scopedValueBindings (7 bytes)
Event: 46.487 Thread 0x0000020842db2420 nmethod 8702 0x0000020830f6ee10 code [0x0000020830f6efa0, 0x0000020830f6f0b0]
Event: 46.487 Thread 0x0000020842db2420 8703       3       org.gradle.internal.properties.annotations.AbstractTypeMetadataWalker$$Lambda/0x000002084434a5f8::accept (28 bytes)
Event: 46.488 Thread 0x0000020842db2420 nmethod 8703 0x0000020830d1bb10 code [0x0000020830d1bcc0, 0x0000020830d1bf38]
Event: 46.488 Thread 0x0000020842db2420 8704       3       com.google.common.base.Suppliers::memoize (43 bytes)
Event: 46.489 Thread 0x0000020842db2420 nmethod 8704 0x0000020830d1ad90 code [0x0000020830d1afc0, 0x0000020830d1b928]
Event: 46.489 Thread 0x0000020842db2420 8706       3       org.gradle.api.internal.tasks.properties.AbstractPropertySpec::compareTo (9 bytes)
Event: 46.489 Thread 0x0000020842db2420 nmethod 8706 0x0000020830d1a510 code [0x0000020830d1a700, 0x0000020830d1abd8]
Event: 46.489 Thread 0x0000020842db2420 8707       3       org.gradle.api.internal.tasks.properties.AbstractPropertySpec::compareTo (14 bytes)
Event: 46.489 Thread 0x0000020842db2420 nmethod 8707 0x0000020830d19f10 code [0x0000020830d1a0e0, 0x0000020830d1a3c8]
Event: 46.489 Thread 0x0000020842db2420 8705       3       com.google.common.base.Suppliers$NonSerializableMemoizingSupplier::<init> (16 bytes)
Event: 46.489 Thread 0x0000020842db2420 nmethod 8705 0x0000020830d19790 code [0x0000020830d19960, 0x0000020830d19d90]
Event: 46.489 Thread 0x0000020842db2420 8708       3       java.util.TreeSet::iterator (15 bytes)
Event: 46.490 Thread 0x0000020842db2420 nmethod 8708 0x0000020830d19210 code [0x0000020830d193e0, 0x0000020830d19678]

GC Heap History (20 events):
Event: 43.830 GC heap before
{Heap before GC invocations=38 (full 1):
 garbage-first heap   total 65536K, used 59258K [0x00000000fc000000, 0x0000000100000000)
  region size 1024K, 6 young (6144K), 1 survivors (1024K)
 Metaspace       used 54702K, committed 56384K, reserved 131072K
  class space    used 7885K, committed 8640K, reserved 65536K
}
Event: 43.832 GC heap after
{Heap after GC invocations=39 (full 1):
 garbage-first heap   total 65536K, used 54882K [0x00000000fc000000, 0x0000000100000000)
  region size 1024K, 1 young (1024K), 1 survivors (1024K)
 Metaspace       used 54702K, committed 56384K, reserved 131072K
  class space    used 7885K, committed 8640K, reserved 65536K
}
Event: 43.975 GC heap before
{Heap before GC invocations=39 (full 1):
 garbage-first heap   total 65536K, used 60002K [0x00000000fc000000, 0x0000000100000000)
  region size 1024K, 6 young (6144K), 1 survivors (1024K)
 Metaspace       used 55074K, committed 56448K, reserved 131072K
  class space    used 7958K, committed 8640K, reserved 65536K
}
Event: 43.977 GC heap after
{Heap after GC invocations=40 (full 1):
 garbage-first heap   total 65536K, used 50162K [0x00000000fc000000, 0x0000000100000000)
  region size 1024K, 1 young (1024K), 1 survivors (1024K)
 Metaspace       used 55074K, committed 56448K, reserved 131072K
  class space    used 7958K, committed 8640K, reserved 65536K
}
Event: 44.193 GC heap before
{Heap before GC invocations=40 (full 1):
 garbage-first heap   total 65536K, used 60402K [0x00000000fc000000, 0x0000000100000000)
  region size 1024K, 11 young (11264K), 1 survivors (1024K)
 Metaspace       used 55806K, committed 57216K, reserved 131072K
  class space    used 8095K, committed 8768K, reserved 65536K
}
Event: 44.195 GC heap after
{Heap after GC invocations=41 (full 1):
 garbage-first heap   total 65536K, used 50990K [0x00000000fc000000, 0x0000000100000000)
  region size 1024K, 2 young (2048K), 2 survivors (2048K)
 Metaspace       used 55806K, committed 57216K, reserved 131072K
  class space    used 8095K, committed 8768K, reserved 65536K
}
Event: 44.485 GC heap before
{Heap before GC invocations=42 (full 1):
 garbage-first heap   total 65536K, used 60206K [0x00000000fc000000, 0x0000000100000000)
  region size 1024K, 11 young (11264K), 2 survivors (2048K)
 Metaspace       used 56717K, committed 58048K, reserved 131072K
  class space    used 8278K, committed 8896K, reserved 65536K
}
Event: 44.489 GC heap after
{Heap after GC invocations=43 (full 1):
 garbage-first heap   total 65536K, used 52004K [0x00000000fc000000, 0x0000000100000000)
  region size 1024K, 2 young (2048K), 2 survivors (2048K)
 Metaspace       used 56717K, committed 58048K, reserved 131072K
  class space    used 8278K, committed 8896K, reserved 65536K
}
Event: 44.750 GC heap before
{Heap before GC invocations=43 (full 1):
 garbage-first heap   total 65536K, used 59172K [0x00000000fc000000, 0x0000000100000000)
  region size 1024K, 10 young (10240K), 2 survivors (2048K)
 Metaspace       used 57765K, committed 59136K, reserved 131072K
  class space    used 8438K, committed 9088K, reserved 65536K
}
Event: 44.754 GC heap after
{Heap after GC invocations=44 (full 1):
 garbage-first heap   total 65536K, used 52075K [0x00000000fc000000, 0x0000000100000000)
  region size 1024K, 2 young (2048K), 2 survivors (2048K)
 Metaspace       used 57765K, committed 59136K, reserved 131072K
  class space    used 8438K, committed 9088K, reserved 65536K
}
Event: 45.653 GC heap before
{Heap before GC invocations=44 (full 1):
 garbage-first heap   total 65536K, used 60267K [0x00000000fc000000, 0x0000000100000000)
  region size 1024K, 10 young (10240K), 2 survivors (2048K)
 Metaspace       used 58606K, committed 59968K, reserved 131072K
  class space    used 8613K, committed 9280K, reserved 65536K
}
Event: 45.657 GC heap after
{Heap after GC invocations=45 (full 1):
 garbage-first heap   total 65536K, used 52769K [0x00000000fc000000, 0x0000000100000000)
  region size 1024K, 2 young (2048K), 2 survivors (2048K)
 Metaspace       used 58606K, committed 59968K, reserved 131072K
  class space    used 8613K, committed 9280K, reserved 65536K
}
Event: 45.936 GC heap before
{Heap before GC invocations=46 (full 1):
 garbage-first heap   total 65536K, used 58913K [0x00000000fc000000, 0x0000000100000000)
  region size 1024K, 9 young (9216K), 2 survivors (2048K)
 Metaspace       used 58895K, committed 60352K, reserved 131072K
  class space    used 8657K, committed 9344K, reserved 65536K
}
Event: 45.939 GC heap after
{Heap after GC invocations=47 (full 1):
 garbage-first heap   total 65536K, used 54008K [0x00000000fc000000, 0x0000000100000000)
  region size 1024K, 2 young (2048K), 2 survivors (2048K)
 Metaspace       used 58895K, committed 60352K, reserved 131072K
  class space    used 8657K, committed 9344K, reserved 65536K
}
Event: 46.232 GC heap before
{Heap before GC invocations=47 (full 1):
 garbage-first heap   total 65536K, used 60152K [0x00000000fc000000, 0x0000000100000000)
  region size 1024K, 8 young (8192K), 2 survivors (2048K)
 Metaspace       used 59070K, committed 60544K, reserved 131072K
  class space    used 8672K, committed 9344K, reserved 65536K
}
Event: 46.235 GC heap after
{Heap after GC invocations=48 (full 1):
 garbage-first heap   total 65536K, used 54738K [0x00000000fc000000, 0x0000000100000000)
  region size 1024K, 1 young (1024K), 1 survivors (1024K)
 Metaspace       used 59070K, committed 60544K, reserved 131072K
  class space    used 8672K, committed 9344K, reserved 65536K
}
Event: 46.320 GC heap before
{Heap before GC invocations=48 (full 1):
 garbage-first heap   total 65536K, used 59858K [0x00000000fc000000, 0x0000000100000000)
  region size 1024K, 6 young (6144K), 1 survivors (1024K)
 Metaspace       used 59292K, committed 60800K, reserved 131072K
  class space    used 8708K, committed 9408K, reserved 65536K
}
Event: 46.324 GC heap after
{Heap after GC invocations=49 (full 1):
 garbage-first heap   total 65536K, used 55507K [0x00000000fc000000, 0x0000000100000000)
  region size 1024K, 1 young (1024K), 1 survivors (1024K)
 Metaspace       used 59292K, committed 60800K, reserved 131072K
  class space    used 8708K, committed 9408K, reserved 65536K
}
Event: 46.430 GC heap before
{Heap before GC invocations=50 (full 1):
 garbage-first heap   total 65536K, used 59603K [0x00000000fc000000, 0x0000000100000000)
  region size 1024K, 5 young (5120K), 1 survivors (1024K)
 Metaspace       used 59321K, committed 60800K, reserved 131072K
  class space    used 8714K, committed 9408K, reserved 65536K
}
Event: 46.433 GC heap after
{Heap after GC invocations=51 (full 1):
 garbage-first heap   total 65536K, used 55940K [0x00000000fc000000, 0x0000000100000000)
  region size 1024K, 1 young (1024K), 1 survivors (1024K)
 Metaspace       used 59321K, committed 60800K, reserved 131072K
  class space    used 8714K, committed 9408K, reserved 65536K
}

Dll operation events (15 events):
Event: 0.014 Loaded shared library C:\Users\DELL\.jdks\ms-21.0.11\bin\java.dll
Event: 0.053 Loaded shared library C:\Users\DELL\.jdks\ms-21.0.11\bin\jsvml.dll
Event: 0.123 Loaded shared library C:\Users\DELL\.jdks\ms-21.0.11\bin\zip.dll
Event: 0.132 Loaded shared library C:\Users\DELL\.jdks\ms-21.0.11\bin\instrument.dll
Event: 0.140 Loaded shared library C:\Users\DELL\.jdks\ms-21.0.11\bin\net.dll
Event: 0.144 Loaded shared library C:\Users\DELL\.jdks\ms-21.0.11\bin\nio.dll
Event: 0.151 Loaded shared library C:\Users\DELL\.jdks\ms-21.0.11\bin\zip.dll
Event: 0.700 Loaded shared library C:\Users\DELL\.jdks\ms-21.0.11\bin\jimage.dll
Event: 0.871 Loaded shared library C:\Users\DELL\.jdks\ms-21.0.11\bin\verify.dll
Event: 1.132 Loaded shared library C:\Users\DELL\.gradle\native\c067742578af261105cb4f569cf0c3c89f3d7b1fecec35dd04571415982c5e48\windows-amd64\native-platform.dll
Event: 1.149 Loaded shared library C:\Users\DELL\.gradle\native\100fb08df4bc3b14c8652ba06237920a3bd2aa13389f12d3474272988ae205f9\windows-amd64\native-platform-file-events.dll
Event: 2.604 Loaded shared library C:\Users\DELL\.jdks\ms-21.0.11\bin\management.dll
Event: 2.610 Loaded shared library C:\Users\DELL\.jdks\ms-21.0.11\bin\management_ext.dll
Event: 3.154 Loaded shared library C:\Users\DELL\.jdks\ms-21.0.11\bin\extnet.dll
Event: 3.335 Loaded shared library C:\Users\DELL\.jdks\ms-21.0.11\bin\sunmscapi.dll

Deoptimization events (20 events):
Event: 46.406 Thread 0x000002084dd5ec50 Uncommon trap: trap_request=0xffffffc6 fr.pc=0x00000208388f6ff0 relative=0x00000000000003f0
Event: 46.406 Thread 0x000002084dd5ec50 Uncommon trap: reason=bimorphic_or_optimized_type_check action=maybe_recompile pc=0x00000208388f6ff0 method=org.codehaus.groovy.util.SingleKeyHashMap.get(Ljava/lang/Object;)Ljava/lang/Object; @ 1 c2
Event: 46.406 Thread 0x000002084dd5ec50 DEOPT PACKING pc=0x00000208388f6ff0 sp=0x000000a8762f8670
Event: 46.406 Thread 0x000002084dd5ec50 DEOPT UNPACKING pc=0x00000208380e4422 sp=0x000000a8762f8610 mode 2
Event: 46.406 Thread 0x000002084dd5ec50 Uncommon trap: trap_request=0xffffffc6 fr.pc=0x00000208388f6ff0 relative=0x00000000000003f0
Event: 46.406 Thread 0x000002084dd5ec50 Uncommon trap: reason=bimorphic_or_optimized_type_check action=maybe_recompile pc=0x00000208388f6ff0 method=org.codehaus.groovy.util.SingleKeyHashMap.get(Ljava/lang/Object;)Ljava/lang/Object; @ 1 c2
Event: 46.406 Thread 0x000002084dd5ec50 DEOPT PACKING pc=0x00000208388f6ff0 sp=0x000000a8762f8660
Event: 46.406 Thread 0x000002084dd5ec50 DEOPT UNPACKING pc=0x00000208380e4422 sp=0x000000a8762f8600 mode 2
Event: 46.444 Thread 0x000002084dd5ec50 Uncommon trap: trap_request=0xffffffc6 fr.pc=0x00000208388f6ff0 relative=0x00000000000003f0
Event: 46.444 Thread 0x000002084dd5ec50 Uncommon trap: reason=bimorphic_or_optimized_type_check action=maybe_recompile pc=0x00000208388f6ff0 method=org.codehaus.groovy.util.SingleKeyHashMap.get(Ljava/lang/Object;)Ljava/lang/Object; @ 1 c2
Event: 46.444 Thread 0x000002084dd5ec50 DEOPT PACKING pc=0x00000208388f6ff0 sp=0x000000a8762f86a0
Event: 46.444 Thread 0x000002084dd5ec50 DEOPT UNPACKING pc=0x00000208380e4422 sp=0x000000a8762f8640 mode 2
Event: 46.451 Thread 0x000002084dd5ec50 Uncommon trap: trap_request=0xffffff76 fr.pc=0x0000020838a30770 relative=0x0000000000000090
Event: 46.451 Thread 0x000002084dd5ec50 Uncommon trap: reason=predicate action=maybe_recompile pc=0x0000020838a30770 method=java.util.TimSort.binarySort([Ljava/lang/Object;IIILjava/util/Comparator;)V @ 34 c2
Event: 46.451 Thread 0x000002084dd5ec50 DEOPT PACKING pc=0x0000020838a30770 sp=0x000000a8762f9950
Event: 46.451 Thread 0x000002084dd5ec50 DEOPT UNPACKING pc=0x00000208380e4422 sp=0x000000a8762f9900 mode 2
Event: 46.469 Thread 0x000002084dd5ec50 Uncommon trap: trap_request=0xffffffc6 fr.pc=0x0000020838768600 relative=0x0000000000000e00
Event: 46.469 Thread 0x000002084dd5ec50 Uncommon trap: reason=bimorphic_or_optimized_type_check action=maybe_recompile pc=0x0000020838768600 method=java.util.HashMap.computeIfAbsent(Ljava/lang/Object;Ljava/util/function/Function;)Ljava/lang/Object; @ 142 c2
Event: 46.469 Thread 0x000002084dd5ec50 DEOPT PACKING pc=0x0000020838768600 sp=0x000000a8762f8930
Event: 46.469 Thread 0x000002084dd5ec50 DEOPT UNPACKING pc=0x00000208380e4422 sp=0x000000a8762f88f8 mode 2

Classes loaded (20 events):
Event: 44.474 Loading class java/util/stream/ReferencePipeline$4
Event: 44.474 Loading class java/util/stream/IntPipeline$StatelessOp
Event: 44.475 Loading class java/util/stream/IntPipeline$StatelessOp done
Event: 44.475 Loading class java/util/stream/ReferencePipeline$4 done
Event: 44.475 Loading class java/util/stream/ReduceOps$6
Event: 44.475 Loading class java/util/stream/ReduceOps$6 done
Event: 44.475 Loading class java/util/stream/ReduceOps$5ReducingSink
Event: 44.475 Loading class java/util/stream/ReduceOps$5ReducingSink done
Event: 44.475 Loading class java/util/stream/ReferencePipeline$4$1
Event: 44.475 Loading class java/util/stream/ReferencePipeline$4$1 done
Event: 44.550 Loading class java/util/concurrent/ConcurrentSkipListMap$KeySet
Event: 44.551 Loading class java/util/concurrent/ConcurrentSkipListMap$KeySet done
Event: 44.551 Loading class java/util/concurrent/ConcurrentSkipListMap$KeyIterator
Event: 44.551 Loading class java/util/concurrent/ConcurrentSkipListMap$KeyIterator done
Event: 46.222 Loading class java/util/AbstractList$RandomAccessSubList
Event: 46.222 Loading class java/util/AbstractList$SubList
Event: 46.222 Loading class java/util/AbstractList$SubList done
Event: 46.222 Loading class java/util/AbstractList$RandomAccessSubList done
Event: 46.222 Loading class java/util/AbstractList$SubList$1
Event: 46.222 Loading class java/util/AbstractList$SubList$1 done

Classes unloaded (20 events):
Event: 46.364 Thread 0x00000208284e6e10 Unloading class 0x0000020844718000 'java/lang/invoke/LambdaForm$MH+0x0000020844718000'
Event: 46.364 Thread 0x00000208284e6e10 Unloading class 0x0000020844716000 'java/lang/invoke/LambdaForm$MH+0x0000020844716000'
Event: 46.364 Thread 0x00000208284e6e10 Unloading class 0x0000020844715c00 'java/lang/invoke/LambdaForm$MH+0x0000020844715c00'
Event: 46.364 Thread 0x00000208284e6e10 Unloading class 0x0000020844714800 'java/lang/invoke/LambdaForm$MH+0x0000020844714800'
Event: 46.364 Thread 0x00000208284e6e10 Unloading class 0x0000020844714400 'java/lang/invoke/LambdaForm$MH+0x0000020844714400'
Event: 46.364 Thread 0x00000208284e6e10 Unloading class 0x0000020844712000 'java/lang/invoke/LambdaForm$MH+0x0000020844712000'
Event: 46.364 Thread 0x00000208284e6e10 Unloading class 0x0000020844711c00 'java/lang/invoke/LambdaForm$MH+0x0000020844711c00'
Event: 46.364 Thread 0x00000208284e6e10 Unloading class 0x0000020844711000 'java/lang/invoke/LambdaForm$MH+0x0000020844711000'
Event: 46.364 Thread 0x00000208284e6e10 Unloading class 0x0000020844710c00 'java/lang/invoke/LambdaForm$MH+0x0000020844710c00'
Event: 46.364 Thread 0x00000208284e6e10 Unloading class 0x000002084470f000 'java/lang/invoke/LambdaForm$MH+0x000002084470f000'
Event: 46.364 Thread 0x00000208284e6e10 Unloading class 0x000002084470ec00 'java/lang/invoke/LambdaForm$MH+0x000002084470ec00'
Event: 46.364 Thread 0x00000208284e6e10 Unloading class 0x000002084470e000 'java/lang/invoke/LambdaForm$MH+0x000002084470e000'
Event: 46.364 Thread 0x00000208284e6e10 Unloading class 0x000002084470dc00 'java/lang/invoke/LambdaForm$MH+0x000002084470dc00'
Event: 46.364 Thread 0x00000208284e6e10 Unloading class 0x000002084470c000 'java/lang/invoke/LambdaForm$MH+0x000002084470c000'
Event: 46.364 Thread 0x00000208284e6e10 Unloading class 0x000002084470bc00 'java/lang/invoke/LambdaForm$MH+0x000002084470bc00'
Event: 46.364 Thread 0x00000208284e6e10 Unloading class 0x000002084470a400 'java/lang/invoke/LambdaForm$MH+0x000002084470a400'
Event: 46.364 Thread 0x00000208284e6e10 Unloading class 0x000002084470a000 'java/lang/invoke/LambdaForm$MH+0x000002084470a000'
Event: 46.364 Thread 0x00000208284e6e10 Unloading class 0x0000020844708400 'java/lang/invoke/LambdaForm$MH+0x0000020844708400'
Event: 46.364 Thread 0x00000208284e6e10 Unloading class 0x0000020844708000 'java/lang/invoke/LambdaForm$MH+0x0000020844708000'
Event: 46.364 Thread 0x00000208284e6e10 Unloading class 0x000002084436d800 'java/lang/invoke/LambdaForm$MH+0x000002084436d800'

Classes redefined (0 events):
No events

Internal exceptions (20 events):
Event: 46.280 Thread 0x000002084dd5ec50 Exception <a 'java/lang/ClassNotFoundException'{0x00000000ffd5a098}: org/gradle/api/tasks/Sync_DecoratedBeanInfo> (0x00000000ffd5a098) 
thrown [s\src\hotspot\share\classfile\systemDictionary.cpp, line 313]
Event: 46.280 Thread 0x000002084dd5ec50 Exception <a 'java/lang/ClassNotFoundException'{0x00000000ffd63b00}: org/gradle/api/tasks/SyncBeanInfo> (0x00000000ffd63b00) 
thrown [s\src\hotspot\share\classfile\systemDictionary.cpp, line 313]
Event: 46.281 Thread 0x000002084dd5ec50 Exception <a 'java/lang/ClassNotFoundException'{0x00000000ffd6d278}: org/gradle/api/tasks/SyncCustomizer> (0x00000000ffd6d278) 
thrown [s\src\hotspot\share\classfile\systemDictionary.cpp, line 313]
Event: 46.283 Thread 0x000002084dd5ec50 Exception <a 'java/lang/ClassNotFoundException'{0x00000000ffd8fb10}: org/gradle/api/tasks/Sync_DecoratedCustomizer> (0x00000000ffd8fb10) 
thrown [s\src\hotspot\share\classfile\systemDictionary.cpp, line 313]
Event: 46.420 Thread 0x000002084dd5ec50 Exception <a 'java/lang/ClassNotFoundException'{0x00000000ffda4260}: org/gradle/api/tasks/bundling/War_DecoratedBeanInfo> (0x00000000ffda4260) 
thrown [s\src\hotspot\share\classfile\systemDictionary.cpp, line 313]
Event: 46.420 Thread 0x000002084dd5ec50 Exception <a 'java/lang/ClassNotFoundException'{0x00000000ffdb0248}: org/gradle/api/tasks/bundling/WarBeanInfo> (0x00000000ffdb0248) 
thrown [s\src\hotspot\share\classfile\systemDictionary.cpp, line 313]
Event: 46.421 Thread 0x000002084dd5ec50 Exception <a 'java/lang/ClassNotFoundException'{0x00000000ffdbcc78}: org/gradle/api/tasks/bundling/JarBeanInfo> (0x00000000ffdbcc78) 
thrown [s\src\hotspot\share\classfile\systemDictionary.cpp, line 313]
Event: 46.421 Thread 0x000002084dd5ec50 Exception <a 'java/lang/ClassNotFoundException'{0x00000000ffdc9208}: org/gradle/jvm/tasks/JarBeanInfo> (0x00000000ffdc9208) 
thrown [s\src\hotspot\share\classfile\systemDictionary.cpp, line 313]
Event: 46.421 Thread 0x000002084dd5ec50 Exception <a 'java/lang/ClassNotFoundException'{0x00000000ffdd3d98}: org/gradle/api/tasks/bundling/ZipBeanInfo> (0x00000000ffdd3d98) 
thrown [s\src\hotspot\share\classfile\systemDictionary.cpp, line 313]
Event: 46.422 Thread 0x000002084dd5ec50 Exception <a 'java/lang/ClassNotFoundException'{0x00000000ffdde908}: org/gradle/api/tasks/bundling/AbstractArchiveTaskBeanInfo> (0x00000000ffdde908) 
thrown [s\src\hotspot\share\classfile\systemDictionary.cpp, line 313]
Event: 46.422 Thread 0x000002084dd5ec50 Exception <a 'java/lang/ClassNotFoundException'{0x00000000ffde9740}: org/gradle/api/tasks/bundling/AbstractArchiveTaskCustomizer> (0x00000000ffde9740) 
thrown [s\src\hotspot\share\classfile\systemDictionary.cpp, line 313]
Event: 46.423 Thread 0x000002084dd5ec50 Exception <a 'java/lang/ClassNotFoundException'{0x00000000ffc20428}: org/gradle/api/tasks/bundling/ZipCustomizer> (0x00000000ffc20428) 
thrown [s\src\hotspot\share\classfile\systemDictionary.cpp, line 313]
Event: 46.424 Thread 0x000002084dd5ec50 Exception <a 'java/lang/ClassNotFoundException'{0x00000000ffc4a978}: org/gradle/jvm/tasks/JarCustomizer> (0x00000000ffc4a978) 
thrown [s\src\hotspot\share\classfile\systemDictionary.cpp, line 313]
Event: 46.426 Thread 0x000002084dd5ec50 Exception <a 'java/lang/ClassNotFoundException'{0x00000000ffc7c058}: org/gradle/api/tasks/bundling/JarCustomizer> (0x00000000ffc7c058) 
thrown [s\src\hotspot\share\classfile\systemDictionary.cpp, line 313]
Event: 46.428 Thread 0x000002084dd5ec50 Exception <a 'java/lang/ClassNotFoundException'{0x00000000ffca6d48}: org/gradle/api/tasks/bundling/WarCustomizer> (0x00000000ffca6d48) 
thrown [s\src\hotspot\share\classfile\systemDictionary.cpp, line 313]
Event: 46.430 Thread 0x000002084dd5ec50 Exception <a 'java/lang/ClassNotFoundException'{0x00000000ffcdcc08}: org/gradle/api/tasks/bundling/War_DecoratedCustomizer> (0x00000000ffcdcc08) 
thrown [s\src\hotspot\share\classfile\systemDictionary.cpp, line 313]
Event: 46.439 Thread 0x000002084dd5ec50 Exception <a 'java/lang/ClassNotFoundException'{0x00000000fffdc5a8}: org/gradle/api/internal/provider/DefaultPropertyBeanInfo> (0x00000000fffdc5a8) 
thrown [s\src\hotspot\share\classfile\systemDictionary.cpp, line 313]
Event: 46.440 Thread 0x000002084dd5ec50 Exception <a 'java/lang/ClassNotFoundException'{0x00000000fffe63b0}: org/gradle/api/internal/provider/AbstractPropertyBeanInfo> (0x00000000fffe63b0) 
thrown [s\src\hotspot\share\classfile\systemDictionary.cpp, line 313]
Event: 46.440 Thread 0x000002084dd5ec50 Exception <a 'java/lang/ClassNotFoundException'{0x00000000fffefed0}: org/gradle/api/internal/provider/AbstractPropertyCustomizer> (0x00000000fffefed0) 
thrown [s\src\hotspot\share\classfile\systemDictionary.cpp, line 313]
Event: 46.441 Thread 0x000002084dd5ec50 Exception <a 'java/lang/ClassNotFoundException'{0x00000000ffe15390}: org/gradle/api/internal/provider/DefaultPropertyCustomizer> (0x00000000ffe15390) 
thrown [s\src\hotspot\share\classfile\systemDictionary.cpp, line 313]

ZGC Phase Switch (0 events):
No events

VM Operations (20 events):
Event: 44.949 Executing non-safepoint VM operation: HandshakeAllThreads (Deoptimize) done
Event: 45.653 Executing safepoint VM operation: G1CollectForAllocation (G1 Evacuation Pause)
Event: 45.657 Executing safepoint VM operation: G1CollectForAllocation (G1 Evacuation Pause) done
Event: 45.688 Executing safepoint VM operation: G1PauseRemark
Event: 45.693 Executing safepoint VM operation: G1PauseRemark done
Event: 45.708 Executing safepoint VM operation: G1PauseCleanup
Event: 45.708 Executing safepoint VM operation: G1PauseCleanup done
Event: 45.936 Executing safepoint VM operation: G1CollectForAllocation (G1 Evacuation Pause)
Event: 45.939 Executing safepoint VM operation: G1CollectForAllocation (G1 Evacuation Pause) done
Event: 46.232 Executing safepoint VM operation: G1CollectForAllocation (G1 Evacuation Pause)
Event: 46.235 Executing safepoint VM operation: G1CollectForAllocation (G1 Evacuation Pause) done
Event: 46.320 Executing safepoint VM operation: G1CollectForAllocation (G1 Evacuation Pause)
Event: 46.324 Executing safepoint VM operation: G1CollectForAllocation (G1 Evacuation Pause) done
Event: 46.363 Executing safepoint VM operation: G1PauseRemark
Event: 46.374 Executing safepoint VM operation: G1PauseRemark done
Event: 46.405 Executing safepoint VM operation: G1PauseCleanup
Event: 46.405 Executing safepoint VM operation: G1PauseCleanup done
Event: 46.430 Executing safepoint VM operation: G1CollectForAllocation (G1 Evacuation Pause)
Event: 46.433 Executing safepoint VM operation: G1CollectForAllocation (G1 Evacuation Pause) done
Event: 47.440 Executing safepoint VM operation: Cleanup

Memory protections (0 events):
No events

Nmethod flushes (20 events):
Event: 46.373 Thread 0x00000208284e6e10 flushing  nmethod 0x0000020831603310
Event: 46.373 Thread 0x00000208284e6e10 flushing  nmethod 0x00000208316cd990
Event: 46.373 Thread 0x00000208284e6e10 flushing  nmethod 0x0000020830bcd210
Event: 46.373 Thread 0x00000208284e6e10 flushing  nmethod 0x0000020830de2390
Event: 46.373 Thread 0x00000208284e6e10 flushing  nmethod 0x00000208311c4c10
Event: 46.373 Thread 0x00000208284e6e10 flushing  nmethod 0x00000208312bc410
Event: 46.373 Thread 0x00000208284e6e10 flushing  nmethod 0x00000208312cf110
Event: 46.373 Thread 0x00000208284e6e10 flushing  nmethod 0x00000208313eb790
Event: 46.373 Thread 0x00000208284e6e10 flushing  nmethod 0x0000020831428290
Event: 46.373 Thread 0x00000208284e6e10 flushing  nmethod 0x000002083144c010
Event: 46.373 Thread 0x00000208284e6e10 flushing  nmethod 0x0000020831593f90
Event: 46.373 Thread 0x00000208284e6e10 flushing  nmethod 0x0000020831594690
Event: 46.373 Thread 0x00000208284e6e10 flushing  nmethod 0x00000208317d2210
Event: 46.373 Thread 0x00000208284e6e10 flushing  nmethod 0x00000208317d3c90
Event: 46.373 Thread 0x00000208284e6e10 flushing  nmethod 0x00000208311d4c10
Event: 46.373 Thread 0x00000208284e6e10 flushing  nmethod 0x0000020830bf5c10
Event: 46.373 Thread 0x00000208284e6e10 flushing  nmethod 0x0000020830d18010
Event: 46.373 Thread 0x00000208284e6e10 flushing  nmethod 0x0000020830ed0c10
Event: 46.373 Thread 0x00000208284e6e10 flushing  nmethod 0x0000020830ef3590
Event: 46.373 Thread 0x00000208284e6e10 flushing  nmethod 0x00000208310dc410

Events (20 events):
Event: 46.043 Thread 0x000002084dd5ec50 Thread added: 0x000002085210bd50
Event: 46.043 Thread 0x000002084dd5ec50 Thread added: 0x000002085210a9a0
Event: 46.044 Thread 0x000002084dd5ec50 Thread added: 0x000002085210f1d0
Event: 46.044 Thread 0x000002084dd5ec50 Thread added: 0x000002085210c3e0
Event: 46.045 Thread 0x000002084dd5ec50 Thread added: 0x0000020852110c10
Event: 46.046 Thread 0x000002084dd5ec50 Thread added: 0x0000020852110580
Event: 46.046 Thread 0x000002084dd5ec50 Thread added: 0x000002085210fef0
Event: 46.160 Thread 0x000002084dd5ec50 Thread added: 0x000002084fcb5bf0
Event: 46.484 Thread 0x000002084dd5ec50 Thread added: 0x000002084fcb4840
Event: 46.484 Thread 0x000002084fcb4840 Thread added: 0x000002084fcb6280
Event: 46.485 Thread 0x000002084fcb4840 Thread added: 0x000002084fcb6910
Event: 46.485 Thread 0x000002084fcb4840 Thread added: 0x000002084fcb6fa0
Event: 46.485 Thread 0x000002084fcb4840 Thread added: 0x000002084fcb4ed0
Event: 46.485 Thread 0x000002084fcb4840 Thread added: 0x000002084fcb5560
Event: 46.485 Thread 0x000002084fcb4840 Thread added: 0x000002084fcb3b20
Event: 46.485 Thread 0x000002084fcb4840 Thread added: 0x000002085220fd80
Event: 46.485 Thread 0x000002084fcb4840 Thread added: 0x00000208522117c0
Event: 46.486 Thread 0x000002084fcb4840 Thread added: 0x000002085220e9d0
Event: 46.486 Thread 0x000002084fcb4840 Thread added: 0x000002084dd5be60
Event: 46.486 Thread 0x000002084fcb4840 Thread added: 0x000002084dd5cb80


Dynamic libraries:
0x00007ff67fae0000 - 0x00007ff67faee000 	C:\Users\DELL\.jdks\ms-21.0.11\bin\java.exe
0x00007ffc40780000 - 0x00007ffc409e7000 	C:\WINDOWS\SYSTEM32\ntdll.dll
0x00007ffc3f4c0000 - 0x00007ffc3f589000 	C:\WINDOWS\System32\KERNEL32.DLL
0x00007ffc3d1b0000 - 0x00007ffc3d5a7000 	C:\WINDOWS\System32\KERNELBASE.dll
0x00007ffc3d7f0000 - 0x00007ffc3d93b000 	C:\WINDOWS\System32\ucrtbase.dll
0x00007ffc2d670000 - 0x00007ffc2d68e000 	C:\Users\DELL\.jdks\ms-21.0.11\bin\VCRUNTIME140.dll
0x00007ffc34290000 - 0x00007ffc342a8000 	C:\Users\DELL\.jdks\ms-21.0.11\bin\jli.dll
0x00007ffc3f5a0000 - 0x00007ffc3f766000 	C:\WINDOWS\System32\USER32.dll
0x00007ffc1f230000 - 0x00007ffc1f4c2000 	C:\WINDOWS\WinSxS\amd64_microsoft.windows.common-controls_6595b64144ccf1df_6.0.26100.8457_none_3e0b2faee331e92d\COMCTL32.dll
0x00007ffc3dc60000 - 0x00007ffc3dc87000 	C:\WINDOWS\System32\win32u.dll
0x00007ffc3f480000 - 0x00007ffc3f4ab000 	C:\WINDOWS\System32\GDI32.dll
0x00007ffc40650000 - 0x00007ffc406f9000 	C:\WINDOWS\System32\msvcrt.dll
0x00007ffc3da80000 - 0x00007ffc3dbac000 	C:\WINDOWS\System32\gdi32full.dll
0x00007ffc3dbb0000 - 0x00007ffc3dc53000 	C:\WINDOWS\System32\msvcp_win.dll
0x00007ffc40700000 - 0x00007ffc40732000 	C:\WINDOWS\System32\IMM32.DLL
0x00007ffc34280000 - 0x00007ffc3428c000 	C:\Users\DELL\.jdks\ms-21.0.11\bin\vcruntime140_1.dll
0x00007ffc1dcc0000 - 0x00007ffc1dd49000 	C:\Users\DELL\.jdks\ms-21.0.11\bin\msvcp140.dll
0x00007ffb729f0000 - 0x00007ffb7379e000 	C:\Users\DELL\.jdks\ms-21.0.11\bin\server\jvm.dll
0x00007ffc3f190000 - 0x00007ffc3f246000 	C:\WINDOWS\System32\ADVAPI32.dll
0x00007ffc3e750000 - 0x00007ffc3e7f7000 	C:\WINDOWS\System32\sechost.dll
0x00007ffc3f250000 - 0x00007ffc3f368000 	C:\WINDOWS\System32\RPCRT4.dll
0x00007ffc3fa00000 - 0x00007ffc3fa80000 	C:\WINDOWS\System32\WS2_32.dll
0x00007ffc291b0000 - 0x00007ffc291bb000 	C:\WINDOWS\SYSTEM32\VERSION.dll
0x00007ffc3bdd0000 - 0x00007ffc3be2e000 	C:\WINDOWS\SYSTEM32\POWRPROF.dll
0x00007ffc34700000 - 0x00007ffc34736000 	C:\WINDOWS\SYSTEM32\WINMM.dll
0x00007ffc3bdb0000 - 0x00007ffc3bdc4000 	C:\WINDOWS\SYSTEM32\UMPDC.dll
0x00007ffc3c060000 - 0x00007ffc3c07b000 	C:\WINDOWS\SYSTEM32\kernel.appcore.dll
0x00007ffc2cb20000 - 0x00007ffc2cb2a000 	C:\Users\DELL\.jdks\ms-21.0.11\bin\jimage.dll
0x00007ffc3b0c0000 - 0x00007ffc3b302000 	C:\WINDOWS\SYSTEM32\DBGHELP.DLL
0x00007ffc3fa90000 - 0x00007ffc3fe13000 	C:\WINDOWS\System32\combase.dll
0x00007ffc3f920000 - 0x00007ffc3f9f9000 	C:\WINDOWS\System32\OLEAUT32.dll
0x00007ffc1fb50000 - 0x00007ffc1fb8b000 	C:\WINDOWS\SYSTEM32\dbgcore.DLL
0x00007ffc3d940000 - 0x00007ffc3d9e8000 	C:\WINDOWS\System32\bcryptPrimitives.dll
0x00007ffc3a290000 - 0x00007ffc3a2a0000 	C:\Users\DELL\.jdks\ms-21.0.11\bin\instrument.dll
0x00007ffc25510000 - 0x00007ffc25531000 	C:\Users\DELL\.jdks\ms-21.0.11\bin\java.dll
0x00007ffc3e870000 - 0x00007ffc3efde000 	C:\WINDOWS\System32\SHELL32.dll
0x00007ffc3dc90000 - 0x00007ffc3e4fc000 	C:\WINDOWS\System32\windows.storage.dll
0x00007ffc3f380000 - 0x00007ffc3f476000 	C:\WINDOWS\System32\SHCORE.dll
0x00007ffc3e800000 - 0x00007ffc3e866000 	C:\WINDOWS\System32\shlwapi.dll
0x00007ffc3d0d0000 - 0x00007ffc3d0f9000 	C:\WINDOWS\SYSTEM32\profapi.dll
0x00007ffc117b0000 - 0x00007ffc11886000 	C:\Users\DELL\.jdks\ms-21.0.11\bin\jsvml.dll
0x00007ffc2c890000 - 0x00007ffc2c8a8000 	C:\Users\DELL\.jdks\ms-21.0.11\bin\zip.dll
0x00007ffc1e6d0000 - 0x00007ffc1e6e1000 	C:\Users\DELL\.jdks\ms-21.0.11\bin\net.dll
0x00007ffc2d980000 - 0x00007ffc2daa9000 	C:\WINDOWS\SYSTEM32\WINHTTP.dll
0x00007ffc3c5d0000 - 0x00007ffc3c63c000 	C:\WINDOWS\system32\mswsock.dll
0x00007ffc1e6b0000 - 0x00007ffc1e6c6000 	C:\Users\DELL\.jdks\ms-21.0.11\bin\nio.dll
0x00007ffc3a280000 - 0x00007ffc3a290000 	C:\Users\DELL\.jdks\ms-21.0.11\bin\verify.dll
0x00007ffc1e1f0000 - 0x00007ffc1e217000 	C:\Users\DELL\.gradle\native\c067742578af261105cb4f569cf0c3c89f3d7b1fecec35dd04571415982c5e48\windows-amd64\native-platform.dll
0x00007ffbce4b0000 - 0x00007ffbce5f4000 	C:\Users\DELL\.gradle\native\100fb08df4bc3b14c8652ba06237920a3bd2aa13389f12d3474272988ae205f9\windows-amd64\native-platform-file-events.dll
0x00007ffc1efa0000 - 0x00007ffc1efaa000 	C:\Users\DELL\.jdks\ms-21.0.11\bin\management.dll
0x00007ffc1e6a0000 - 0x00007ffc1e6ac000 	C:\Users\DELL\.jdks\ms-21.0.11\bin\management_ext.dll
0x00007ffc3f370000 - 0x00007ffc3f378000 	C:\WINDOWS\System32\PSAPI.DLL
0x00007ffc3c8b0000 - 0x00007ffc3c8cb000 	C:\WINDOWS\SYSTEM32\CRYPTSP.dll
0x00007ffc3bfc0000 - 0x00007ffc3bff9000 	C:\WINDOWS\system32\rsaenh.dll
0x00007ffc3c680000 - 0x00007ffc3c6b3000 	C:\WINDOWS\SYSTEM32\USERENV.dll
0x00007ffc3d0a0000 - 0x00007ffc3d0ca000 	C:\WINDOWS\SYSTEM32\bcrypt.dll
0x00007ffc3c8d0000 - 0x00007ffc3c8dc000 	C:\WINDOWS\SYSTEM32\CRYPTBASE.dll
0x00007ffc3ba90000 - 0x00007ffc3bac2000 	C:\WINDOWS\SYSTEM32\IPHLPAPI.DLL
0x00007ffc40640000 - 0x00007ffc4064a000 	C:\WINDOWS\System32\NSI.dll
0x00007ffc1e690000 - 0x00007ffc1e699000 	C:\Users\DELL\.jdks\ms-21.0.11\bin\extnet.dll
0x00007ffc1e680000 - 0x00007ffc1e68e000 	C:\Users\DELL\.jdks\ms-21.0.11\bin\sunmscapi.dll
0x00007ffc3d5b0000 - 0x00007ffc3d728000 	C:\WINDOWS\System32\CRYPT32.dll
0x00007ffc3cad0000 - 0x00007ffc3cb00000 	C:\WINDOWS\SYSTEM32\ncrypt.dll
0x00007ffc3ca80000 - 0x00007ffc3cabf000 	C:\WINDOWS\SYSTEM32\NTASN1.dll
0x00007ffc03580000 - 0x00007ffc03588000 	C:\WINDOWS\system32\wshunix.dll

JVMTI agents:
C:\Users\DELL\.gradle\wrapper\dists\gradle-8.8-bin\dl7vupf4psengwqhwktix4v1\gradle-8.8\lib\agents\gradle-instrumentation-agent-8.8.jar path:C:\Users\DELL\.jdks\ms-21.0.11\bin\instrument.dll, loaded, initialized, instrumentlib options:none

dbghelp: loaded successfully - version: 4.0.5 - missing functions: none
symbol engine: initialized successfully - sym options: 0x614 - pdb path: .;C:\Users\DELL\.jdks\ms-21.0.11\bin;C:\WINDOWS\SYSTEM32;C:\WINDOWS\WinSxS\amd64_microsoft.windows.common-controls_6595b64144ccf1df_6.0.26100.8457_none_3e0b2faee331e92d;C:\Users\DELL\.jdks\ms-21.0.11\bin\server;C:\Users\DELL\.gradle\native\c067742578af261105cb4f569cf0c3c89f3d7b1fecec35dd04571415982c5e48\windows-amd64;C:\Users\DELL\.gradle\native\100fb08df4bc3b14c8652ba06237920a3bd2aa13389f12d3474272988ae205f9\windows-amd64

VM Arguments:
jvm_args: -XX:MaxMetaspaceSize=64m --add-opens=java.base/java.util=ALL-UNNAMED --add-opens=java.base/java.lang=ALL-UNNAMED --add-opens=java.base/java.lang.invoke=ALL-UNNAMED --add-opens=java.prefs/java.util.prefs=ALL-UNNAMED --add-opens=java.base/java.nio.charset=ALL-UNNAMED --add-opens=java.base/java.net=ALL-UNNAMED --add-opens=java.base/java.util.concurrent.atomic=ALL-UNNAMED -Xms64m -Xmx64m -Dfile.encoding=UTF-8 -Duser.country -Duser.language=en -Duser.variant -javaagent:C:\Users\DELL\.gradle\wrapper\dists\gradle-8.8-bin\dl7vupf4psengwqhwktix4v1\gradle-8.8\lib\agents\gradle-instrumentation-agent-8.8.jar 
java_command: org.gradle.launcher.daemon.bootstrap.GradleDaemon 8.8
java_class_path (initial): C:\Users\DELL\.gradle\wrapper\dists\gradle-8.8-bin\dl7vupf4psengwqhwktix4v1\gradle-8.8\lib\gradle-launcher-8.8.jar
Launcher Type: SUN_STANDARD

[Global flags]
     intx CICompilerCount                          = 4                                         {product} {ergonomic}
   size_t CompressedClassSpaceSize                 = 67108864                                  {product} {ergonomic}
     uint ConcGCThreads                            = 3                                         {product} {ergonomic}
     uint G1ConcRefinementThreads                  = 10                                        {product} {ergonomic}
   size_t G1HeapRegionSize                         = 1048576                                   {product} {ergonomic}
    uintx GCDrainStackTargetSize                   = 64                                        {product} {ergonomic}
   size_t InitialHeapSize                          = 67108864                                  {product} {command line}
   size_t MarkStackSize                            = 4194304                                   {product} {ergonomic}
   size_t MaxHeapSize                              = 67108864                                  {product} {command line}
   size_t MaxMetaspaceSize                         = 67108864                                  {product} {command line}
   size_t MaxNewSize                               = 39845888                                  {product} {ergonomic}
   size_t MinHeapDeltaBytes                        = 1048576                                   {product} {ergonomic}
   size_t MinHeapSize                              = 67108864                                  {product} {command line}
    uintx NonNMethodCodeHeapSize                   = 5839372                                {pd product} {ergonomic}
    uintx NonProfiledCodeHeapSize                  = 122909434                              {pd product} {ergonomic}
    uintx ProfiledCodeHeapSize                     = 122909434                              {pd product} {ergonomic}
    uintx ReservedCodeCacheSize                    = 251658240                              {pd product} {ergonomic}
     bool SegmentedCodeCache                       = true                                      {product} {ergonomic}
   size_t SoftMaxHeapSize                          = 67108864                               {manageable} {ergonomic}
     bool UseCompressedOops                        = true                           {product lp64_product} {ergonomic}
     bool UseG1GC                                  = true                                      {product} {ergonomic}
     bool UseLargePagesIndividualAllocation        = false                                  {pd product} {ergonomic}

Logging:
Log output configuration:
 #0: stdout all=warning uptime,level,tags foldmultilines=false
 #1: stderr all=off uptime,level,tags foldmultilines=false

Release file:
IMPLEMENTOR="Microsoft" 
IMPLEMENTOR_VERSION="Microsoft-13877171" 
JAVA_RUNTIME_VERSION="21.0.11+10-LTS" 
JAVA_VERSION="21.0.11" 
JAVA_VERSION_DATE="2026-04-21" 
LIBC="default" 
MODULES="java.base java.compiler java.datatransfer java.xml java.prefs java.desktop java.instrument java.logging java.management java.security.sasl java.naming java.rmi java.management.rmi java.net.http java.scripting java.security.jgss java.transaction.xa java.sql java.sql.rowset java.xml.crypto java.se java.smartcardio jdk.accessibility jdk.internal.jvmstat jdk.attach jdk.charsets jdk.internal.opt jdk.zipfs jdk.compiler jdk.crypto.ec jdk.crypto.cryptoki jdk.crypto.mscapi jdk.dynalink jdk.internal.ed jdk.editpad jdk.hotspot.agent jdk.httpserver jdk.incubator.vector jdk.internal.le jdk.internal.vm.ci jdk.internal.vm.compiler jdk.internal.vm.compiler.management jdk.jartool jdk.javadoc jdk.jcmd jdk.management jdk.management.agent jdk.jconsole jdk.jdeps jdk.jdwp.agent jdk.jdi jdk.jfr jdk.jlink jdk.jpackage jdk.jshell jdk.jsobject jdk.jstatd jdk.localedata jdk.management.jfr jdk.naming.dns jdk.naming.rmi jdk.net jdk.nio.mapmode jdk.random jdk.sctp jdk.security.auth jdk.security.jgss jdk.unsupported jdk.unsupported.desktop jdk.xml.dom" 
OS_ARCH="x86_64" 
OS_NAME="Windows" 
SOURCE=".:git:87e312d67249" 

Environment Variables:
PATH=C:\WINDOWS\system32;C:\WINDOWS;C:\WINDOWS\System32\Wbem;C:\WINDOWS\System32\WindowsPowerShell\v1.0\;C:\WINDOWS\System32\OpenSSH\;C:\Program Files\dotnet\;C:\Program Files\Git\cmd;D:\;C:\Program Files\MySQL\MySQL Shell 8.0\bin\;C:\Users\DELL\AppData\Local\Microsoft\WindowsApps;C:\Users\DELL\AppData\Local\Programs\Microsoft VS Code\bin;;C:\Users\DELL\.local\bin;C:\Users\DELL\AppData\Roaming\npm
USERNAME=DELL
OS=Windows_NT
PROCESSOR_IDENTIFIER=Intel64 Family 6 Model 186 Stepping 3, GenuineIntel
TMP=C:\Users\DELL\AppData\Local\Temp
TEMP=C:\Users\DELL\AppData\Local\Temp




Periodic native trim disabled

---------------  S Y S T E M  ---------------

OS:
 Windows 11 , 64 bit Build 26100 (10.0.26100.8328)
OS uptime: 0 days 9:59 hours

CPU: total 12 (initial active 12) (12 cores per cpu, 1 threads per core) family 6 model 186 stepping 3 microcode 0x6134, cx8, cmov, fxsr, mmx, 3dnowpref, sse, sse2, sse3, ssse3, sse4.1, sse4.2, popcnt, lzcnt, tsc, tscinvbit, avx, avx2, aes, erms, clmul, bmi1, bmi2, adx, sha, fma, vzeroupper, clflush, clflushopt, clwb, serialize, rdtscp, rdpid, fsrm, f16c, pku, cet_ibt, cet_ss
Processor Information for processor 0
  Max Mhz: 1700, Current Mhz: 1700, Mhz Limit: 1700
Processor Information for processor 1
  Max Mhz: 1700, Current Mhz: 1700, Mhz Limit: 1700
Processor Information for processor 2
  Max Mhz: 1700, Current Mhz: 1700, Mhz Limit: 1700
Processor Information for processor 3
  Max Mhz: 1700, Current Mhz: 1700, Mhz Limit: 1700
Processor Information for processor 4
  Max Mhz: 1700, Current Mhz: 1700, Mhz Limit: 1700
Processor Information for processor 5
  Max Mhz: 1700, Current Mhz: 1700, Mhz Limit: 1700
Processor Information for processor 6
  Max Mhz: 1700, Current Mhz: 1700, Mhz Limit: 1700
Processor Information for processor 7
  Max Mhz: 1700, Current Mhz: 1700, Mhz Limit: 1700
Processor Information for processor 8
  Max Mhz: 1700, Current Mhz: 1700, Mhz Limit: 1700
Processor Information for processor 9
  Max Mhz: 1700, Current Mhz: 1558, Mhz Limit: 1700
Processor Information for processor 10
  Max Mhz: 1700, Current Mhz: 1700, Mhz Limit: 1700
Processor Information for processor 11
  Max Mhz: 1700, Current Mhz: 1700, Mhz Limit: 1700

Memory: 4k page, system-wide physical 16068M (1470M free)
TotalPageFile size 18972M (AvailPageFile size 3M)
current process WorkingSet (physical memory assigned to process): 272M, peak: 272M
current process commit charge ("private bytes"): 313M, peak: 315M

vm_info: OpenJDK 64-Bit Server VM (21.0.11+10-LTS) for windows-amd64 JRE (21.0.11+10-LTS), built on 2026-04-18T18:13:49Z by "MicrosoftCorporation" with MS VC++ 17.14 (VS2022)

END.
