#
# There is insufficient memory for the Java Runtime Environment to continue.
# Native memory allocation (malloc) failed to allocate 208416 bytes. Error detail: Chunk::new
# Possible reasons:
#   The system is out of physical RAM or swap space
#   This process is running with CompressedOops enabled, and the Java Heap may be blocking the growth of the native heap
# Possible solutions:
#   Reduce memory load on the system
#   Increase physical memory or swap space
#   Check if swap backing store is full
#   Decrease Java heap size (-Xmx/-Xms)
#   Decrease number of Java threads
#   Decrease Java thread stack sizes (-Xss)
#   Set larger code cache with -XX:ReservedCodeCacheSize=
#   JVM is running with Unscaled Compressed Oops mode in which the Java heap is
#     placed in the first 4GB address space. The Java Heap base address is the
#     maximum limit for the native heap growth. Please use -XX:HeapBaseMinAddress
#     to set the Java Heap base and to place the Java Heap above 4GB virtual address.
# This output file may be truncated or incomplete.
#
#  Out of Memory Error (arena.cpp:168), pid=12268, tid=6380
#
# JRE version: OpenJDK Runtime Environment Microsoft-11933218 (21.0.8+9) (build 21.0.8+9-LTS)
# Java VM: OpenJDK 64-Bit Server VM Microsoft-11933218 (21.0.8+9-LTS, mixed mode, sharing, tiered, compressed oops, compressed class ptrs, g1 gc, windows-amd64)
# No core dump will be written. Minidumps are not enabled by default on client versions of Windows
#

---------------  S U M M A R Y ------------

Command Line: --add-opens=java.base/java.util=ALL-UNNAMED --add-opens=java.base/java.lang=ALL-UNNAMED --add-opens=java.base/java.lang.invoke=ALL-UNNAMED --add-opens=java.prefs/java.util.prefs=ALL-UNNAMED --add-opens=java.base/java.nio.charset=ALL-UNNAMED --add-opens=java.base/java.net=ALL-UNNAMED --add-opens=java.base/java.util.concurrent.atomic=ALL-UNNAMED -XX:MaxMetaspaceSize=384m -XX:+HeapDumpOnOutOfMemoryError -Xms256m -Xmx512m -Dfile.encoding=UTF-8 -Duser.country -Duser.language=en -Duser.variant -javaagent:C:\Users\DELL\.gradle\wrapper\dists\gradle-8.8-bin\dl7vupf4psengwqhwktix4v1\gradle-8.8\lib\agents\gradle-instrumentation-agent-8.8.jar org.gradle.launcher.daemon.bootstrap.GradleDaemon 8.8

Host: 13th Gen Intel(R) Core(TM) i7-1355U, 12 cores, 15G,  Windows 11 , 64 bit Build 26100 (10.0.26100.8328)
Time: Wed May 20 09:48:47 2026 SE Asia Standard Time elapsed time: 66.850600 seconds (0d 0h 1m 6s)

---------------  T H R E A D  ---------------

Current thread (0x00000203feff8f20):  JavaThread "C2 CompilerThread0" daemon [_thread_in_native, id=6380, stack(0x0000006a2a600000,0x0000006a2a700000) (1024K)]


Current CompileTask:
C2:66850 8519       4       java.io.DataInputStream::readUTF (501 bytes)

Stack: [0x0000006a2a600000,0x0000006a2a700000]
Native frames: (J=compiled Java code, j=interpreted, Vv=VM code, C=native code)
V  [jvm.dll+0x6e1729]
V  [jvm.dll+0x8bf47b]
V  [jvm.dll+0x8c19aa]
V  [jvm.dll+0x8c2083]
V  [jvm.dll+0x289fd6]
V  [jvm.dll+0xc903d]
V  [jvm.dll+0xc958c]
V  [jvm.dll+0x30113e]
V  [jvm.dll+0x608897]
V  [jvm.dll+0x25af97]
V  [jvm.dll+0x25b36d]
V  [jvm.dll+0x253c69]
V  [jvm.dll+0x251171]
V  [jvm.dll+0x1d18bf]
V  [jvm.dll+0x260f4a]
V  [jvm.dll+0x25f2b5]
V  [jvm.dll+0x40151d]
V  [jvm.dll+0x86975d]
V  [jvm.dll+0x6dff2d]
C  [ucrtbase.dll+0x37b0]
C  [KERNEL32.DLL+0x2e957]
C  [ntdll.dll+0x427c]


---------------  P R O C E S S  ---------------

Threads class SMR info:
_java_thread_list=0x00000203af17ce40, length=42, elements={
0x00000203f29380e0, 0x00000203fefbbf50, 0x00000203fefc2090, 0x00000203fefc4900,
0x00000203fefc5350, 0x00000203fefc6910, 0x00000203fefcc880, 0x00000203feff8f20,
0x00000203fefffed0, 0x00000203ff0c8540, 0x00000203ff1ef420, 0x00000203ff886370,
0x00000203aae82aa0, 0x00000203ff5cd5a0, 0x00000203aa3a5f30, 0x00000203ab00ecd0,
0x00000203aa77e760, 0x00000203aa77edf0, 0x00000203aa780830, 0x00000203aa77f480,
0x00000203aa781550, 0x00000203ac2f36e0, 0x00000203ac2f3050, 0x00000203ac2f5120,
0x00000203ac2f6b60, 0x00000203acb2e820, 0x00000203acb2eeb0, 0x00000203aaaca790,
0x00000203aaacb4b0, 0x00000203aa2b8100, 0x00000203aa2b8e20, 0x00000203aa2bc2a0,
0x00000203aa2bc930, 0x00000203ad453be0, 0x00000203ad455620, 0x00000203ad455cb0,
0x00000203ac395230, 0x00000203ac392ad0, 0x00000203ac38fce0, 0x00000203ac391db0,
0x00000203ac391720, 0x00000203ac392440
}

Java Threads: ( => current thread )
  0x00000203f29380e0 JavaThread "main"                              [_thread_blocked, id=7340, stack(0x0000006a29800000,0x0000006a29900000) (1024K)]
  0x00000203fefbbf50 JavaThread "Reference Handler"          daemon [_thread_blocked, id=12380, stack(0x0000006a2a000000,0x0000006a2a100000) (1024K)]
  0x00000203fefc2090 JavaThread "Finalizer"                  daemon [_thread_blocked, id=17812, stack(0x0000006a2a100000,0x0000006a2a200000) (1024K)]
  0x00000203fefc4900 JavaThread "Signal Dispatcher"          daemon [_thread_blocked, id=24344, stack(0x0000006a2a200000,0x0000006a2a300000) (1024K)]
  0x00000203fefc5350 JavaThread "Attach Listener"            daemon [_thread_blocked, id=10016, stack(0x0000006a2a300000,0x0000006a2a400000) (1024K)]
  0x00000203fefc6910 JavaThread "Service Thread"             daemon [_thread_blocked, id=6908, stack(0x0000006a2a400000,0x0000006a2a500000) (1024K)]
  0x00000203fefcc880 JavaThread "Monitor Deflation Thread"   daemon [_thread_blocked, id=10500, stack(0x0000006a2a500000,0x0000006a2a600000) (1024K)]
=>0x00000203feff8f20 JavaThread "C2 CompilerThread0"         daemon [_thread_in_native, id=6380, stack(0x0000006a2a600000,0x0000006a2a700000) (1024K)]
  0x00000203fefffed0 JavaThread "C1 CompilerThread0"         daemon [_thread_blocked, id=5836, stack(0x0000006a2a700000,0x0000006a2a800000) (1024K)]
  0x00000203ff0c8540 JavaThread "Common-Cleaner"             daemon [_thread_blocked, id=14192, stack(0x0000006a2a800000,0x0000006a2a900000) (1024K)]
  0x00000203ff1ef420 JavaThread "Notification Thread"        daemon [_thread_blocked, id=1324, stack(0x0000006a2a900000,0x0000006a2aa00000) (1024K)]
  0x00000203ff886370 JavaThread "Daemon health stats"               [_thread_blocked, id=2364, stack(0x0000006a2af00000,0x0000006a2b000000) (1024K)]
  0x00000203aae82aa0 JavaThread "Incoming local TCP Connector on port 49292"        [_thread_in_native, id=25236, stack(0x0000006a2b000000,0x0000006a2b100000) (1024K)]
  0x00000203ff5cd5a0 JavaThread "Daemon periodic checks"            [_thread_blocked, id=9852, stack(0x0000006a2b100000,0x0000006a2b200000) (1024K)]
  0x00000203aa3a5f30 JavaThread "Daemon"                            [_thread_blocked, id=12200, stack(0x0000006a2b300000,0x0000006a2b400000) (1024K)]
  0x00000203ab00ecd0 JavaThread "Daemon worker"                     [_thread_in_Java, id=23568, stack(0x0000006a2b600000,0x0000006a2b700000) (1024K)]
  0x00000203aa77e760 JavaThread "Cache worker for journal cache (C:\Users\DELL\.gradle\caches\journal-1)"        [_thread_blocked, id=25216, stack(0x0000006a2ba00000,0x0000006a2bb00000) (1024K)]
  0x00000203aa77edf0 JavaThread "File lock request listener"        [_thread_in_native, id=12060, stack(0x0000006a2bb00000,0x0000006a2bc00000) (1024K)]
  0x00000203aa780830 JavaThread "Cache worker for file hash cache (C:\Users\DELL\.gradle\caches\8.8\fileHashes)"        [_thread_blocked, id=4168, stack(0x0000006a2bc00000,0x0000006a2bd00000) (1024K)]
  0x00000203aa77f480 JavaThread "File watcher server"        daemon [_thread_in_native, id=5208, stack(0x0000006a2c500000,0x0000006a2c600000) (1024K)]
  0x00000203aa781550 JavaThread "File watcher consumer"      daemon [_thread_blocked, id=14992, stack(0x0000006a2c600000,0x0000006a2c700000) (1024K)]
  0x00000203ac2f36e0 JavaThread "Cache worker for file content cache (C:\Users\DELL\.gradle\caches\8.8\fileContent)"        [_thread_blocked, id=24772, stack(0x0000006a2c700000,0x0000006a2c800000) (1024K)]
  0x00000203ac2f3050 JavaThread "jar transforms"                    [_thread_blocked, id=6164, stack(0x0000006a2ca00000,0x0000006a2cb00000) (1024K)]
  0x00000203ac2f5120 JavaThread "jar transforms Thread 2"           [_thread_blocked, id=1244, stack(0x0000006a2cb00000,0x0000006a2cc00000) (1024K)]
  0x00000203ac2f6b60 JavaThread "jar transforms Thread 3"           [_thread_blocked, id=5424, stack(0x0000006a2cd00000,0x0000006a2ce00000) (1024K)]
  0x00000203acb2e820 JavaThread "jar transforms Thread 4"           [_thread_blocked, id=4520, stack(0x0000006a2e200000,0x0000006a2e300000) (1024K)]
  0x00000203acb2eeb0 JavaThread "jar transforms Thread 5"           [_thread_blocked, id=2940, stack(0x0000006a2e300000,0x0000006a2e400000) (1024K)]
  0x00000203aaaca790 JavaThread "jar transforms Thread 6"           [_thread_blocked, id=23380, stack(0x0000006a2ef00000,0x0000006a2f000000) (1024K)]
  0x00000203aaacb4b0 JavaThread "jar transforms Thread 7"           [_thread_blocked, id=17444, stack(0x0000006a2f000000,0x0000006a2f100000) (1024K)]
  0x00000203aa2b8100 JavaThread "jar transforms Thread 8"           [_thread_blocked, id=18136, stack(0x0000006a2fc00000,0x0000006a2fd00000) (1024K)]
  0x00000203aa2b8e20 JavaThread "jar transforms Thread 9"           [_thread_blocked, id=22232, stack(0x0000006a2fd00000,0x0000006a2fe00000) (1024K)]
  0x00000203aa2bc2a0 JavaThread "jar transforms Thread 10"          [_thread_blocked, id=18428, stack(0x0000006a30900000,0x0000006a30a00000) (1024K)]
  0x00000203aa2bc930 JavaThread "jar transforms Thread 11"          [_thread_blocked, id=12368, stack(0x0000006a30a00000,0x0000006a30b00000) (1024K)]
  0x00000203ad453be0 JavaThread "jar transforms Thread 12"          [_thread_blocked, id=8532, stack(0x0000006a31700000,0x0000006a31800000) (1024K)]
  0x00000203ad455620 JavaThread "Memory manager"                    [_thread_blocked, id=14616, stack(0x0000006a31900000,0x0000006a31a00000) (1024K)]
  0x00000203ad455cb0 JavaThread "included builds"                   [_thread_blocked, id=17824, stack(0x0000006a31b00000,0x0000006a31c00000) (1024K)]
  0x00000203ac395230 JavaThread "Cache worker for Java compile cache (C:\Users\DELL\.gradle\caches\8.8\javaCompile)"        [_thread_blocked, id=11780, stack(0x0000006a32a00000,0x0000006a32b00000) (1024K)]
  0x00000203ac392ad0 JavaThread "VFS cleanup"                       [_thread_blocked, id=17872, stack(0x0000006a29600000,0x0000006a29700000) (1024K)]
  0x00000203ac38fce0 JavaThread "Handler for socket connection from /127.0.0.1:49292 to /127.0.0.1:51578"        [_thread_in_native, id=5236, stack(0x0000006a2b400000,0x0000006a2b500000) (1024K)]
  0x00000203ac391db0 JavaThread "Cancel handler"                    [_thread_blocked, id=6764, stack(0x0000006a2b500000,0x0000006a2b600000) (1024K)]
  0x00000203ac391720 JavaThread "Asynchronous log dispatcher for DefaultDaemonConnection: socket connection from /127.0.0.1:49292 to /127.0.0.1:51578"        [_thread_blocked, id=8332, stack(0x0000006a2b700000,0x0000006a2b800000) (1024K)]
  0x00000203ac392440 JavaThread "Stdin handler"                     [_thread_new, id=9328, stack(0x0000000000000000,0x0000000000000000) (0B)]
Total: 42

Other Threads:
  0x00000203fefa0700 VMThread "VM Thread"                           [id=24512, stack(0x0000006a29f00000,0x0000006a2a000000) (1024K)]
  0x00000203fef8ea40 WatcherThread "VM Periodic Task Thread"        [id=23916, stack(0x0000006a29e00000,0x0000006a29f00000) (1024K)]
  0x00000203f4cfdae0 WorkerThread "GC Thread#0"                     [id=11136, stack(0x0000006a29900000,0x0000006a29a00000) (1024K)]
  0x00000203ff29e5e0 WorkerThread "GC Thread#1"                     [id=17356, stack(0x0000006a2aa00000,0x0000006a2ab00000) (1024K)]
  0x00000203ff29e980 WorkerThread "GC Thread#2"                     [id=4152, stack(0x0000006a2ab00000,0x0000006a2ac00000) (1024K)]
  0x00000203ff29ed20 WorkerThread "GC Thread#3"                     [id=17516, stack(0x0000006a2ac00000,0x0000006a2ad00000) (1024K)]
  0x00000203ff29f0c0 WorkerThread "GC Thread#4"                     [id=25096, stack(0x0000006a2ad00000,0x0000006a2ae00000) (1024K)]
  0x00000203ff9a1370 WorkerThread "GC Thread#5"                     [id=20136, stack(0x0000006a2ae00000,0x0000006a2af00000) (1024K)]
  0x00000203ad7f97f0 WorkerThread "GC Thread#6"                     [id=16592, stack(0x0000006a2be00000,0x0000006a2bf00000) (1024K)]
  0x00000203ad7faa10 WorkerThread "GC Thread#7"                     [id=21972, stack(0x0000006a2bf00000,0x0000006a2c000000) (1024K)]
  0x00000203ad7fadb0 WorkerThread "GC Thread#8"                     [id=21160, stack(0x0000006a2c000000,0x0000006a2c100000) (1024K)]
  0x00000203ad7fa2d0 WorkerThread "GC Thread#9"                     [id=11228, stack(0x0000006a2c100000,0x0000006a2c200000) (1024K)]
  0x00000203f4d009b0 ConcurrentGCThread "G1 Main Marker"            [id=24156, stack(0x0000006a29a00000,0x0000006a29b00000) (1024K)]
  0x00000203f29fd230 WorkerThread "G1 Conc#0"                       [id=12304, stack(0x0000006a29b00000,0x0000006a29c00000) (1024K)]
  0x00000203ad7fa670 WorkerThread "G1 Conc#1"                       [id=10032, stack(0x0000006a2c200000,0x0000006a2c300000) (1024K)]
  0x00000203ad7fb150 WorkerThread "G1 Conc#2"                       [id=19196, stack(0x0000006a2c300000,0x0000006a2c400000) (1024K)]
  0x00000203fee619d0 ConcurrentGCThread "G1 Refine#0"               [id=16636, stack(0x0000006a29c00000,0x0000006a29d00000) (1024K)]
  0x00000203fee622f0 ConcurrentGCThread "G1 Service"                [id=3040, stack(0x0000006a29d00000,0x0000006a29e00000) (1024K)]
Total: 18

Threads with active compile tasks:
C2 CompilerThread0  66883 8519       4       java.io.DataInputStream::readUTF (501 bytes)
Total: 1

VM state: not at safepoint (normal execution)

VM Mutex/Monitor currently owned by a thread: None

Heap address: 0x00000000e0000000, size: 512 MB, Compressed Oops mode: 32-bit

CDS archive(s) mapped at: [0x0000020391000000-0x0000020391c80000-0x0000020391c80000), size 13107200, SharedBaseAddress: 0x0000020391000000, ArchiveRelocationMode: 1.
Compressed class space mapped at: 0x0000020392000000-0x00000203a6000000, reserved size: 335544320
Narrow klass base: 0x0000020391000000, Narrow klass shift: 0, Narrow klass range: 0x100000000

GC Precious Log:
 CardTable entry size: 512
 Card Set container configuration: InlinePtr #cards 5 size 8 Array Of Cards #cards 12 size 40 Howl #buckets 4 coarsen threshold 1843 Howl Bitmap #cards 512 size 80 coarsen threshold 460 Card regions per heap region 1 cards per card region 2048
 CPUs: 12 total, 12 available
 Memory: 16068M
 Large Page Support: Disabled
 NUMA Support: Disabled
 Compressed Oops: Enabled (32-bit)
 Heap Region Size: 1M
 Heap Min Capacity: 256M
 Heap Initial Capacity: 256M
 Heap Max Capacity: 512M
 Pre-touch: Disabled
 Parallel Workers: 10
 Concurrent Workers: 3
 Concurrent Refinement Workers: 10
 Periodic GC: Disabled

Heap:
 garbage-first heap   total 262144K, used 114115K [0x00000000e0000000, 0x0000000100000000)
  region size 1024K, 71 young (72704K), 11 survivors (11264K)
 Metaspace       used 69337K, committed 71360K, reserved 393216K
  class space    used 10091K, committed 11072K, reserved 327680K

Heap Regions: E=young(eden), S=young(survivor), O=old, HS=humongous(starts), HC=humongous(continues), CS=collection set, F=free, TAMS=top-at-mark-start, PB=parsable bottom
|   0|0x00000000e0000000, 0x00000000e0100000, 0x00000000e0100000|100%|HS|  |TAMS 0x00000000e0000000| PB 0x00000000e0000000| Complete 
|   1|0x00000000e0100000, 0x00000000e0200000, 0x00000000e0200000|100%|HC|  |TAMS 0x00000000e0100000| PB 0x00000000e0100000| Complete 
|   2|0x00000000e0200000, 0x00000000e0300000, 0x00000000e0300000|100%|HC|  |TAMS 0x00000000e0200000| PB 0x00000000e0200000| Complete 
|   3|0x00000000e0300000, 0x00000000e0400000, 0x00000000e0400000|100%|HC|  |TAMS 0x00000000e0300000| PB 0x00000000e0300000| Complete 
|   4|0x00000000e0400000, 0x00000000e0500000, 0x00000000e0500000|100%| O|  |TAMS 0x00000000e0400000| PB 0x00000000e0400000| Untracked 
|   5|0x00000000e0500000, 0x00000000e0600000, 0x00000000e0600000|100%| O|  |TAMS 0x00000000e0500000| PB 0x00000000e0500000| Untracked 
|   6|0x00000000e0600000, 0x00000000e0700000, 0x00000000e0700000|100%| O|  |TAMS 0x00000000e0600000| PB 0x00000000e0600000| Untracked 
|   7|0x00000000e0700000, 0x00000000e0800000, 0x00000000e0800000|100%| O|  |TAMS 0x00000000e0700000| PB 0x00000000e0700000| Untracked 
|   8|0x00000000e0800000, 0x00000000e0900000, 0x00000000e0900000|100%| O|  |TAMS 0x00000000e0800000| PB 0x00000000e0800000| Untracked 
|   9|0x00000000e0900000, 0x00000000e0a00000, 0x00000000e0a00000|100%| O|  |TAMS 0x00000000e0900000| PB 0x00000000e0900000| Untracked 
|  10|0x00000000e0a00000, 0x00000000e0b00000, 0x00000000e0b00000|100%| O|  |TAMS 0x00000000e0a00000| PB 0x00000000e0a00000| Untracked 
|  11|0x00000000e0b00000, 0x00000000e0c00000, 0x00000000e0c00000|100%|HS|  |TAMS 0x00000000e0b00000| PB 0x00000000e0b00000| Complete 
|  12|0x00000000e0c00000, 0x00000000e0d00000, 0x00000000e0d00000|100%| O|  |TAMS 0x00000000e0c00000| PB 0x00000000e0c00000| Untracked 
|  13|0x00000000e0d00000, 0x00000000e0e00000, 0x00000000e0e00000|100%| O|  |TAMS 0x00000000e0d00000| PB 0x00000000e0d00000| Untracked 
|  14|0x00000000e0e00000, 0x00000000e0f00000, 0x00000000e0f00000|100%| O|  |TAMS 0x00000000e0e00000| PB 0x00000000e0e00000| Untracked 
|  15|0x00000000e0f00000, 0x00000000e1000000, 0x00000000e1000000|100%| O|  |TAMS 0x00000000e0f00000| PB 0x00000000e0f00000| Untracked 
|  16|0x00000000e1000000, 0x00000000e1100000, 0x00000000e1100000|100%| O|  |TAMS 0x00000000e1000000| PB 0x00000000e1000000| Untracked 
|  17|0x00000000e1100000, 0x00000000e1200000, 0x00000000e1200000|100%| O|  |TAMS 0x00000000e1100000| PB 0x00000000e1100000| Untracked 
|  18|0x00000000e1200000, 0x00000000e1300000, 0x00000000e1300000|100%| O|  |TAMS 0x00000000e1200000| PB 0x00000000e1200000| Untracked 
|  19|0x00000000e1300000, 0x00000000e1400000, 0x00000000e1400000|100%| O|  |TAMS 0x00000000e1300000| PB 0x00000000e1300000| Untracked 
|  20|0x00000000e1400000, 0x00000000e1500000, 0x00000000e1500000|100%| O|  |TAMS 0x00000000e1400000| PB 0x00000000e1400000| Untracked 
|  21|0x00000000e1500000, 0x00000000e1600000, 0x00000000e1600000|100%| O|  |TAMS 0x00000000e1500000| PB 0x00000000e1500000| Untracked 
|  22|0x00000000e1600000, 0x00000000e1700000, 0x00000000e1700000|100%| O|  |TAMS 0x00000000e1600000| PB 0x00000000e1600000| Untracked 
|  23|0x00000000e1700000, 0x00000000e1800000, 0x00000000e1800000|100%| O|  |TAMS 0x00000000e1700000| PB 0x00000000e1700000| Untracked 
|  24|0x00000000e1800000, 0x00000000e1900000, 0x00000000e1900000|100%| O|  |TAMS 0x00000000e1800000| PB 0x00000000e1800000| Untracked 
|  25|0x00000000e1900000, 0x00000000e1a00000, 0x00000000e1a00000|100%| O|  |TAMS 0x00000000e1900000| PB 0x00000000e1900000| Untracked 
|  26|0x00000000e1a00000, 0x00000000e1b00000, 0x00000000e1b00000|100%| O|  |TAMS 0x00000000e1a00000| PB 0x00000000e1a00000| Untracked 
|  27|0x00000000e1b00000, 0x00000000e1c00000, 0x00000000e1c00000|100%| O|  |TAMS 0x00000000e1b00000| PB 0x00000000e1b00000| Untracked 
|  28|0x00000000e1c00000, 0x00000000e1d00000, 0x00000000e1d00000|100%| O|  |TAMS 0x00000000e1c00000| PB 0x00000000e1c00000| Untracked 
|  29|0x00000000e1d00000, 0x00000000e1e00000, 0x00000000e1e00000|100%| O|  |TAMS 0x00000000e1d00000| PB 0x00000000e1d00000| Untracked 
|  30|0x00000000e1e00000, 0x00000000e1f00000, 0x00000000e1f00000|100%| O|  |TAMS 0x00000000e1e00000| PB 0x00000000e1e00000| Untracked 
|  31|0x00000000e1f00000, 0x00000000e2000000, 0x00000000e2000000|100%| O|Cm|TAMS 0x00000000e1f00000| PB 0x00000000e1f00000| Complete 
|  32|0x00000000e2000000, 0x00000000e2100000, 0x00000000e2100000|100%| O|  |TAMS 0x00000000e2000000| PB 0x00000000e2000000| Untracked 
|  33|0x00000000e2100000, 0x00000000e2200000, 0x00000000e2200000|100%| O|  |TAMS 0x00000000e2100000| PB 0x00000000e2100000| Untracked 
|  34|0x00000000e2200000, 0x00000000e2300000, 0x00000000e2300000|100%| O|  |TAMS 0x00000000e2200000| PB 0x00000000e2200000| Untracked 
|  35|0x00000000e2300000, 0x00000000e2400000, 0x00000000e2400000|100%| O|  |TAMS 0x00000000e2300000| PB 0x00000000e2300000| Untracked 
|  36|0x00000000e2400000, 0x00000000e2500000, 0x00000000e2500000|100%| O|  |TAMS 0x00000000e2400000| PB 0x00000000e2400000| Untracked 
|  37|0x00000000e2500000, 0x00000000e2600000, 0x00000000e2600000|100%| O|  |TAMS 0x00000000e2500000| PB 0x00000000e2500000| Untracked 
|  38|0x00000000e2600000, 0x00000000e2700000, 0x00000000e2700000|100%| O|  |TAMS 0x00000000e2600000| PB 0x00000000e2600000| Untracked 
|  39|0x00000000e2700000, 0x00000000e2800000, 0x00000000e2800000|100%| O|  |TAMS 0x00000000e2700000| PB 0x00000000e2700000| Untracked 
|  40|0x00000000e2800000, 0x00000000e2900000, 0x00000000e2900000|100%| O|  |TAMS 0x00000000e2800000| PB 0x00000000e2800000| Untracked 
|  41|0x00000000e2900000, 0x00000000e2a00000, 0x00000000e2a00000|100%| O|  |TAMS 0x00000000e2900000| PB 0x00000000e2900000| Untracked 
|  42|0x00000000e2a00000, 0x00000000e2af0ff0, 0x00000000e2b00000| 94%| O|  |TAMS 0x00000000e2a00000| PB 0x00000000e2a00000| Untracked 
|  43|0x00000000e2b00000, 0x00000000e2b00000, 0x00000000e2c00000|  0%| F|  |TAMS 0x00000000e2b00000| PB 0x00000000e2b00000| Untracked 
|  44|0x00000000e2c00000, 0x00000000e2c00000, 0x00000000e2d00000|  0%| F|  |TAMS 0x00000000e2c00000| PB 0x00000000e2c00000| Untracked 
|  45|0x00000000e2d00000, 0x00000000e2d00000, 0x00000000e2e00000|  0%| F|  |TAMS 0x00000000e2d00000| PB 0x00000000e2d00000| Untracked 
|  46|0x00000000e2e00000, 0x00000000e2e00000, 0x00000000e2f00000|  0%| F|  |TAMS 0x00000000e2e00000| PB 0x00000000e2e00000| Untracked 
|  47|0x00000000e2f00000, 0x00000000e2f00000, 0x00000000e3000000|  0%| F|  |TAMS 0x00000000e2f00000| PB 0x00000000e2f00000| Untracked 
|  48|0x00000000e3000000, 0x00000000e3000000, 0x00000000e3100000|  0%| F|  |TAMS 0x00000000e3000000| PB 0x00000000e3000000| Untracked 
|  49|0x00000000e3100000, 0x00000000e3100000, 0x00000000e3200000|  0%| F|  |TAMS 0x00000000e3100000| PB 0x00000000e3100000| Untracked 
|  50|0x00000000e3200000, 0x00000000e3200000, 0x00000000e3300000|  0%| F|  |TAMS 0x00000000e3200000| PB 0x00000000e3200000| Untracked 
|  51|0x00000000e3300000, 0x00000000e3300000, 0x00000000e3400000|  0%| F|  |TAMS 0x00000000e3300000| PB 0x00000000e3300000| Untracked 
|  52|0x00000000e3400000, 0x00000000e3400000, 0x00000000e3500000|  0%| F|  |TAMS 0x00000000e3400000| PB 0x00000000e3400000| Untracked 
|  53|0x00000000e3500000, 0x00000000e3500000, 0x00000000e3600000|  0%| F|  |TAMS 0x00000000e3500000| PB 0x00000000e3500000| Untracked 
|  54|0x00000000e3600000, 0x00000000e3600000, 0x00000000e3700000|  0%| F|  |TAMS 0x00000000e3600000| PB 0x00000000e3600000| Untracked 
|  55|0x00000000e3700000, 0x00000000e3700000, 0x00000000e3800000|  0%| F|  |TAMS 0x00000000e3700000| PB 0x00000000e3700000| Untracked 
|  56|0x00000000e3800000, 0x00000000e3800000, 0x00000000e3900000|  0%| F|  |TAMS 0x00000000e3800000| PB 0x00000000e3800000| Untracked 
|  57|0x00000000e3900000, 0x00000000e3900000, 0x00000000e3a00000|  0%| F|  |TAMS 0x00000000e3900000| PB 0x00000000e3900000| Untracked 
|  58|0x00000000e3a00000, 0x00000000e3a00000, 0x00000000e3b00000|  0%| F|  |TAMS 0x00000000e3a00000| PB 0x00000000e3a00000| Untracked 
|  59|0x00000000e3b00000, 0x00000000e3b00000, 0x00000000e3c00000|  0%| F|  |TAMS 0x00000000e3b00000| PB 0x00000000e3b00000| Untracked 
|  60|0x00000000e3c00000, 0x00000000e3c00000, 0x00000000e3d00000|  0%| F|  |TAMS 0x00000000e3c00000| PB 0x00000000e3c00000| Untracked 
|  61|0x00000000e3d00000, 0x00000000e3d00000, 0x00000000e3e00000|  0%| F|  |TAMS 0x00000000e3d00000| PB 0x00000000e3d00000| Untracked 
|  62|0x00000000e3e00000, 0x00000000e3e00000, 0x00000000e3f00000|  0%| F|  |TAMS 0x00000000e3e00000| PB 0x00000000e3e00000| Untracked 
|  63|0x00000000e3f00000, 0x00000000e3f00000, 0x00000000e4000000|  0%| F|  |TAMS 0x00000000e3f00000| PB 0x00000000e3f00000| Untracked 
|  64|0x00000000e4000000, 0x00000000e4000000, 0x00000000e4100000|  0%| F|  |TAMS 0x00000000e4000000| PB 0x00000000e4000000| Untracked 
|  65|0x00000000e4100000, 0x00000000e4100000, 0x00000000e4200000|  0%| F|  |TAMS 0x00000000e4100000| PB 0x00000000e4100000| Untracked 
|  66|0x00000000e4200000, 0x00000000e4200000, 0x00000000e4300000|  0%| F|  |TAMS 0x00000000e4200000| PB 0x00000000e4200000| Untracked 
|  67|0x00000000e4300000, 0x00000000e4300000, 0x00000000e4400000|  0%| F|  |TAMS 0x00000000e4300000| PB 0x00000000e4300000| Untracked 
|  68|0x00000000e4400000, 0x00000000e4400000, 0x00000000e4500000|  0%| F|  |TAMS 0x00000000e4400000| PB 0x00000000e4400000| Untracked 
|  69|0x00000000e4500000, 0x00000000e4500000, 0x00000000e4600000|  0%| F|  |TAMS 0x00000000e4500000| PB 0x00000000e4500000| Untracked 
|  70|0x00000000e4600000, 0x00000000e4600000, 0x00000000e4700000|  0%| F|  |TAMS 0x00000000e4600000| PB 0x00000000e4600000| Untracked 
|  71|0x00000000e4700000, 0x00000000e4700000, 0x00000000e4800000|  0%| F|  |TAMS 0x00000000e4700000| PB 0x00000000e4700000| Untracked 
|  72|0x00000000e4800000, 0x00000000e4800000, 0x00000000e4900000|  0%| F|  |TAMS 0x00000000e4800000| PB 0x00000000e4800000| Untracked 
|  73|0x00000000e4900000, 0x00000000e4900000, 0x00000000e4a00000|  0%| F|  |TAMS 0x00000000e4900000| PB 0x00000000e4900000| Untracked 
|  74|0x00000000e4a00000, 0x00000000e4a00000, 0x00000000e4b00000|  0%| F|  |TAMS 0x00000000e4a00000| PB 0x00000000e4a00000| Untracked 
|  75|0x00000000e4b00000, 0x00000000e4b00000, 0x00000000e4c00000|  0%| F|  |TAMS 0x00000000e4b00000| PB 0x00000000e4b00000| Untracked 
|  76|0x00000000e4c00000, 0x00000000e4c00000, 0x00000000e4d00000|  0%| F|  |TAMS 0x00000000e4c00000| PB 0x00000000e4c00000| Untracked 
|  77|0x00000000e4d00000, 0x00000000e4d00000, 0x00000000e4e00000|  0%| F|  |TAMS 0x00000000e4d00000| PB 0x00000000e4d00000| Untracked 
|  78|0x00000000e4e00000, 0x00000000e4e00000, 0x00000000e4f00000|  0%| F|  |TAMS 0x00000000e4e00000| PB 0x00000000e4e00000| Untracked 
|  79|0x00000000e4f00000, 0x00000000e4f00000, 0x00000000e5000000|  0%| F|  |TAMS 0x00000000e4f00000| PB 0x00000000e4f00000| Untracked 
|  80|0x00000000e5000000, 0x00000000e5000000, 0x00000000e5100000|  0%| F|  |TAMS 0x00000000e5000000| PB 0x00000000e5000000| Untracked 
|  81|0x00000000e5100000, 0x00000000e5100000, 0x00000000e5200000|  0%| F|  |TAMS 0x00000000e5100000| PB 0x00000000e5100000| Untracked 
|  82|0x00000000e5200000, 0x00000000e5200000, 0x00000000e5300000|  0%| F|  |TAMS 0x00000000e5200000| PB 0x00000000e5200000| Untracked 
|  83|0x00000000e5300000, 0x00000000e5300000, 0x00000000e5400000|  0%| F|  |TAMS 0x00000000e5300000| PB 0x00000000e5300000| Untracked 
|  84|0x00000000e5400000, 0x00000000e5400000, 0x00000000e5500000|  0%| F|  |TAMS 0x00000000e5400000| PB 0x00000000e5400000| Untracked 
|  85|0x00000000e5500000, 0x00000000e5500000, 0x00000000e5600000|  0%| F|  |TAMS 0x00000000e5500000| PB 0x00000000e5500000| Untracked 
|  86|0x00000000e5600000, 0x00000000e5600000, 0x00000000e5700000|  0%| F|  |TAMS 0x00000000e5600000| PB 0x00000000e5600000| Untracked 
|  87|0x00000000e5700000, 0x00000000e5700000, 0x00000000e5800000|  0%| F|  |TAMS 0x00000000e5700000| PB 0x00000000e5700000| Untracked 
|  88|0x00000000e5800000, 0x00000000e5800000, 0x00000000e5900000|  0%| F|  |TAMS 0x00000000e5800000| PB 0x00000000e5800000| Untracked 
|  89|0x00000000e5900000, 0x00000000e5900000, 0x00000000e5a00000|  0%| F|  |TAMS 0x00000000e5900000| PB 0x00000000e5900000| Untracked 
|  90|0x00000000e5a00000, 0x00000000e5a00000, 0x00000000e5b00000|  0%| F|  |TAMS 0x00000000e5a00000| PB 0x00000000e5a00000| Untracked 
|  91|0x00000000e5b00000, 0x00000000e5b00000, 0x00000000e5c00000|  0%| F|  |TAMS 0x00000000e5b00000| PB 0x00000000e5b00000| Untracked 
|  92|0x00000000e5c00000, 0x00000000e5c00000, 0x00000000e5d00000|  0%| F|  |TAMS 0x00000000e5c00000| PB 0x00000000e5c00000| Untracked 
|  93|0x00000000e5d00000, 0x00000000e5d00000, 0x00000000e5e00000|  0%| F|  |TAMS 0x00000000e5d00000| PB 0x00000000e5d00000| Untracked 
|  94|0x00000000e5e00000, 0x00000000e5e00000, 0x00000000e5f00000|  0%| F|  |TAMS 0x00000000e5e00000| PB 0x00000000e5e00000| Untracked 
|  95|0x00000000e5f00000, 0x00000000e5f00000, 0x00000000e6000000|  0%| F|  |TAMS 0x00000000e5f00000| PB 0x00000000e5f00000| Untracked 
|  96|0x00000000e6000000, 0x00000000e6000000, 0x00000000e6100000|  0%| F|  |TAMS 0x00000000e6000000| PB 0x00000000e6000000| Untracked 
|  97|0x00000000e6100000, 0x00000000e6100000, 0x00000000e6200000|  0%| F|  |TAMS 0x00000000e6100000| PB 0x00000000e6100000| Untracked 
|  98|0x00000000e6200000, 0x00000000e6200000, 0x00000000e6300000|  0%| F|  |TAMS 0x00000000e6200000| PB 0x00000000e6200000| Untracked 
|  99|0x00000000e6300000, 0x00000000e6300000, 0x00000000e6400000|  0%| F|  |TAMS 0x00000000e6300000| PB 0x00000000e6300000| Untracked 
| 100|0x00000000e6400000, 0x00000000e6400000, 0x00000000e6500000|  0%| F|  |TAMS 0x00000000e6400000| PB 0x00000000e6400000| Untracked 
| 101|0x00000000e6500000, 0x00000000e6500000, 0x00000000e6600000|  0%| F|  |TAMS 0x00000000e6500000| PB 0x00000000e6500000| Untracked 
| 102|0x00000000e6600000, 0x00000000e6600000, 0x00000000e6700000|  0%| F|  |TAMS 0x00000000e6600000| PB 0x00000000e6600000| Untracked 
| 103|0x00000000e6700000, 0x00000000e6700000, 0x00000000e6800000|  0%| F|  |TAMS 0x00000000e6700000| PB 0x00000000e6700000| Untracked 
| 104|0x00000000e6800000, 0x00000000e6800000, 0x00000000e6900000|  0%| F|  |TAMS 0x00000000e6800000| PB 0x00000000e6800000| Untracked 
| 105|0x00000000e6900000, 0x00000000e6900000, 0x00000000e6a00000|  0%| F|  |TAMS 0x00000000e6900000| PB 0x00000000e6900000| Untracked 
| 106|0x00000000e6a00000, 0x00000000e6a00000, 0x00000000e6b00000|  0%| F|  |TAMS 0x00000000e6a00000| PB 0x00000000e6a00000| Untracked 
| 107|0x00000000e6b00000, 0x00000000e6b00000, 0x00000000e6c00000|  0%| F|  |TAMS 0x00000000e6b00000| PB 0x00000000e6b00000| Untracked 
| 108|0x00000000e6c00000, 0x00000000e6c00000, 0x00000000e6d00000|  0%| F|  |TAMS 0x00000000e6c00000| PB 0x00000000e6c00000| Untracked 
| 109|0x00000000e6d00000, 0x00000000e6d00000, 0x00000000e6e00000|  0%| F|  |TAMS 0x00000000e6d00000| PB 0x00000000e6d00000| Untracked 
| 110|0x00000000e6e00000, 0x00000000e6e00000, 0x00000000e6f00000|  0%| F|  |TAMS 0x00000000e6e00000| PB 0x00000000e6e00000| Untracked 
| 111|0x00000000e6f00000, 0x00000000e6f00000, 0x00000000e7000000|  0%| F|  |TAMS 0x00000000e6f00000| PB 0x00000000e6f00000| Untracked 
| 112|0x00000000e7000000, 0x00000000e7000000, 0x00000000e7100000|  0%| F|  |TAMS 0x00000000e7000000| PB 0x00000000e7000000| Untracked 
| 113|0x00000000e7100000, 0x00000000e7100000, 0x00000000e7200000|  0%| F|  |TAMS 0x00000000e7100000| PB 0x00000000e7100000| Untracked 
| 114|0x00000000e7200000, 0x00000000e7200000, 0x00000000e7300000|  0%| F|  |TAMS 0x00000000e7200000| PB 0x00000000e7200000| Untracked 
| 115|0x00000000e7300000, 0x00000000e7300000, 0x00000000e7400000|  0%| F|  |TAMS 0x00000000e7300000| PB 0x00000000e7300000| Untracked 
| 116|0x00000000e7400000, 0x00000000e7400000, 0x00000000e7500000|  0%| F|  |TAMS 0x00000000e7400000| PB 0x00000000e7400000| Untracked 
| 117|0x00000000e7500000, 0x00000000e7500000, 0x00000000e7600000|  0%| F|  |TAMS 0x00000000e7500000| PB 0x00000000e7500000| Untracked 
| 118|0x00000000e7600000, 0x00000000e7600000, 0x00000000e7700000|  0%| F|  |TAMS 0x00000000e7600000| PB 0x00000000e7600000| Untracked 
| 119|0x00000000e7700000, 0x00000000e7700000, 0x00000000e7800000|  0%| F|  |TAMS 0x00000000e7700000| PB 0x00000000e7700000| Untracked 
| 120|0x00000000e7800000, 0x00000000e7800000, 0x00000000e7900000|  0%| F|  |TAMS 0x00000000e7800000| PB 0x00000000e7800000| Untracked 
| 121|0x00000000e7900000, 0x00000000e7900000, 0x00000000e7a00000|  0%| F|  |TAMS 0x00000000e7900000| PB 0x00000000e7900000| Untracked 
| 122|0x00000000e7a00000, 0x00000000e7a00000, 0x00000000e7b00000|  0%| F|  |TAMS 0x00000000e7a00000| PB 0x00000000e7a00000| Untracked 
| 123|0x00000000e7b00000, 0x00000000e7b00000, 0x00000000e7c00000|  0%| F|  |TAMS 0x00000000e7b00000| PB 0x00000000e7b00000| Untracked 
| 124|0x00000000e7c00000, 0x00000000e7c00000, 0x00000000e7d00000|  0%| F|  |TAMS 0x00000000e7c00000| PB 0x00000000e7c00000| Untracked 
| 125|0x00000000e7d00000, 0x00000000e7d00000, 0x00000000e7e00000|  0%| F|  |TAMS 0x00000000e7d00000| PB 0x00000000e7d00000| Untracked 
| 126|0x00000000e7e00000, 0x00000000e7e00000, 0x00000000e7f00000|  0%| F|  |TAMS 0x00000000e7e00000| PB 0x00000000e7e00000| Untracked 
| 127|0x00000000e7f00000, 0x00000000e7f00000, 0x00000000e8000000|  0%| F|  |TAMS 0x00000000e7f00000| PB 0x00000000e7f00000| Untracked 
| 128|0x00000000e8000000, 0x00000000e8000000, 0x00000000e8100000|  0%| F|  |TAMS 0x00000000e8000000| PB 0x00000000e8000000| Untracked 
| 129|0x00000000e8100000, 0x00000000e8100000, 0x00000000e8200000|  0%| F|  |TAMS 0x00000000e8100000| PB 0x00000000e8100000| Untracked 
| 130|0x00000000e8200000, 0x00000000e8200000, 0x00000000e8300000|  0%| F|  |TAMS 0x00000000e8200000| PB 0x00000000e8200000| Untracked 
| 131|0x00000000e8300000, 0x00000000e8300000, 0x00000000e8400000|  0%| F|  |TAMS 0x00000000e8300000| PB 0x00000000e8300000| Untracked 
| 132|0x00000000e8400000, 0x00000000e8400000, 0x00000000e8500000|  0%| F|  |TAMS 0x00000000e8400000| PB 0x00000000e8400000| Untracked 
| 133|0x00000000e8500000, 0x00000000e8500000, 0x00000000e8600000|  0%| F|  |TAMS 0x00000000e8500000| PB 0x00000000e8500000| Untracked 
| 134|0x00000000e8600000, 0x00000000e8600000, 0x00000000e8700000|  0%| F|  |TAMS 0x00000000e8600000| PB 0x00000000e8600000| Untracked 
| 135|0x00000000e8700000, 0x00000000e8700000, 0x00000000e8800000|  0%| F|  |TAMS 0x00000000e8700000| PB 0x00000000e8700000| Untracked 
| 136|0x00000000e8800000, 0x00000000e8800000, 0x00000000e8900000|  0%| F|  |TAMS 0x00000000e8800000| PB 0x00000000e8800000| Untracked 
| 137|0x00000000e8900000, 0x00000000e8900000, 0x00000000e8a00000|  0%| F|  |TAMS 0x00000000e8900000| PB 0x00000000e8900000| Untracked 
| 138|0x00000000e8a00000, 0x00000000e8a00000, 0x00000000e8b00000|  0%| F|  |TAMS 0x00000000e8a00000| PB 0x00000000e8a00000| Untracked 
| 139|0x00000000e8b00000, 0x00000000e8b00000, 0x00000000e8c00000|  0%| F|  |TAMS 0x00000000e8b00000| PB 0x00000000e8b00000| Untracked 
| 140|0x00000000e8c00000, 0x00000000e8c00000, 0x00000000e8d00000|  0%| F|  |TAMS 0x00000000e8c00000| PB 0x00000000e8c00000| Untracked 
| 141|0x00000000e8d00000, 0x00000000e8d00000, 0x00000000e8e00000|  0%| F|  |TAMS 0x00000000e8d00000| PB 0x00000000e8d00000| Untracked 
| 142|0x00000000e8e00000, 0x00000000e8e00000, 0x00000000e8f00000|  0%| F|  |TAMS 0x00000000e8e00000| PB 0x00000000e8e00000| Untracked 
| 143|0x00000000e8f00000, 0x00000000e8f00000, 0x00000000e9000000|  0%| F|  |TAMS 0x00000000e8f00000| PB 0x00000000e8f00000| Untracked 
| 144|0x00000000e9000000, 0x00000000e9000000, 0x00000000e9100000|  0%| F|  |TAMS 0x00000000e9000000| PB 0x00000000e9000000| Untracked 
| 145|0x00000000e9100000, 0x00000000e9100000, 0x00000000e9200000|  0%| F|  |TAMS 0x00000000e9100000| PB 0x00000000e9100000| Untracked 
| 146|0x00000000e9200000, 0x00000000e9200000, 0x00000000e9300000|  0%| F|  |TAMS 0x00000000e9200000| PB 0x00000000e9200000| Untracked 
| 147|0x00000000e9300000, 0x00000000e9300000, 0x00000000e9400000|  0%| F|  |TAMS 0x00000000e9300000| PB 0x00000000e9300000| Untracked 
| 148|0x00000000e9400000, 0x00000000e9400000, 0x00000000e9500000|  0%| F|  |TAMS 0x00000000e9400000| PB 0x00000000e9400000| Untracked 
| 149|0x00000000e9500000, 0x00000000e9500000, 0x00000000e9600000|  0%| F|  |TAMS 0x00000000e9500000| PB 0x00000000e9500000| Untracked 
| 150|0x00000000e9600000, 0x00000000e9600000, 0x00000000e9700000|  0%| F|  |TAMS 0x00000000e9600000| PB 0x00000000e9600000| Untracked 
| 151|0x00000000e9700000, 0x00000000e9700000, 0x00000000e9800000|  0%| F|  |TAMS 0x00000000e9700000| PB 0x00000000e9700000| Untracked 
| 152|0x00000000e9800000, 0x00000000e9800000, 0x00000000e9900000|  0%| F|  |TAMS 0x00000000e9800000| PB 0x00000000e9800000| Untracked 
| 153|0x00000000e9900000, 0x00000000e9900000, 0x00000000e9a00000|  0%| F|  |TAMS 0x00000000e9900000| PB 0x00000000e9900000| Untracked 
| 154|0x00000000e9a00000, 0x00000000e9a00000, 0x00000000e9b00000|  0%| F|  |TAMS 0x00000000e9a00000| PB 0x00000000e9a00000| Untracked 
| 155|0x00000000e9b00000, 0x00000000e9b00000, 0x00000000e9c00000|  0%| F|  |TAMS 0x00000000e9b00000| PB 0x00000000e9b00000| Untracked 
| 156|0x00000000e9c00000, 0x00000000e9c00000, 0x00000000e9d00000|  0%| F|  |TAMS 0x00000000e9c00000| PB 0x00000000e9c00000| Untracked 
| 157|0x00000000e9d00000, 0x00000000e9d00000, 0x00000000e9e00000|  0%| F|  |TAMS 0x00000000e9d00000| PB 0x00000000e9d00000| Untracked 
| 158|0x00000000e9e00000, 0x00000000e9e00000, 0x00000000e9f00000|  0%| F|  |TAMS 0x00000000e9e00000| PB 0x00000000e9e00000| Untracked 
| 159|0x00000000e9f00000, 0x00000000e9f00000, 0x00000000ea000000|  0%| F|  |TAMS 0x00000000e9f00000| PB 0x00000000e9f00000| Untracked 
| 160|0x00000000ea000000, 0x00000000ea000000, 0x00000000ea100000|  0%| F|  |TAMS 0x00000000ea000000| PB 0x00000000ea000000| Untracked 
| 161|0x00000000ea100000, 0x00000000ea100000, 0x00000000ea200000|  0%| F|  |TAMS 0x00000000ea100000| PB 0x00000000ea100000| Untracked 
| 162|0x00000000ea200000, 0x00000000ea200000, 0x00000000ea300000|  0%| F|  |TAMS 0x00000000ea200000| PB 0x00000000ea200000| Untracked 
| 163|0x00000000ea300000, 0x00000000ea300000, 0x00000000ea400000|  0%| F|  |TAMS 0x00000000ea300000| PB 0x00000000ea300000| Untracked 
| 164|0x00000000ea400000, 0x00000000ea400000, 0x00000000ea500000|  0%| F|  |TAMS 0x00000000ea400000| PB 0x00000000ea400000| Untracked 
| 165|0x00000000ea500000, 0x00000000ea500000, 0x00000000ea600000|  0%| F|  |TAMS 0x00000000ea500000| PB 0x00000000ea500000| Untracked 
| 166|0x00000000ea600000, 0x00000000ea600000, 0x00000000ea700000|  0%| F|  |TAMS 0x00000000ea600000| PB 0x00000000ea600000| Untracked 
| 167|0x00000000ea700000, 0x00000000ea700000, 0x00000000ea800000|  0%| F|  |TAMS 0x00000000ea700000| PB 0x00000000ea700000| Untracked 
| 168|0x00000000ea800000, 0x00000000ea800000, 0x00000000ea900000|  0%| F|  |TAMS 0x00000000ea800000| PB 0x00000000ea800000| Untracked 
| 169|0x00000000ea900000, 0x00000000ea900000, 0x00000000eaa00000|  0%| F|  |TAMS 0x00000000ea900000| PB 0x00000000ea900000| Untracked 
| 170|0x00000000eaa00000, 0x00000000eaa00000, 0x00000000eab00000|  0%| F|  |TAMS 0x00000000eaa00000| PB 0x00000000eaa00000| Untracked 
| 171|0x00000000eab00000, 0x00000000eab00000, 0x00000000eac00000|  0%| F|  |TAMS 0x00000000eab00000| PB 0x00000000eab00000| Untracked 
| 172|0x00000000eac00000, 0x00000000eac00000, 0x00000000ead00000|  0%| F|  |TAMS 0x00000000eac00000| PB 0x00000000eac00000| Untracked 
| 173|0x00000000ead00000, 0x00000000ead00000, 0x00000000eae00000|  0%| F|  |TAMS 0x00000000ead00000| PB 0x00000000ead00000| Untracked 
| 174|0x00000000eae00000, 0x00000000eae00000, 0x00000000eaf00000|  0%| F|  |TAMS 0x00000000eae00000| PB 0x00000000eae00000| Untracked 
| 175|0x00000000eaf00000, 0x00000000eaf00000, 0x00000000eb000000|  0%| F|  |TAMS 0x00000000eaf00000| PB 0x00000000eaf00000| Untracked 
| 176|0x00000000eb000000, 0x00000000eb000000, 0x00000000eb100000|  0%| F|  |TAMS 0x00000000eb000000| PB 0x00000000eb000000| Untracked 
| 177|0x00000000eb100000, 0x00000000eb100000, 0x00000000eb200000|  0%| F|  |TAMS 0x00000000eb100000| PB 0x00000000eb100000| Untracked 
| 178|0x00000000eb200000, 0x00000000eb200000, 0x00000000eb300000|  0%| F|  |TAMS 0x00000000eb200000| PB 0x00000000eb200000| Untracked 
| 179|0x00000000eb300000, 0x00000000eb300000, 0x00000000eb400000|  0%| F|  |TAMS 0x00000000eb300000| PB 0x00000000eb300000| Untracked 
| 180|0x00000000eb400000, 0x00000000eb400000, 0x00000000eb500000|  0%| F|  |TAMS 0x00000000eb400000| PB 0x00000000eb400000| Untracked 
| 181|0x00000000eb500000, 0x00000000eb500000, 0x00000000eb600000|  0%| F|  |TAMS 0x00000000eb500000| PB 0x00000000eb500000| Untracked 
| 182|0x00000000eb600000, 0x00000000eb600000, 0x00000000eb700000|  0%| F|  |TAMS 0x00000000eb600000| PB 0x00000000eb600000| Untracked 
| 183|0x00000000eb700000, 0x00000000eb700000, 0x00000000eb800000|  0%| F|  |TAMS 0x00000000eb700000| PB 0x00000000eb700000| Untracked 
| 184|0x00000000eb800000, 0x00000000eb800000, 0x00000000eb900000|  0%| F|  |TAMS 0x00000000eb800000| PB 0x00000000eb800000| Untracked 
| 185|0x00000000eb900000, 0x00000000eb95e718, 0x00000000eba00000| 36%| E|  |TAMS 0x00000000eb900000| PB 0x00000000eb900000| Complete 
| 186|0x00000000eba00000, 0x00000000ebb00000, 0x00000000ebb00000|100%| E|CS|TAMS 0x00000000eba00000| PB 0x00000000eba00000| Complete 
| 187|0x00000000ebb00000, 0x00000000ebc00000, 0x00000000ebc00000|100%| E|CS|TAMS 0x00000000ebb00000| PB 0x00000000ebb00000| Complete 
| 188|0x00000000ebc00000, 0x00000000ebd00000, 0x00000000ebd00000|100%| E|CS|TAMS 0x00000000ebc00000| PB 0x00000000ebc00000| Complete 
| 189|0x00000000ebd00000, 0x00000000ebe00000, 0x00000000ebe00000|100%| E|CS|TAMS 0x00000000ebd00000| PB 0x00000000ebd00000| Complete 
| 190|0x00000000ebe00000, 0x00000000ebf00000, 0x00000000ebf00000|100%| E|CS|TAMS 0x00000000ebe00000| PB 0x00000000ebe00000| Complete 
| 191|0x00000000ebf00000, 0x00000000ec000000, 0x00000000ec000000|100%| E|CS|TAMS 0x00000000ebf00000| PB 0x00000000ebf00000| Complete 
| 192|0x00000000ec000000, 0x00000000ec100000, 0x00000000ec100000|100%| E|CS|TAMS 0x00000000ec000000| PB 0x00000000ec000000| Complete 
| 193|0x00000000ec100000, 0x00000000ec200000, 0x00000000ec200000|100%| E|CS|TAMS 0x00000000ec100000| PB 0x00000000ec100000| Complete 
| 194|0x00000000ec200000, 0x00000000ec300000, 0x00000000ec300000|100%| E|CS|TAMS 0x00000000ec200000| PB 0x00000000ec200000| Complete 
| 195|0x00000000ec300000, 0x00000000ec400000, 0x00000000ec400000|100%| E|CS|TAMS 0x00000000ec300000| PB 0x00000000ec300000| Complete 
| 196|0x00000000ec400000, 0x00000000ec500000, 0x00000000ec500000|100%| E|CS|TAMS 0x00000000ec400000| PB 0x00000000ec400000| Complete 
| 197|0x00000000ec500000, 0x00000000ec600000, 0x00000000ec600000|100%| E|CS|TAMS 0x00000000ec500000| PB 0x00000000ec500000| Complete 
| 198|0x00000000ec600000, 0x00000000ec700000, 0x00000000ec700000|100%| E|CS|TAMS 0x00000000ec600000| PB 0x00000000ec600000| Complete 
| 199|0x00000000ec700000, 0x00000000ec800000, 0x00000000ec800000|100%| E|CS|TAMS 0x00000000ec700000| PB 0x00000000ec700000| Complete 
| 200|0x00000000ec800000, 0x00000000ec900000, 0x00000000ec900000|100%| E|CS|TAMS 0x00000000ec800000| PB 0x00000000ec800000| Complete 
| 201|0x00000000ec900000, 0x00000000eca00000, 0x00000000eca00000|100%| E|CS|TAMS 0x00000000ec900000| PB 0x00000000ec900000| Complete 
| 202|0x00000000eca00000, 0x00000000ecb00000, 0x00000000ecb00000|100%| E|CS|TAMS 0x00000000eca00000| PB 0x00000000eca00000| Complete 
| 203|0x00000000ecb00000, 0x00000000ecc00000, 0x00000000ecc00000|100%| E|CS|TAMS 0x00000000ecb00000| PB 0x00000000ecb00000| Complete 
| 204|0x00000000ecc00000, 0x00000000ecd00000, 0x00000000ecd00000|100%| E|  |TAMS 0x00000000ecc00000| PB 0x00000000ecc00000| Complete 
| 205|0x00000000ecd00000, 0x00000000ece00000, 0x00000000ece00000|100%| E|CS|TAMS 0x00000000ecd00000| PB 0x00000000ecd00000| Complete 
| 206|0x00000000ece00000, 0x00000000ecf00000, 0x00000000ecf00000|100%| E|CS|TAMS 0x00000000ece00000| PB 0x00000000ece00000| Complete 
| 207|0x00000000ecf00000, 0x00000000ed000000, 0x00000000ed000000|100%| E|CS|TAMS 0x00000000ecf00000| PB 0x00000000ecf00000| Complete 
| 208|0x00000000ed000000, 0x00000000ed100000, 0x00000000ed100000|100%| E|CS|TAMS 0x00000000ed000000| PB 0x00000000ed000000| Complete 
| 209|0x00000000ed100000, 0x00000000ed200000, 0x00000000ed200000|100%| E|CS|TAMS 0x00000000ed100000| PB 0x00000000ed100000| Complete 
| 210|0x00000000ed200000, 0x00000000ed300000, 0x00000000ed300000|100%| E|CS|TAMS 0x00000000ed200000| PB 0x00000000ed200000| Complete 
| 211|0x00000000ed300000, 0x00000000ed400000, 0x00000000ed400000|100%| E|CS|TAMS 0x00000000ed300000| PB 0x00000000ed300000| Complete 
| 212|0x00000000ed400000, 0x00000000ed500000, 0x00000000ed500000|100%| E|CS|TAMS 0x00000000ed400000| PB 0x00000000ed400000| Complete 
| 213|0x00000000ed500000, 0x00000000ed600000, 0x00000000ed600000|100%| E|CS|TAMS 0x00000000ed500000| PB 0x00000000ed500000| Complete 
| 214|0x00000000ed600000, 0x00000000ed700000, 0x00000000ed700000|100%| E|CS|TAMS 0x00000000ed600000| PB 0x00000000ed600000| Complete 
| 215|0x00000000ed700000, 0x00000000ed800000, 0x00000000ed800000|100%| E|CS|TAMS 0x00000000ed700000| PB 0x00000000ed700000| Complete 
| 216|0x00000000ed800000, 0x00000000ed900000, 0x00000000ed900000|100%| E|CS|TAMS 0x00000000ed800000| PB 0x00000000ed800000| Complete 
| 217|0x00000000ed900000, 0x00000000eda00000, 0x00000000eda00000|100%| E|CS|TAMS 0x00000000ed900000| PB 0x00000000ed900000| Complete 
| 218|0x00000000eda00000, 0x00000000edb00000, 0x00000000edb00000|100%| E|CS|TAMS 0x00000000eda00000| PB 0x00000000eda00000| Complete 
| 219|0x00000000edb00000, 0x00000000edc00000, 0x00000000edc00000|100%| E|CS|TAMS 0x00000000edb00000| PB 0x00000000edb00000| Complete 
| 220|0x00000000edc00000, 0x00000000edd00000, 0x00000000edd00000|100%| E|CS|TAMS 0x00000000edc00000| PB 0x00000000edc00000| Complete 
| 221|0x00000000edd00000, 0x00000000ede00000, 0x00000000ede00000|100%| E|CS|TAMS 0x00000000edd00000| PB 0x00000000edd00000| Complete 
| 222|0x00000000ede00000, 0x00000000edf00000, 0x00000000edf00000|100%| E|CS|TAMS 0x00000000ede00000| PB 0x00000000ede00000| Complete 
| 223|0x00000000edf00000, 0x00000000ee000000, 0x00000000ee000000|100%| E|CS|TAMS 0x00000000edf00000| PB 0x00000000edf00000| Complete 
| 224|0x00000000ee000000, 0x00000000ee100000, 0x00000000ee100000|100%| E|CS|TAMS 0x00000000ee000000| PB 0x00000000ee000000| Complete 
| 225|0x00000000ee100000, 0x00000000ee200000, 0x00000000ee200000|100%| E|CS|TAMS 0x00000000ee100000| PB 0x00000000ee100000| Complete 
| 226|0x00000000ee200000, 0x00000000ee300000, 0x00000000ee300000|100%| E|CS|TAMS 0x00000000ee200000| PB 0x00000000ee200000| Complete 
| 227|0x00000000ee300000, 0x00000000ee400000, 0x00000000ee400000|100%| E|CS|TAMS 0x00000000ee300000| PB 0x00000000ee300000| Complete 
| 228|0x00000000ee400000, 0x00000000ee500000, 0x00000000ee500000|100%| E|CS|TAMS 0x00000000ee400000| PB 0x00000000ee400000| Complete 
| 229|0x00000000ee500000, 0x00000000ee600000, 0x00000000ee600000|100%| E|CS|TAMS 0x00000000ee500000| PB 0x00000000ee500000| Complete 
| 230|0x00000000ee600000, 0x00000000ee700000, 0x00000000ee700000|100%| E|CS|TAMS 0x00000000ee600000| PB 0x00000000ee600000| Complete 
| 231|0x00000000ee700000, 0x00000000ee800000, 0x00000000ee800000|100%| E|CS|TAMS 0x00000000ee700000| PB 0x00000000ee700000| Complete 
| 232|0x00000000ee800000, 0x00000000ee900000, 0x00000000ee900000|100%| E|CS|TAMS 0x00000000ee800000| PB 0x00000000ee800000| Complete 
| 233|0x00000000ee900000, 0x00000000eea00000, 0x00000000eea00000|100%| E|CS|TAMS 0x00000000ee900000| PB 0x00000000ee900000| Complete 
| 234|0x00000000eea00000, 0x00000000eeb00000, 0x00000000eeb00000|100%| E|CS|TAMS 0x00000000eea00000| PB 0x00000000eea00000| Complete 
| 235|0x00000000eeb00000, 0x00000000eec00000, 0x00000000eec00000|100%| E|CS|TAMS 0x00000000eeb00000| PB 0x00000000eeb00000| Complete 
| 236|0x00000000eec00000, 0x00000000eed00000, 0x00000000eed00000|100%| E|CS|TAMS 0x00000000eec00000| PB 0x00000000eec00000| Complete 
| 237|0x00000000eed00000, 0x00000000eee00000, 0x00000000eee00000|100%| E|CS|TAMS 0x00000000eed00000| PB 0x00000000eed00000| Complete 
| 238|0x00000000eee00000, 0x00000000eef00000, 0x00000000eef00000|100%| E|CS|TAMS 0x00000000eee00000| PB 0x00000000eee00000| Complete 
| 239|0x00000000eef00000, 0x00000000ef000000, 0x00000000ef000000|100%| E|CS|TAMS 0x00000000eef00000| PB 0x00000000eef00000| Complete 
| 240|0x00000000ef000000, 0x00000000ef100000, 0x00000000ef100000|100%| E|CS|TAMS 0x00000000ef000000| PB 0x00000000ef000000| Complete 
| 241|0x00000000ef100000, 0x00000000ef200000, 0x00000000ef200000|100%| E|CS|TAMS 0x00000000ef100000| PB 0x00000000ef100000| Complete 
| 242|0x00000000ef200000, 0x00000000ef280000, 0x00000000ef300000| 50%| S|CS|TAMS 0x00000000ef200000| PB 0x00000000ef200000| Complete 
| 243|0x00000000ef300000, 0x00000000ef400000, 0x00000000ef400000|100%| S|CS|TAMS 0x00000000ef300000| PB 0x00000000ef300000| Complete 
| 244|0x00000000ef400000, 0x00000000ef500000, 0x00000000ef500000|100%| S|CS|TAMS 0x00000000ef400000| PB 0x00000000ef400000| Complete 
| 245|0x00000000ef500000, 0x00000000ef600000, 0x00000000ef600000|100%| S|CS|TAMS 0x00000000ef500000| PB 0x00000000ef500000| Complete 
| 246|0x00000000ef600000, 0x00000000ef700000, 0x00000000ef700000|100%| S|CS|TAMS 0x00000000ef600000| PB 0x00000000ef600000| Complete 
| 247|0x00000000ef700000, 0x00000000ef800000, 0x00000000ef800000|100%| S|CS|TAMS 0x00000000ef700000| PB 0x00000000ef700000| Complete 
| 248|0x00000000ef800000, 0x00000000ef900000, 0x00000000ef900000|100%| S|CS|TAMS 0x00000000ef800000| PB 0x00000000ef800000| Complete 
| 249|0x00000000ef900000, 0x00000000efa00000, 0x00000000efa00000|100%| S|CS|TAMS 0x00000000ef900000| PB 0x00000000ef900000| Complete 
| 250|0x00000000efa00000, 0x00000000efb00000, 0x00000000efb00000|100%| S|CS|TAMS 0x00000000efa00000| PB 0x00000000efa00000| Complete 
| 251|0x00000000efb00000, 0x00000000efc00000, 0x00000000efc00000|100%| S|CS|TAMS 0x00000000efb00000| PB 0x00000000efb00000| Complete 
| 252|0x00000000efc00000, 0x00000000efd00000, 0x00000000efd00000|100%| S|CS|TAMS 0x00000000efc00000| PB 0x00000000efc00000| Complete 
| 253|0x00000000efd00000, 0x00000000efe00000, 0x00000000efe00000|100%| E|CS|TAMS 0x00000000efd00000| PB 0x00000000efd00000| Complete 
| 254|0x00000000efe00000, 0x00000000eff00000, 0x00000000eff00000|100%| E|CS|TAMS 0x00000000efe00000| PB 0x00000000efe00000| Complete 
| 255|0x00000000eff00000, 0x00000000f0000000, 0x00000000f0000000|100%| E|CS|TAMS 0x00000000eff00000| PB 0x00000000eff00000| Complete 

Card table byte_map: [0x00000203fda20000,0x00000203fdb20000] _byte_map_base: 0x00000203fd320000

Marking Bits: (CMBitMap*) 0x00000203f4cfe0f0
 Bits: [0x00000203fdb20000, 0x00000203fe320000)

Polling page: 0x00000203f2ac0000

Metaspace:

Usage:
  Non-class:     57.86 MB used.
      Class:      9.85 MB used.
       Both:     67.71 MB used.

Virtual space:
  Non-class space:       64.00 MB reserved,      58.88 MB ( 92%) committed,  1 nodes.
      Class space:      320.00 MB reserved,      10.81 MB (  3%) committed,  1 nodes.
             Both:      384.00 MB reserved,      69.69 MB ( 18%) committed. 

Chunk freelists:
   Non-Class:  4.76 MB
       Class:  5.17 MB
        Both:  9.93 MB

MaxMetaspaceSize: 384.00 MB
CompressedClassSpaceSize: 320.00 MB
Initial GC threshold: 21.00 MB
Current GC threshold: 100.00 MB
CDS: on
 - commit_granule_bytes: 65536.
 - commit_granule_words: 8192.
 - virtual_space_node_default_size: 8388608.
 - enlarge_chunks_in_place: 1.
 - use_allocation_guard: 0.


Internal statistics:

num_allocs_failed_limit: 15.
num_arena_births: 3540.
num_arena_deaths: 0.
num_vsnodes_births: 2.
num_vsnodes_deaths: 0.
num_space_committed: 1115.
num_space_uncommitted: 0.
num_chunks_returned_to_freelist: 15.
num_chunks_taken_from_freelist: 6846.
num_chunk_merges: 9.
num_chunk_splits: 4442.
num_chunks_enlarged: 2725.
num_inconsistent_stats: 0.

CodeHeap 'non-profiled nmethods': size=120000Kb used=4991Kb max_used=4991Kb free=115009Kb
 bounds [0x0000020387ad0000, 0x0000020387fb0000, 0x000002038f000000]
CodeHeap 'profiled nmethods': size=120000Kb used=15155Kb max_used=15155Kb free=104844Kb
 bounds [0x0000020380000000, 0x0000020380ed0000, 0x0000020387530000]
CodeHeap 'non-nmethods': size=5760Kb used=2768Kb max_used=2809Kb free=2991Kb
 bounds [0x0000020387530000, 0x0000020387800000, 0x0000020387ad0000]
CodeCache: size=245760Kb, used=22914Kb, max_used=22955Kb, free=222844Kb
 total_blobs=8668, nmethods=7775, adapters=796, full_count=0
Compilation: enabled, stopped_count=0, restarted_count=0

Compilation events (20 events):
Event: 62.571 Thread 0x00000203fefffed0 8511       3       javax.management.ObjectName::isPropertyListPattern (17 bytes)
Event: 62.571 Thread 0x00000203fefffed0 nmethod 8511 0x0000020380ec3490 code [0x0000020380ec3620, 0x0000020380ec3788]
Event: 63.562 Thread 0x00000203fefffed0 8512       3       java.lang.invoke.DirectMethodHandle$Holder::invokeStatic (17 bytes)
Event: 63.562 Thread 0x00000203fefffed0 nmethod 8512 0x0000020380ec3810 code [0x0000020380ec39e0, 0x0000020380ec3ef0]
Event: 64.689 Thread 0x00000203fefffed0 8513       3       java.lang.invoke.DirectMethodHandle$Holder::invokeStatic (14 bytes)
Event: 64.689 Thread 0x00000203fefffed0 nmethod 8513 0x0000020380ec4010 code [0x0000020380ec41e0, 0x0000020380ec4630]
Event: 64.904 Thread 0x00000203fefffed0 8514       3       java.util.concurrent.locks.AbstractQueuedSynchronizer$ConditionObject::signal (34 bytes)
Event: 64.904 Thread 0x00000203fefffed0 nmethod 8514 0x0000020380ec4790 code [0x0000020380ec4960, 0x0000020380ec4cb0]
Event: 65.071 Thread 0x00000203fefffed0 8515       1       java.util.Formatter$FixedString::index (3 bytes)
Event: 65.071 Thread 0x00000203fefffed0 nmethod 8515 0x0000020387faea90 code [0x0000020387faec20, 0x0000020387faece8]
Event: 65.072 Thread 0x00000203fefffed0 8516       3       java.text.DecimalFormat::append (94 bytes)
Event: 65.073 Thread 0x00000203fefffed0 nmethod 8516 0x0000020380ec4e10 code [0x0000020380ec5020, 0x0000020380ec5880]
Event: 65.075 Thread 0x00000203fefffed0 8517       3       org.slf4j.helpers.MessageFormatter::isEscapedDelimeter (24 bytes)
Event: 65.076 Thread 0x00000203fefffed0 nmethod 8517 0x0000020380ec5c10 code [0x0000020380ec5e20, 0x0000020380ec6450]
Event: 65.076 Thread 0x00000203fefffed0 8518       3       org.slf4j.helpers.MessageFormatter::deeplyAppendParameter (211 bytes)
Event: 65.077 Thread 0x00000203fefffed0 nmethod 8518 0x0000020380ec6710 code [0x0000020380ec6aa0, 0x0000020380ec8338]
Event: 65.079 Thread 0x00000203feff8f20 8519       4       java.io.DataInputStream::readUTF (501 bytes)
Event: 65.089 Thread 0x00000203fefffed0 8520       3       java.lang.ProcessEnvironment$CheckedEntrySet$1::hasNext (10 bytes)
Event: 65.090 Thread 0x00000203fefffed0 nmethod 8520 0x0000020380ec8690 code [0x0000020380ec8840, 0x0000020380ec8a18]
Event: 65.200 Thread 0x00000203fefffed0 8522       3       java.lang.ProcessEnvironment::put (13 bytes)

GC Heap History (20 events):
Event: 19.839 GC heap before
{Heap before GC invocations=0 (full 0):
 garbage-first heap   total 262144K, used 26624K [0x00000000e0000000, 0x0000000100000000)
  region size 1024K, 23 young (23552K), 0 survivors (0K)
 Metaspace       used 2468K, committed 2688K, reserved 393216K
  class space    used 283K, committed 384K, reserved 327680K
}
Event: 19.846 GC heap after
{Heap after GC invocations=1 (full 0):
 garbage-first heap   total 262144K, used 10533K [0x00000000e0000000, 0x0000000100000000)
  region size 1024K, 3 young (3072K), 3 survivors (3072K)
 Metaspace       used 2468K, committed 2688K, reserved 393216K
  class space    used 283K, committed 384K, reserved 327680K
}
Event: 24.602 GC heap before
{Heap before GC invocations=1 (full 0):
 garbage-first heap   total 262144K, used 38181K [0x00000000e0000000, 0x0000000100000000)
  region size 1024K, 31 young (31744K), 3 survivors (3072K)
 Metaspace       used 4190K, committed 4416K, reserved 393216K
  class space    used 524K, committed 640K, reserved 327680K
}
Event: 24.608 GC heap after
{Heap after GC invocations=2 (full 0):
 garbage-first heap   total 262144K, used 11832K [0x00000000e0000000, 0x0000000100000000)
  region size 1024K, 2 young (2048K), 2 survivors (2048K)
 Metaspace       used 4190K, committed 4416K, reserved 393216K
  class space    used 524K, committed 640K, reserved 327680K
}
Event: 36.348 GC heap before
{Heap before GC invocations=2 (full 0):
 garbage-first heap   total 262144K, used 123448K [0x00000000e0000000, 0x0000000100000000)
  region size 1024K, 109 young (111616K), 2 survivors (2048K)
 Metaspace       used 20050K, committed 20672K, reserved 393216K
  class space    used 2921K, committed 3200K, reserved 327680K
}
Event: 36.361 GC heap after
{Heap after GC invocations=3 (full 0):
 garbage-first heap   total 262144K, used 23833K [0x00000000e0000000, 0x0000000100000000)
  region size 1024K, 12 young (12288K), 12 survivors (12288K)
 Metaspace       used 20050K, committed 20672K, reserved 393216K
  class space    used 2921K, committed 3200K, reserved 327680K
}
Event: 36.466 GC heap before
{Heap before GC invocations=3 (full 0):
 garbage-first heap   total 262144K, used 31001K [0x00000000e0000000, 0x0000000100000000)
  region size 1024K, 20 young (20480K), 12 survivors (12288K)
 Metaspace       used 20891K, committed 21504K, reserved 393216K
  class space    used 3057K, committed 3328K, reserved 327680K
}
Event: 36.472 GC heap after
{Heap after GC invocations=4 (full 0):
 garbage-first heap   total 262144K, used 24732K [0x00000000e0000000, 0x0000000100000000)
  region size 1024K, 12 young (12288K), 12 survivors (12288K)
 Metaspace       used 20891K, committed 21504K, reserved 393216K
  class space    used 3057K, committed 3328K, reserved 327680K
}
Event: 38.156 GC heap before
{Heap before GC invocations=5 (full 0):
 garbage-first heap   total 262144K, used 114844K [0x00000000e0000000, 0x0000000100000000)
  region size 1024K, 102 young (104448K), 12 survivors (12288K)
 Metaspace       used 34938K, committed 36096K, reserved 393216K
  class space    used 5112K, committed 5696K, reserved 327680K
}
Event: 38.168 GC heap after
{Heap after GC invocations=6 (full 0):
 garbage-first heap   total 262144K, used 30564K [0x00000000e0000000, 0x0000000100000000)
  region size 1024K, 7 young (7168K), 7 survivors (7168K)
 Metaspace       used 34938K, committed 36096K, reserved 393216K
  class space    used 5112K, committed 5696K, reserved 327680K
}
Event: 38.196 GC heap before
{Heap before GC invocations=6 (full 0):
 garbage-first heap   total 262144K, used 32612K [0x00000000e0000000, 0x0000000100000000)
  region size 1024K, 10 young (10240K), 7 survivors (7168K)
 Metaspace       used 35203K, committed 36416K, reserved 393216K
  class space    used 5141K, committed 5760K, reserved 327680K
}
Event: 38.205 GC heap after
{Heap after GC invocations=7 (full 0):
 garbage-first heap   total 262144K, used 32292K [0x00000000e0000000, 0x0000000100000000)
  region size 1024K, 9 young (9216K), 9 survivors (9216K)
 Metaspace       used 35203K, committed 36416K, reserved 393216K
  class space    used 5141K, committed 5760K, reserved 327680K
}
Event: 38.361 GC heap before
{Heap before GC invocations=7 (full 0):
 garbage-first heap   total 262144K, used 54820K [0x00000000e0000000, 0x0000000100000000)
  region size 1024K, 32 young (32768K), 9 survivors (9216K)
 Metaspace       used 35583K, committed 36736K, reserved 393216K
  class space    used 5169K, committed 5760K, reserved 327680K
}
Event: 38.368 GC heap after
{Heap after GC invocations=8 (full 0):
 garbage-first heap   total 262144K, used 32619K [0x00000000e0000000, 0x0000000100000000)
  region size 1024K, 9 young (9216K), 9 survivors (9216K)
 Metaspace       used 35583K, committed 36736K, reserved 393216K
  class space    used 5169K, committed 5760K, reserved 327680K
}
Event: 44.162 GC heap before
{Heap before GC invocations=9 (full 0):
 garbage-first heap   total 262144K, used 186219K [0x00000000e0000000, 0x0000000100000000)
  region size 1024K, 153 young (156672K), 9 survivors (9216K)
 Metaspace       used 48726K, committed 50368K, reserved 393216K
  class space    used 6935K, committed 7744K, reserved 327680K
}
Event: 44.189 GC heap after
{Heap after GC invocations=10 (full 0):
 garbage-first heap   total 262144K, used 42622K [0x00000000e0000000, 0x0000000100000000)
  region size 1024K, 19 young (19456K), 19 survivors (19456K)
 Metaspace       used 48726K, committed 50368K, reserved 393216K
  class space    used 6935K, committed 7744K, reserved 327680K
}
Event: 46.901 GC heap before
{Heap before GC invocations=10 (full 0):
 garbage-first heap   total 262144K, used 178814K [0x00000000e0000000, 0x0000000100000000)
  region size 1024K, 153 young (156672K), 19 survivors (19456K)
 Metaspace       used 58960K, committed 60928K, reserved 393216K
  class space    used 8709K, committed 9664K, reserved 327680K
}
Event: 46.924 GC heap after
{Heap after GC invocations=11 (full 0):
 garbage-first heap   total 262144K, used 54338K [0x00000000e0000000, 0x0000000100000000)
  region size 1024K, 20 young (20480K), 20 survivors (20480K)
 Metaspace       used 58960K, committed 60928K, reserved 393216K
  class space    used 8709K, committed 9664K, reserved 327680K
}
Event: 46.961 GC heap before
{Heap before GC invocations=11 (full 0):
 garbage-first heap   total 262144K, used 56386K [0x00000000e0000000, 0x0000000100000000)
  region size 1024K, 23 young (23552K), 20 survivors (20480K)
 Metaspace       used 59338K, committed 61376K, reserved 393216K
  class space    used 8794K, committed 9792K, reserved 327680K
}
Event: 46.975 GC heap after
{Heap after GC invocations=12 (full 0):
 garbage-first heap   total 262144K, used 54723K [0x00000000e0000000, 0x0000000100000000)
  region size 1024K, 11 young (11264K), 11 survivors (11264K)
 Metaspace       used 59338K, committed 61376K, reserved 393216K
  class space    used 8794K, committed 9792K, reserved 327680K
}

Dll operation events (15 events):
Event: 0.056 Loaded shared library C:\Users\DELL\.jdks\ms-21.0.8\bin\java.dll
Event: 0.093 Loaded shared library C:\Users\DELL\.jdks\ms-21.0.8\bin\jsvml.dll
Event: 0.137 Loaded shared library C:\Users\DELL\.jdks\ms-21.0.8\bin\zip.dll
Event: 0.140 Loaded shared library C:\Users\DELL\.jdks\ms-21.0.8\bin\instrument.dll
Event: 0.146 Loaded shared library C:\Users\DELL\.jdks\ms-21.0.8\bin\net.dll
Event: 0.148 Loaded shared library C:\Users\DELL\.jdks\ms-21.0.8\bin\nio.dll
Event: 0.183 Loaded shared library C:\Users\DELL\.jdks\ms-21.0.8\bin\zip.dll
Event: 9.553 Loaded shared library C:\Users\DELL\.jdks\ms-21.0.8\bin\jimage.dll
Event: 17.375 Loaded shared library C:\Users\DELL\.jdks\ms-21.0.8\bin\verify.dll
Event: 19.644 Loaded shared library C:\Users\DELL\.gradle\native\c067742578af261105cb4f569cf0c3c89f3d7b1fecec35dd04571415982c5e48\windows-amd64\native-platform.dll
Event: 19.808 Loaded shared library C:\Users\DELL\.gradle\native\100fb08df4bc3b14c8652ba06237920a3bd2aa13389f12d3474272988ae205f9\windows-amd64\native-platform-file-events.dll
Event: 34.515 Loaded shared library C:\Users\DELL\.jdks\ms-21.0.8\bin\management.dll
Event: 34.519 Loaded shared library C:\Users\DELL\.jdks\ms-21.0.8\bin\management_ext.dll
Event: 34.710 Loaded shared library C:\Users\DELL\.jdks\ms-21.0.8\bin\extnet.dll
Event: 34.895 Loaded shared library C:\Users\DELL\.jdks\ms-21.0.8\bin\sunmscapi.dll

Deoptimization events (20 events):
Event: 49.630 Thread 0x00000203ac2f3d70 DEOPT PACKING pc=0x0000020387cc3878 sp=0x0000006a2c9ff0a0
Event: 49.630 Thread 0x00000203ac2f3d70 DEOPT UNPACKING pc=0x00000203875846a2 sp=0x0000006a2c9fefd8 mode 2
Event: 49.631 Thread 0x00000203ac38fce0 Uncommon trap: trap_request=0xffffffde fr.pc=0x0000020387c669c4 relative=0x0000000000000184
Event: 49.631 Thread 0x00000203ac38fce0 Uncommon trap: reason=class_check action=maybe_recompile pc=0x0000020387c669c4 method=java.util.concurrent.locks.ReentrantLock$Sync.lock()V @ 1 c2
Event: 49.631 Thread 0x00000203ac38fce0 DEOPT PACKING pc=0x0000020387c669c4 sp=0x0000006a327fed90
Event: 49.631 Thread 0x00000203ac38fce0 DEOPT UNPACKING pc=0x00000203875846a2 sp=0x0000006a327fecf0 mode 2
Event: 49.632 Thread 0x00000203ad454f90 Uncommon trap: trap_request=0xffffffde fr.pc=0x0000020387c669c4 relative=0x0000000000000184
Event: 49.632 Thread 0x00000203ad454f90 Uncommon trap: reason=class_check action=maybe_recompile pc=0x0000020387c669c4 method=java.util.concurrent.locks.ReentrantLock$Sync.lock()V @ 1 c2
Event: 49.632 Thread 0x00000203ad454f90 DEOPT PACKING pc=0x0000020387c669c4 sp=0x0000006a318fef70
Event: 49.632 Thread 0x00000203ad454f90 DEOPT UNPACKING pc=0x00000203875846a2 sp=0x0000006a318feed0 mode 2
Event: 49.632 Thread 0x00000203ac2f64d0 Uncommon trap: trap_request=0xffffffde fr.pc=0x0000020387c669c4 relative=0x0000000000000184
Event: 49.632 Thread 0x00000203ac2f64d0 Uncommon trap: reason=class_check action=maybe_recompile pc=0x0000020387c669c4 method=java.util.concurrent.locks.ReentrantLock$Sync.lock()V @ 1 c2
Event: 49.632 Thread 0x00000203ac2f64d0 DEOPT PACKING pc=0x0000020387c669c4 sp=0x0000006a2c8ff1f0
Event: 49.632 Thread 0x00000203ac2f64d0 DEOPT UNPACKING pc=0x00000203875846a2 sp=0x0000006a2c8ff150 mode 2
Event: 49.689 Thread 0x00000203aa2b5030 Uncommon trap: trap_request=0xffffff45 fr.pc=0x0000020387c87d20 relative=0x00000000000003a0
Event: 49.689 Thread 0x00000203aa2b5030 Uncommon trap: reason=unstable_if action=reinterpret pc=0x0000020387c87d20 method=com.esotericsoftware.kryo.io.Input.require(I)I @ 180 c2
Event: 49.689 Thread 0x00000203aa2b5030 DEOPT PACKING pc=0x0000020387c87d20 sp=0x0000006a2b4feeb0
Event: 49.689 Thread 0x00000203aa2b5030 DEOPT UNPACKING pc=0x00000203875846a2 sp=0x0000006a2b4fed10 mode 2
Event: 65.079 Thread 0x00000203aa3a5f30 DEOPT PACKING pc=0x00000203807262a9 sp=0x0000006a2b3fd920
Event: 65.079 Thread 0x00000203aa3a5f30 DEOPT UNPACKING pc=0x0000020387584e42 sp=0x0000006a2b3fce60 mode 0

Classes loaded (20 events):
Event: 47.754 Loading class java/util/function/ToIntBiFunction done
Event: 47.758 Loading class sun/nio/ch/ChannelOutputStream
Event: 47.758 Loading class sun/nio/ch/ChannelOutputStream done
Event: 47.760 Loading class java/util/EnumMap$Values
Event: 47.760 Loading class java/util/EnumMap$Values done
Event: 47.760 Loading class java/util/EnumMap$ValueIterator
Event: 47.760 Loading class java/util/EnumMap$EnumMapIterator
Event: 47.760 Loading class java/util/EnumMap$EnumMapIterator done
Event: 47.760 Loading class java/util/EnumMap$ValueIterator done
Event: 47.763 Loading class java/util/PriorityQueue
Event: 47.764 Loading class java/util/PriorityQueue done
Event: 47.889 Loading class java/io/ObjectStreamClass$ExceptionInfo
Event: 47.889 Loading class java/io/ObjectStreamClass$ExceptionInfo done
Event: 48.380 Loading class java/io/CharArrayWriter
Event: 48.380 Loading class java/io/CharArrayWriter done
Event: 49.595 Loading class java/util/concurrent/ConcurrentLinkedQueue$Itr
Event: 49.595 Loading class java/util/concurrent/ConcurrentLinkedQueue$Itr done
Event: 49.688 Loading class java/util/concurrent/CompletableFuture$AsyncRun
Event: 49.689 Loading class java/util/concurrent/CompletableFuture$AsyncRun done
Event: 65.211 Loading class jdk/internal/math/FormattedFPDecimal

Classes unloaded (0 events):
No events

Classes redefined (0 events):
No events

Internal exceptions (20 events):
Event: 47.654 Thread 0x00000203ad455cb0 Exception <a 'sun/nio/fs/WindowsException'{0x00000000edbe6938}> (0x00000000edbe6938) 
thrown [s\src\hotspot\share\prims\jni.cpp, line 520]
Event: 47.657 Thread 0x00000203ad455cb0 Exception <a 'sun/nio/fs/WindowsException'{0x00000000ed965ac8}> (0x00000000ed965ac8) 
thrown [s\src\hotspot\share\prims\jni.cpp, line 520]
Event: 47.660 Thread 0x00000203ad455cb0 Exception <a 'sun/nio/fs/WindowsException'{0x00000000ed9d5560}> (0x00000000ed9d5560) 
thrown [s\src\hotspot\share\prims\jni.cpp, line 520]
Event: 47.668 Thread 0x00000203ad455cb0 Exception <a 'sun/nio/fs/WindowsException'{0x00000000ed8c3948}> (0x00000000ed8c3948) 
thrown [s\src\hotspot\share\prims\jni.cpp, line 520]
Event: 47.677 Thread 0x00000203ad455cb0 Exception <a 'sun/nio/fs/WindowsException'{0x00000000ed71eda0}> (0x00000000ed71eda0) 
thrown [s\src\hotspot\share\prims\jni.cpp, line 520]
Event: 47.699 Thread 0x00000203ad455cb0 Exception <a 'sun/nio/fs/WindowsException'{0x00000000ed545b00}> (0x00000000ed545b00) 
thrown [s\src\hotspot\share\prims\jni.cpp, line 520]
Event: 47.722 Thread 0x00000203ad455cb0 Exception <a 'sun/nio/fs/WindowsException'{0x00000000ed409e88}> (0x00000000ed409e88) 
thrown [s\src\hotspot\share\prims\jni.cpp, line 520]
Event: 47.757 Thread 0x00000203ad455cb0 Exception <a 'sun/nio/fs/WindowsException'{0x00000000ed329498}> (0x00000000ed329498) 
thrown [s\src\hotspot\share\prims\jni.cpp, line 520]
Event: 47.814 Thread 0x00000203ad455cb0 Implicit null exception at 0x0000020387e53c8a to 0x0000020387e53d2d
Event: 47.885 Thread 0x00000203aa77e0d0 Exception <a 'java/lang/NoSuchMethodError'{0x00000000eff08288}: static Lorg/gradle/internal/build/event/types/DefaultTaskFinishedProgressEvent;.<clinit>()V> (0x00000000eff08288) 
thrown [s\src\hotspot\share\prims\jni.cpp, line 1111]
Event: 47.887 Thread 0x00000203aa77e0d0 Exception <a 'java/lang/NoSuchMethodError'{0x00000000ed0e35e8}: static Lorg/gradle/internal/build/event/types/DefaultJavaCompileTaskSuccessResult;.<clinit>()V> (0x00000000ed0e35e8) 
thrown [s\src\hotspot\share\prims\jni.cpp, line 1111]
Event: 47.887 Thread 0x00000203aa77e0d0 Exception <a 'java/lang/NoSuchMethodError'{0x00000000ed0e4e40}: static Lorg/gradle/internal/build/event/types/DefaultTaskSuccessResult;.<clinit>()V> (0x00000000ed0e4e40) 
thrown [s\src\hotspot\share\prims\jni.cpp, line 1111]
Event: 47.887 Thread 0x00000203aa77e0d0 Exception <a 'java/lang/NoSuchMethodError'{0x00000000ed0e6000}: static Lorg/gradle/internal/build/event/types/AbstractTaskResult;.<clinit>()V> (0x00000000ed0e6000) 
thrown [s\src\hotspot\share\prims\jni.cpp, line 1111]
Event: 47.887 Thread 0x00000203aa77e0d0 Exception <a 'java/lang/NoSuchMethodError'{0x00000000ed0e77b8}: static Lorg/gradle/internal/build/event/types/AbstractResult;.<clinit>()V> (0x00000000ed0e77b8) 
thrown [s\src\hotspot\share\prims\jni.cpp, line 1111]
Event: 47.889 Thread 0x00000203aa77e0d0 Exception <a 'java/lang/NoSuchMethodError'{0x00000000ecf09db0}: static [Ljava/lang/Object;.<clinit>()V> (0x00000000ecf09db0) 
thrown [s\src\hotspot\share\prims\jni.cpp, line 1111]
Event: 49.598 Thread 0x00000203ab00ecd0 Exception <a 'java/lang/NoSuchMethodError'{0x00000000ecb80dd8}: 'void java.lang.invoke.DirectMethodHandle$Holder.invokeInterface(java.lang.Object, java.lang.Object, java.lang.Object, int)'> (0x00000000ecb80dd8) 
thrown [s\src\hotspot\share\interpreter\linkResolver.cpp, line 773]
Event: 49.599 Thread 0x00000203ab00ecd0 Exception <a 'java/lang/IncompatibleClassChangeError'{0x00000000ecb84918}: Found class java.lang.Object, but interface was expected> (0x00000000ecb84918) 
thrown [s\src\hotspot\share\interpreter\linkResolver.cpp, line 840]
Event: 49.599 Thread 0x00000203ab00ecd0 Exception <a 'java/lang/NoSuchMethodError'{0x00000000ecb88eb8}: 'void java.lang.invoke.DelegatingMethodHandle$Holder.reinvoke_L(java.lang.Object, java.lang.Object, java.lang.Object, int)'> (0x00000000ecb88eb8) 
thrown [s\src\hotspot\share\interpreter\linkResolver.cpp, line 773]
Event: 49.628 Thread 0x00000203ab00ecd0 Exception <a 'java/lang/IncompatibleClassChangeError'{0x00000000eca4f7e8}: Found class java.lang.Object, but interface was expected> (0x00000000eca4f7e8) 
thrown [s\src\hotspot\share\interpreter\linkResolver.cpp, line 840]
Event: 49.641 Thread 0x00000203ab00ecd0 Exception <a 'java/lang/IncompatibleClassChangeError'{0x00000000ec900210}: Found class java.lang.Object, but interface was expected> (0x00000000ec900210) 
thrown [s\src\hotspot\share\interpreter\linkResolver.cpp, line 840]

ZGC Phase Switch (0 events):
No events

VM Operations (20 events):
Event: 48.881 Executing VM operation: Cleanup done
Event: 49.918 Executing VM operation: Cleanup
Event: 49.918 Executing VM operation: Cleanup done
Event: 51.924 Executing VM operation: Cleanup
Event: 51.924 Executing VM operation: Cleanup done
Event: 54.970 Executing VM operation: Cleanup
Event: 54.970 Executing VM operation: Cleanup done
Event: 60.007 Executing VM operation: Cleanup
Event: 60.007 Executing VM operation: Cleanup done
Event: 60.059 Executing VM operation: HandshakeAllThreads (HandshakeForDeflation)
Event: 60.059 Executing VM operation: HandshakeAllThreads (HandshakeForDeflation) done
Event: 60.059 Executing VM operation: RendezvousGCThreads
Event: 60.059 Executing VM operation: RendezvousGCThreads done
Event: 61.067 Executing VM operation: Cleanup
Event: 61.067 Executing VM operation: Cleanup done
Event: 63.082 Executing VM operation: Cleanup
Event: 63.082 Executing VM operation: Cleanup done
Event: 65.087 Executing VM operation: Cleanup
Event: 65.087 Executing VM operation: Cleanup done
Event: 66.096 Executing VM operation: Cleanup

Memory protections (0 events):
No events

Nmethod flushes (20 events):
Event: 46.996 Thread 0x00000203fefa0700 flushing  nmethod 0x000002038035aa10
Event: 46.996 Thread 0x00000203fefa0700 flushing  nmethod 0x0000020380364610
Event: 46.996 Thread 0x00000203fefa0700 flushing  nmethod 0x0000020380364f10
Event: 46.996 Thread 0x00000203fefa0700 flushing  nmethod 0x00000203804cc710
Event: 46.996 Thread 0x00000203fefa0700 flushing  nmethod 0x00000203804cdb90
Event: 46.996 Thread 0x00000203fefa0700 flushing  nmethod 0x000002038072f390
Event: 46.996 Thread 0x00000203fefa0700 flushing  nmethod 0x000002038072fe90
Event: 46.996 Thread 0x00000203fefa0700 flushing  nmethod 0x0000020380730390
Event: 46.996 Thread 0x00000203fefa0700 flushing  nmethod 0x0000020380730a10
Event: 46.996 Thread 0x00000203fefa0700 flushing  nmethod 0x0000020380732990
Event: 46.996 Thread 0x00000203fefa0700 flushing  nmethod 0x0000020380740210
Event: 46.996 Thread 0x00000203fefa0700 flushing  nmethod 0x0000020380740590
Event: 46.996 Thread 0x00000203fefa0700 flushing  nmethod 0x000002038079cc10
Event: 46.996 Thread 0x00000203fefa0700 flushing  nmethod 0x000002038079d310
Event: 46.996 Thread 0x00000203fefa0700 flushing  nmethod 0x000002038079d790
Event: 46.996 Thread 0x00000203fefa0700 flushing  nmethod 0x000002038079df10
Event: 46.996 Thread 0x00000203fefa0700 flushing  nmethod 0x00000203807a4410
Event: 46.996 Thread 0x00000203fefa0700 flushing  nmethod 0x00000203807c0a10
Event: 46.996 Thread 0x00000203fefa0700 flushing  nmethod 0x00000203807e2e10
Event: 46.996 Thread 0x00000203fefa0700 flushing  nmethod 0x00000203807e4410

Events (20 events):
Event: 49.650 Thread 0x00000203aa2ba860 Thread exited: 0x00000203aa2ba860
Event: 49.650 Thread 0x00000203ad452830 Thread exited: 0x00000203ad452830
Event: 49.650 Thread 0x00000203aaace930 Thread exited: 0x00000203aaace930
Event: 49.650 Thread 0x00000203aaac79a0 Thread exited: 0x00000203aaac79a0
Event: 49.650 Thread 0x00000203aa2b7a70 Thread exited: 0x00000203aa2b7a70
Event: 49.650 Thread 0x00000203aaacdc10 Thread exited: 0x00000203aaacdc10
Event: 49.650 Thread 0x00000203aa2b6d50 Thread exited: 0x00000203aa2b6d50
Event: 49.650 Thread 0x00000203ad4500d0 Thread exited: 0x00000203ad4500d0
Event: 49.650 Thread 0x00000203acb2c0c0 Thread exited: 0x00000203acb2c0c0
Event: 49.666 Thread 0x00000203aa77e0d0 Thread exited: 0x00000203aa77e0d0
Event: 49.666 Thread 0x00000203aa77fb10 Thread exited: 0x00000203aa77fb10
Event: 49.666 Thread 0x00000203ac38fce0 Thread exited: 0x00000203ac38fce0
Event: 49.681 Thread 0x00000203aa7801a0 Thread exited: 0x00000203aa7801a0
Event: 49.689 Thread 0x00000203aa3a5f30 Thread added: 0x00000203ac392ad0
Event: 49.690 Thread 0x00000203ab00e670 Thread exited: 0x00000203ab00e670
Event: 49.692 Thread 0x00000203aa2b5030 Thread exited: 0x00000203aa2b5030
Event: 49.808 Thread 0x00000203ff5aded0 Thread exited: 0x00000203ff5aded0
Event: 62.223 Thread 0x00000203aa3a5f30 Thread added: 0x00000203ac38fce0
Event: 65.071 Thread 0x00000203aa3a5f30 Thread added: 0x00000203ac391db0
Event: 65.210 Thread 0x00000203ab00ecd0 Thread added: 0x00000203ac391720


Dynamic libraries:
0x00007ff7cc130000 - 0x00007ff7cc13e000 	C:\Users\DELL\.jdks\ms-21.0.8\bin\java.exe
0x00007fff77040000 - 0x00007fff772a7000 	C:\WINDOWS\SYSTEM32\ntdll.dll
0x00007fff750a0000 - 0x00007fff75169000 	C:\WINDOWS\System32\KERNEL32.DLL
0x00007fff744f0000 - 0x00007fff748e7000 	C:\WINDOWS\System32\KERNELBASE.dll
0x00007fff73b30000 - 0x00007fff73c7b000 	C:\WINDOWS\System32\ucrtbase.dll
0x00007fff59980000 - 0x00007fff5999e000 	C:\Users\DELL\.jdks\ms-21.0.8\bin\VCRUNTIME140.dll
0x00007fff5fc30000 - 0x00007fff5fc48000 	C:\Users\DELL\.jdks\ms-21.0.8\bin\jli.dll
0x00007fff76610000 - 0x00007fff767d6000 	C:\WINDOWS\System32\USER32.dll
0x00007fff73b00000 - 0x00007fff73b27000 	C:\WINDOWS\System32\win32u.dll
0x00007fff59e90000 - 0x00007fff5a122000 	C:\WINDOWS\WinSxS\amd64_microsoft.windows.common-controls_6595b64144ccf1df_6.0.26100.8457_none_3e0b2faee331e92d\COMCTL32.dll
0x00007fff76ca0000 - 0x00007fff76ccb000 	C:\WINDOWS\System32\GDI32.dll
0x00007fff76860000 - 0x00007fff76909000 	C:\WINDOWS\System32\msvcrt.dll
0x00007fff74bd0000 - 0x00007fff74cfc000 	C:\WINDOWS\System32\gdi32full.dll
0x00007fff748f0000 - 0x00007fff74993000 	C:\WINDOWS\System32\msvcp_win.dll
0x00007fff751f0000 - 0x00007fff75222000 	C:\WINDOWS\System32\IMM32.DLL
0x00007fff60210000 - 0x00007fff6021c000 	C:\Users\DELL\.jdks\ms-21.0.8\bin\vcruntime140_1.dll
0x00007fff58390000 - 0x00007fff58419000 	C:\Users\DELL\.jdks\ms-21.0.8\bin\msvcp140.dll
0x00007ffe9ff50000 - 0x00007ffea0cfc000 	C:\Users\DELL\.jdks\ms-21.0.8\bin\server\jvm.dll
0x00007fff75340000 - 0x00007fff753f6000 	C:\WINDOWS\System32\ADVAPI32.dll
0x00007fff76d60000 - 0x00007fff76e07000 	C:\WINDOWS\System32\sechost.dll
0x00007fff75940000 - 0x00007fff75a58000 	C:\WINDOWS\System32\RPCRT4.dll
0x00007fff76cd0000 - 0x00007fff76d50000 	C:\WINDOWS\System32\WS2_32.dll
0x00007fff738d0000 - 0x00007fff7392e000 	C:\WINDOWS\SYSTEM32\POWRPROF.dll
0x00007fff6afa0000 - 0x00007fff6afd6000 	C:\WINDOWS\SYSTEM32\WINMM.dll
0x00007fff5a910000 - 0x00007fff5a91b000 	C:\WINDOWS\SYSTEM32\VERSION.dll
0x00007fff738b0000 - 0x00007fff738c4000 	C:\WINDOWS\SYSTEM32\UMPDC.dll
0x00007fff72800000 - 0x00007fff7281b000 	C:\WINDOWS\SYSTEM32\kernel.appcore.dll
0x00007fff5fc20000 - 0x00007fff5fc2a000 	C:\Users\DELL\.jdks\ms-21.0.8\bin\jimage.dll
0x00007fff71ae0000 - 0x00007fff71d22000 	C:\WINDOWS\SYSTEM32\DBGHELP.DLL
0x00007fff76910000 - 0x00007fff76c93000 	C:\WINDOWS\System32\combase.dll
0x00007fff75a60000 - 0x00007fff75b39000 	C:\WINDOWS\System32\OLEAUT32.dll
0x00007fff52500000 - 0x00007fff5253b000 	C:\WINDOWS\SYSTEM32\dbgcore.DLL
0x00007fff749a0000 - 0x00007fff74a48000 	C:\WINDOWS\System32\bcryptPrimitives.dll
0x00007fff5fbc0000 - 0x00007fff5fbd0000 	C:\Users\DELL\.jdks\ms-21.0.8\bin\instrument.dll
0x00007fff59950000 - 0x00007fff59971000 	C:\Users\DELL\.jdks\ms-21.0.8\bin\java.dll
0x00007fff75c90000 - 0x00007fff763fe000 	C:\WINDOWS\System32\SHELL32.dll
0x00007fff73c80000 - 0x00007fff744ec000 	C:\WINDOWS\System32\windows.storage.dll
0x00007fff75230000 - 0x00007fff75326000 	C:\WINDOWS\System32\SHCORE.dll
0x00007fff75400000 - 0x00007fff75466000 	C:\WINDOWS\System32\shlwapi.dll
0x00007fff73990000 - 0x00007fff739b9000 	C:\WINDOWS\SYSTEM32\profapi.dll
0x00007fff49ba0000 - 0x00007fff49c76000 	C:\Users\DELL\.jdks\ms-21.0.8\bin\jsvml.dll
0x00007fff59930000 - 0x00007fff59948000 	C:\Users\DELL\.jdks\ms-21.0.8\bin\zip.dll
0x00007fff49ac0000 - 0x00007fff49ad1000 	C:\Users\DELL\.jdks\ms-21.0.8\bin\net.dll
0x00007fff6a5a0000 - 0x00007fff6a6c9000 	C:\WINDOWS\SYSTEM32\WINHTTP.dll
0x00007fff72d70000 - 0x00007fff72ddc000 	C:\WINDOWS\system32\mswsock.dll
0x00007fff47db0000 - 0x00007fff47dc6000 	C:\Users\DELL\.jdks\ms-21.0.8\bin\nio.dll
0x00007fff59900000 - 0x00007fff59910000 	C:\Users\DELL\.jdks\ms-21.0.8\bin\verify.dll
0x00007fff60220000 - 0x00007fff60247000 	C:\Users\DELL\.gradle\native\c067742578af261105cb4f569cf0c3c89f3d7b1fecec35dd04571415982c5e48\windows-amd64\native-platform.dll
0x00007fff47c60000 - 0x00007fff47da4000 	C:\Users\DELL\.gradle\native\100fb08df4bc3b14c8652ba06237920a3bd2aa13389f12d3474272988ae205f9\windows-amd64\native-platform-file-events.dll
0x00007fff58e40000 - 0x00007fff58e4a000 	C:\Users\DELL\.jdks\ms-21.0.8\bin\management.dll
0x00007fff58380000 - 0x00007fff5838c000 	C:\Users\DELL\.jdks\ms-21.0.8\bin\management_ext.dll
0x00007fff76e10000 - 0x00007fff76e18000 	C:\WINDOWS\System32\PSAPI.DLL
0x00007fff73050000 - 0x00007fff7306b000 	C:\WINDOWS\SYSTEM32\CRYPTSP.dll
0x00007fff72760000 - 0x00007fff72799000 	C:\WINDOWS\system32\rsaenh.dll
0x00007fff72e20000 - 0x00007fff72e53000 	C:\WINDOWS\SYSTEM32\USERENV.dll
0x00007fff73960000 - 0x00007fff7398a000 	C:\WINDOWS\SYSTEM32\bcrypt.dll
0x00007fff73070000 - 0x00007fff7307c000 	C:\WINDOWS\SYSTEM32\CRYPTBASE.dll
0x00007fff722c0000 - 0x00007fff722f2000 	C:\WINDOWS\SYSTEM32\IPHLPAPI.DLL
0x00007fff75470000 - 0x00007fff7547a000 	C:\WINDOWS\System32\NSI.dll
0x00007fff58350000 - 0x00007fff58359000 	C:\Users\DELL\.jdks\ms-21.0.8\bin\extnet.dll
0x00007fff49b90000 - 0x00007fff49b9e000 	C:\Users\DELL\.jdks\ms-21.0.8\bin\sunmscapi.dll
0x00007fff74a50000 - 0x00007fff74bc8000 	C:\WINDOWS\System32\CRYPT32.dll
0x00007fff73270000 - 0x00007fff732a0000 	C:\WINDOWS\SYSTEM32\ncrypt.dll
0x00007fff73220000 - 0x00007fff7325f000 	C:\WINDOWS\SYSTEM32\NTASN1.dll
0x00007fff5fbb0000 - 0x00007fff5fbb8000 	C:\WINDOWS\system32\wshunix.dll

JVMTI agents:
C:\Users\DELL\.gradle\wrapper\dists\gradle-8.8-bin\dl7vupf4psengwqhwktix4v1\gradle-8.8\lib\agents\gradle-instrumentation-agent-8.8.jar path:C:\Users\DELL\.jdks\ms-21.0.8\bin\instrument.dll, loaded, initialized, instrumentlib options:none

dbghelp: loaded successfully - version: 4.0.5 - missing functions: none
symbol engine: initialized successfully - sym options: 0x614 - pdb path: .;C:\Users\DELL\.jdks\ms-21.0.8\bin;C:\WINDOWS\SYSTEM32;C:\WINDOWS\WinSxS\amd64_microsoft.windows.common-controls_6595b64144ccf1df_6.0.26100.8457_none_3e0b2faee331e92d;C:\Users\DELL\.jdks\ms-21.0.8\bin\server;C:\Users\DELL\.gradle\native\c067742578af261105cb4f569cf0c3c89f3d7b1fecec35dd04571415982c5e48\windows-amd64;C:\Users\DELL\.gradle\native\100fb08df4bc3b14c8652ba06237920a3bd2aa13389f12d3474272988ae205f9\windows-amd64

VM Arguments:
jvm_args: --add-opens=java.base/java.util=ALL-UNNAMED --add-opens=java.base/java.lang=ALL-UNNAMED --add-opens=java.base/java.lang.invoke=ALL-UNNAMED --add-opens=java.prefs/java.util.prefs=ALL-UNNAMED --add-opens=java.base/java.nio.charset=ALL-UNNAMED --add-opens=java.base/java.net=ALL-UNNAMED --add-opens=java.base/java.util.concurrent.atomic=ALL-UNNAMED -XX:MaxMetaspaceSize=384m -XX:+HeapDumpOnOutOfMemoryError -Xms256m -Xmx512m -Dfile.encoding=UTF-8 -Duser.country -Duser.language=en -Duser.variant -javaagent:C:\Users\DELL\.gradle\wrapper\dists\gradle-8.8-bin\dl7vupf4psengwqhwktix4v1\gradle-8.8\lib\agents\gradle-instrumentation-agent-8.8.jar 
java_command: org.gradle.launcher.daemon.bootstrap.GradleDaemon 8.8
java_class_path (initial): C:\Users\DELL\.gradle\wrapper\dists\gradle-8.8-bin\dl7vupf4psengwqhwktix4v1\gradle-8.8\lib\gradle-launcher-8.8.jar
Launcher Type: SUN_STANDARD

[Global flags]
     intx CICompilerCount                          = 4                                         {product} {ergonomic}
   size_t CompressedClassSpaceSize                 = 335544320                                 {product} {ergonomic}
     uint ConcGCThreads                            = 3                                         {product} {ergonomic}
     uint G1ConcRefinementThreads                  = 10                                        {product} {ergonomic}
   size_t G1HeapRegionSize                         = 1048576                                   {product} {ergonomic}
    uintx GCDrainStackTargetSize                   = 64                                        {product} {ergonomic}
     bool HeapDumpOnOutOfMemoryError               = true                                   {manageable} {command line}
   size_t InitialHeapSize                          = 268435456                                 {product} {command line}
   size_t MarkStackSize                            = 4194304                                   {product} {ergonomic}
   size_t MaxHeapSize                              = 536870912                                 {product} {command line}
   size_t MaxMetaspaceSize                         = 402653184                                 {product} {command line}
   size_t MaxNewSize                               = 321912832                                 {product} {ergonomic}
   size_t MinHeapDeltaBytes                        = 1048576                                   {product} {ergonomic}
   size_t MinHeapSize                              = 268435456                                 {product} {command line}
    uintx NonNMethodCodeHeapSize                   = 5839372                                {pd product} {ergonomic}
    uintx NonProfiledCodeHeapSize                  = 122909434                              {pd product} {ergonomic}
    uintx ProfiledCodeHeapSize                     = 122909434                              {pd product} {ergonomic}
    uintx ReservedCodeCacheSize                    = 251658240                              {pd product} {ergonomic}
     bool SegmentedCodeCache                       = true                                      {product} {ergonomic}
   size_t SoftMaxHeapSize                          = 536870912                              {manageable} {ergonomic}
     bool UseCompressedOops                        = true                           {product lp64_product} {ergonomic}
     bool UseG1GC                                  = true                                      {product} {ergonomic}
     bool UseLargePagesIndividualAllocation        = false                                  {pd product} {ergonomic}

Logging:
Log output configuration:
 #0: stdout all=warning uptime,level,tags foldmultilines=false
 #1: stderr all=off uptime,level,tags foldmultilines=false

Environment Variables:
PATH=C:\WINDOWS\system32;C:\WINDOWS;C:\WINDOWS\System32\Wbem;C:\WINDOWS\System32\WindowsPowerShell\v1.0\;C:\WINDOWS\System32\OpenSSH\;C:\Program Files\dotnet\;C:\Program Files\Git\cmd;D:\;C:\Program Files\MySQL\MySQL Shell 8.0\bin\;C:\Users\DELL\AppData\Local\Microsoft\WindowsApps;C:\Users\DELL\AppData\Local\Programs\Microsoft VS Code\bin;;C:\Users\DELL\.local\bin;C:\Users\DELL\AppData\Roaming\npm
USERNAME=DELL
OS=Windows_NT
PROCESSOR_IDENTIFIER=Intel64 Family 6 Model 186 Stepping 3, GenuineIntel
TMP=C:\Users\DELL\AppData\Local\Temp
TEMP=C:\Users\DELL\AppData\Local\Temp




Periodic native trim disabled

---------------  S Y S T E M  ---------------

OS:
 Windows 11 , 64 bit Build 26100 (10.0.26100.8328)
OS uptime: 0 days 0:14 hours

CPU: total 12 (initial active 12) (6 cores per cpu, 2 threads per core) family 6 model 186 stepping 3 microcode 0x6134, cx8, cmov, fxsr, ht, mmx, 3dnowpref, sse, sse2, sse3, ssse3, sse4.1, sse4.2, popcnt, lzcnt, tsc, tscinvbit, avx, avx2, aes, erms, clmul, bmi1, bmi2, adx, sha, fma, vzeroupper, clflush, clflushopt, clwb, serialize, rdtscp, rdpid, fsrm, f16c, pku, cet_ibt, cet_ss
Processor Information for processor 0
  Max Mhz: 1700, Current Mhz: 1700, Mhz Limit: 1700
Processor Information for processor 1
  Max Mhz: 1700, Current Mhz: 1700, Mhz Limit: 1700
Processor Information for processor 2
  Max Mhz: 1700, Current Mhz: 1700, Mhz Limit: 1700
Processor Information for processor 3
  Max Mhz: 1700, Current Mhz: 1700, Mhz Limit: 1700
Processor Information for processor 4
  Max Mhz: 1700, Current Mhz: 1558, Mhz Limit: 1700
Processor Information for processor 5
  Max Mhz: 1700, Current Mhz: 1558, Mhz Limit: 1700
Processor Information for processor 6
  Max Mhz: 1700, Current Mhz: 1700, Mhz Limit: 1700
Processor Information for processor 7
  Max Mhz: 1700, Current Mhz: 1558, Mhz Limit: 1700
Processor Information for processor 8
  Max Mhz: 1700, Current Mhz: 1700, Mhz Limit: 1700
Processor Information for processor 9
  Max Mhz: 1700, Current Mhz: 1558, Mhz Limit: 1700
Processor Information for processor 10
  Max Mhz: 1700, Current Mhz: 1700, Mhz Limit: 1700
Processor Information for processor 11
  Max Mhz: 1700, Current Mhz: 1700, Mhz Limit: 1700

Memory: 4k page, system-wide physical 16068M (1020M free)
TotalPageFile size 18972M (AvailPageFile size 230M)
current process WorkingSet (physical memory assigned to process): 413M, peak: 448M
current process commit charge ("private bytes"): 493M, peak: 530M

vm_info: OpenJDK 64-Bit Server VM (21.0.8+9-LTS) for windows-amd64 JRE (21.0.8+9-LTS), built on 2025-07-10T20:22:44Z by "MicrosoftCorporation" with unknown MS VC++:1944

END.
